# kkk2_build_two lane=sym_cangjie_runtime_494_implement_r5655389950 head=674ede942fc5dad4b173aa9216c7de9f2a6a6a7b dirty_files=69 source_sha256=7e1c541ec6f09162…
default-configure.log:462:/root/sym_cangjie_runtime_494_implement_r5655389950/default/runtime/src/CJThread/../../src/Heap/Allocator/RegionInfo.h:64:41: error: out-of-line definition of 'PageOwnerMismatchFirstPaints' does
default-configure.log:465:/root/sym_cangjie_runtime_494_implement_r5655389950/default/runtime/src/CJThread/../../src/Heap/Allocator/RegionInfo.h:64:41: error: out-of-line definition of 'PageOwnerMismatchFirstPaints' does
default-configure.log:468:/root/sym_cangjie_runtime_494_implement_r5655389950/default/runtime/src/CJThread/../../src/Heap/Allocator/RegionInfo.h:64:41: error: out-of-line definition of 'PageOwnerMismatchFirstPaints' does
-- SO (default):
f18a1393f84d56a455c71c0c28bf1752c1778af06c0648c1b7cffa91c585c883  build/runtime-staging/lib/x86_64_Release/libboundscheck.so
== testable configure_rc=0 build_rc=2 wall=46s
-- first errors (testable):
testable-build.log:390:clang: error: linker command failed with exit code 1 (use -v to see invocation)
testable-build.log:769:/root/sym_cangjie_runtime_494_implement_r5655389950/testable/runtime/src/Heap/Allocator/RegionInfo.h:48:1: error: version control conflict marker in file
testable-build.log:787:/root/sym_cangjie_runtime_494_implement_r5655389950/testable/runtime/src/Heap/Allocator/RegionInfo.h:49:25: error: out-of-line definition of 'PageOwnerVerifyCountOnly' does not match any declaratio
testable-build.log:790:/root/sym_cangjie_runtime_494_implement_r5655389950/testable/runtime/src/Heap/Allocator/RegionInfo.h:58:41: error: out-of-line definition of 'PageOwnerMismatchAttempts' does not match any declarati
testable-build.log:825:/root/sym_cangjie_runtime_494_implement_r5655389950/testable/runtime/src/Heap/Allocator/RegionInfo.h:64:41: error: out-of-line definition of 'PageOwnerMismatchFirstPaints' does not match any declar
testable-build.log:843:/root/sym_cangjie_runtime_494_implement_r5655389950/testable/runtime/src/Heap/Allocator/RegionInfo.h:70:25: error: out-of-line definition of 'ReportPageOwnerVerifyCounts' does not match any declara
testable-build.log:873:/root/sym_cangjie_runtime_494_implement_r5655389950/testable/runtime/src/Heap/Allocator/RegionInfo.h:79:25: error: out-of-line definition of 'EnsurePageOwnerVerifyAtexit' does not match any declara
testable-build.log:876:/root/sym_cangjie_runtime_494_implement_r5655389950/testable/runtime/src/Heap/Allocator/RegionInfo.h:82:32: error: 'this' cannot be implicitly captured in this context
testable-build.log:884::In file included from  /root/sym_cangjie_runtime_494_implement_r5655389950/testable/runtime/src/Heap/z/zPage.hpperror: :out-of-line definition of 'NotePageOwnerFirstPaint' does not match any decla
testable-build.log:912:/root/sym_cangjie_runtime_494_implement_r5655389950/testable/runtime/src/Heap/Allocator/RegionInfo.h:96:25: error: out-of-line definition of 'ReportMarkEpochCounts' does not match any declaration i
testable-build.log:915:/root/sym_cangjie_runtime_494_implement_r5655389950/testable/runtime/src/Heap/Allocator/RegionInfo.h:98:30: error: use of undeclared identifier 'markEpochStaleReadCount'
testable-build.log:947:/root/sym_cangjie_runtime_494_implement_r5655389950/testable/runtime/src/Heap/Allocator/RegionInfo.h:104:25: error: out-of-line definition of 'EnsureMarkEpochAtexit' does not match any declaration 
testable-build.log:1000:/root/sym_cangjie_runtime_494_implement_r5655389950/testable/runtime/src/Heap/Allocator/RegionInfo.h:107:13: error: use of undeclared identifier 'markEpochAtexitInstalled'; did you mean 'ikeAtexit
testable-build.log:1010:/root/sym_cangjie_runtime_494_implement_r5655389950/testable/runtime/src/Heap/Allocator/RegionInfo.h:108:32: error: 'this' cannot be implicitly captured in this context
testable-build.log:1038:/root/sym_cangjie_runtime_494_implement_r5655389950/testable/runtime/src/Heap/Allocator/RegionInfo.h:114:50: error: out-of-line definition of 'ReportTypeInfoInHeap' does not match any declaration 
testable-build.log:1086:/root/sym_cangjie_runtime_494_implement_r5655389950/testable/runtime/src/Heap/Allocator/RegionInfo.h:117:20: error: use of undeclared identifier 'tipInHeapHits'
testable-build.log:1247:/root/sym_cangjie_runtime_494_implement_r5655389950/testable/runtime/src/Heap/Allocator/RegionInfo.h:48:1: error: version control conflict marker in file
testable-build.log:1315:/root/sym_cangjie_runtime_494_implement_r5655389950/testable/runtime/src/Heap/Allocator/RegionInfo.h:48:1: error:         int n = vsnprintf(buf, sizeof(buf), format, args);version control conflict
testable-build.log:1320:/root/sym_cangjie_runtime_494_implement_r5655389950/testable/runtime/src/Heap/Allocator/RegionInfo.h:49:25: error: out-of-line definition of 'PageOwnerVerifyCountOnly' does not match any declarati
testable-build.log:1348:/root/sym_cangjie_runtime_494_implement_r5655389950/testable/runtime/src/Base/GcLog.h In file included from :error: /root/sym_cangjie_runtime_494_implement_r5655389950/testable/runtime/src/Base/Pa
testable-build.log:1373:/root/sym_cangjie_runtime_494_implement_r5655389950/testable/runtime/src/Heap/Allocator/RegionInfo.h:48:1: error: version control conflict marker in file
testable-build.log:1394:/root/sym_cangjie_runtime_494_implement_r5655389950/testable/runtime/src/Heap/Allocator/RegionInfo.h:49:25: error: out-of-line definition of 'PageOwnerVerifyCountOnly' does not match any declarati
testable-build.log:1397:/root/sym_cangjie_runtime_494_implement_r5655389950/testable/runtime/src/Heap/Allocator/RegionInfo.h:49:25: error: out-of-line definition of 'PageOwnerVerifyCountOnly' does not match any declarati
testable-build.log:1418:/root/sym_cangjie_runtime_494_implement_r5655389950/testable/runtime/src/Heap/Allocator/RegionInfo.h:58:41: error: out-of-line definition of 'PageOwnerMismatchAttempts' does not match any declarat
testable-build.log:1421:/root/sym_cangjie_runtime_494_implement_r5655389950/testable/runtime/src/Heap/Allocator/RegionInfo.h:49:25: error: out-of-line definition of 'PageOwnerVerifyCountOnly' does not match any declarati
testable-configure.log:335:/root/sym_cangjie_runtime_494_implement_r5655389950/testable/runtime/src/CJThread/../../src/Heap/Allocator/RegionInfo.h:48:1: error: version control conflict marker in file
testable-configure.log:348:/root/sym_cangjie_runtime_494_implement_r5655389950/testable/runtime/src/CJThread/../../src/Heap/Allocator/RegionInfo.h:48:1: error: version control conflict marker in file
testable-configure.log:361:/root/sym_cangjie_runtime_494_implement_r5655389950/testable/runtime/src/CJThread/../../src/Heap/Allocator/RegionInfo.h:48:1: error: version control conflict marker in file
testable-configure.log:374:/root/sym_cangjie_runtime_494_implement_r5655389950/testable/runtime/src/CJThread/../../src/Heap/Allocator/RegionInfo.h:48:1: error: version control conflict marker in file
testable-configure.log:387:/root/sym_cangjie_runtime_494_implement_r5655389950/testable/runtime/src/CJThread/../../src/Heap/Allocator/RegionInfo.h:48:1: error: version control conflict marker in file
testable-configure.log:401:/root/sym_cangjie_runtime_494_implement_r5655389950/testable/runtime/src/CJThread/../../src/Heap/Allocator/RegionInfo.h:48:1: error: version control conflict marker in file
testable-configure.log:404:/root/sym_cangjie_runtime_494_implement_r5655389950/testable/runtime/src/CJThread/../../src/Heap/Allocator/RegionInfo.h:49:25: error: out-of-line definition of 'PageOwnerVerifyCountOnly' does n
testable-configure.log:407:/root/sym_cangjie_runtime_494_implement_r5655389950/testable/runtime/src/CJThread/../../src/Heap/Allocator/RegionInfo.h:49:25: error: out-of-line definition of 'PageOwnerVerifyCountOnly' does n
testable-configure.log:410:/root/sym_cangjie_runtime_494_implement_r5655389950/testable/runtime/src/CJThread/../../src/Heap/Allocator/RegionInfo.h:49:25: error: out-of-line definition of 'PageOwnerVerifyCountOnly' does n
testable-configure.log:413:/root/sym_cangjie_runtime_494_implement_r5655389950/testable/runtime/src/CJThread/../../src/Heap/Allocator/RegionInfo.h:49:25: error: out-of-line definition of 'PageOwnerVerifyCountOnly' does n
testable-configure.log:416:/root/sym_cangjie_runtime_494_implement_r5655389950/testable/runtime/src/CJThread/../../src/Heap/Allocator/RegionInfo.h:49:25: error: out-of-line definition of 'PageOwnerVerifyCountOnly' does n
testable-configure.log:419:/root/sym_cangjie_runtime_494_implement_r5655389950/testable/runtime/src/CJThread/../../src/Heap/Allocator/RegionInfo.h:49:25: error: out-of-line definition of 'PageOwnerVerifyCountOnly' does n
testable-configure.log:422:/root/sym_cangjie_runtime_494_implement_r5655389950/testable/runtime/src/CJThread/../../src/Heap/Allocator/RegionInfo.h:58:41: error: out-of-line definition of 'PageOwnerMismatchAttempts' does 
testable-configure.log:425:/root/sym_cangjie_runtime_494_implement_r5655389950/testable/runtime/src/CJThread/../../src/Heap/Allocator/RegionInfo.h:58:41: error: out-of-line definition of 'PageOwnerMismatchAttempts' does 
testable-configure.log:428:/root/sym_cangjie_runtime_494_implement_r5655389950/testable/runtime/src/CJThread/../../src/Heap/Allocator/RegionInfo.h:58:41: error: out-of-line definition of 'PageOwnerMismatchAttempts' does 
testable-configure.log:431:/root/sym_cangjie_runtime_494_implement_r5655389950/testable/runtime/src/CJThread/../../src/Heap/Allocator/RegionInfo.h:58:41: error: out-of-line definition of 'PageOwnerMismatchAttempts' does 
testable-configure.log:434:/root/sym_cangjie_runtime_494_implement_r5655389950/testable/runtime/src/CJThread/../../src/Heap/Allocator/RegionInfo.h:58:41: error: out-of-line definition of 'PageOwnerMismatchAttempts' does 
testable-configure.log:437:/root/sym_cangjie_runtime_494_implement_r5655389950/testable/runtime/src/CJThread/../../src/Heap/Allocator/RegionInfo.h:58:41: error: out-of-line definition of 'PageOwnerMismatchAttempts' does 
testable-configure.log:440:/root/sym_cangjie_runtime_494_implement_r5655389950/testable/runtime/src/CJThread/../../src/Heap/Allocator/RegionInfo.h:64:41: error: out-of-line definition of 'PageOwnerMismatchFirstPaints' do
testable-configure.log:443:/root/sym_cangjie_runtime_494_implement_r5655389950/testable/runtime/src/CJThread/../../src/Heap/Allocator/RegionInfo.h:64:41: error: out-of-line definition of 'PageOwnerMismatchFirstPaints' do
testable-configure.log:446:/root/sym_cangjie_runtime_494_implement_r5655389950/testable/runtime/src/CJThread/../../src/Heap/Allocator/RegionInfo.h:64:41: error: out-of-line definition of 'PageOwnerMismatchFirstPaints' do
testable-configure.log:449:/root/sym_cangjie_runtime_494_implement_r5655389950/testable/runtime/src/CJThread/../../src/Heap/Allocator/RegionInfo.h:64:41: error: out-of-line definition of 'PageOwnerMismatchFirstPaints' do
testable-configure.log:452:/root/sym_cangjie_runtime_494_implement_r5655389950/testable/runtime/src/CJThread/../../src/Heap/Allocator/RegionInfo.h:64:41: error: out-of-line definition of 'PageOwnerMismatchFirstPaints' do
testable-configure.log:465:/root/sym_cangjie_runtime_494_implement_r5655389950/testable/runtime/src/CJThread/../../src/Heap/Allocator/RegionInfo.h:48:1: error: version control conflict marker in file
testable-configure.log:468:/root/sym_cangjie_runtime_494_implement_r5655389950/testable/runtime/src/CJThread/../../src/Heap/Allocator/RegionInfo.h:64:41: error: out-of-line definition of 'PageOwnerMismatchFirstPaints' do
-- SO (testable):
f18a1393f84d56a455c71c0c28bf1752c1778af06c0648c1b7cffa91c585c883  build/runtime-staging/lib/x86_64_Release/libboundscheck.so
-- logs: /root/sym_cangjie_runtime_494_implement_r5655389950/{default,testable}-{configure,build}.log
