# kkk2_build_two lane=sym_cangjie_runtime_494_implement_r5655389950 head=3c3216a7293b28690411a6283c7fd74076bdcd1b dirty_files=27 source_sha256=1e58402a88e234f4…
== default configure_rc=1 build_rc=NOT_RUN wall=7s
-- first errors (default):
default-configure.log:131:../../../../../runtime/src/Heap/z/zHeap.hpp:97:16: error: 'this' argument to member function 'GetCollector' has type 'const MapleRuntime::Heap', but function is not marked const
default-configure.log:181:../../../../../runtime/src/Heap/z/zHeap.hpp:97:16: error: 'this' argument to member function 'GetCollector' has type 'const MapleRuntime::Heap', but function is not marked const
default-configure.log:233:../../../../../runtime/src/Heap/z/zHeap.hpp:97:16: error: 'this' argument to member function 'GetCollector' has type 'const MapleRuntime::Heap', but function is not marked const
default-configure.log:283:../../../../../runtime/src/Heap/z/zHeap.hpp:97:16: error: 'this' argument to member function 'GetCollector' has type 'const MapleRuntime::Heap', but function is not marked const
default-configure.log:333:../../../../../runtime/src/Heap/z/zHeap.hpp:97:16: error: 'this' argument to member function 'GetCollector' has type 'const MapleRuntime::Heap', but function is not marked const
default-configure.log:383:../../../../../runtime/src/Heap/z/zHeap.hpp:97:16: error: 'this' argument to member function 'GetCollector' has type 'const MapleRuntime::Heap', but function is not marked const
default-configure.log:433:../../../../../runtime/src/Heap/z/zHeap.hpp:97:16: error: 'this' argument to member function 'GetCollector' has type 'const MapleRuntime::Heap', but function is not marked const
default-configure.log:550:  ../../../../../runtime/src/Heap/z/zHeap.hpp:97:16: error: 'this' argument
-- SO (default):
== testable configure_rc=1 build_rc=NOT_RUN wall=7s
-- first errors (testable):
testable-configure.log:129:../../../../../runtime/src/Heap/z/zHeap.hpp:97:16: error: 'this' argument to member function 'GetCollector' has type 'const MapleRuntime::Heap', but function is not marked const
testable-configure.log:180:../../../../../runtime/src/Heap/z/zHeap.hpp:97:16: error: 'this' argument to member function 'GetCollector' has type 'const MapleRuntime::Heap', but function is not marked const
testable-configure.log:233:../../../../../runtime/src/Heap/z/zHeap.hpp:97:16: error: 'this' argument to member function 'GetCollector' has type 'const MapleRuntime::Heap', but function is not marked const
testable-configure.log:283:../../../../../runtime/src/Heap/z/zHeap.hpp:97:16: error: 'this' argument to member function 'GetCollector' has type 'const MapleRuntime::Heap', but function is not marked const
testable-configure.log:333:../../../../../runtime/src/Heap/z/zHeap.hpp:97:16: error: 'this' argument to member function 'GetCollector' has type 'const MapleRuntime::Heap', but function is not marked const
testable-configure.log:383:../../../../../runtime/src/Heap/z/zHeap.hpp:97:16: error: 'this' argument to member function 'GetCollector' has type 'const MapleRuntime::Heap', but function is not marked const
testable-configure.log:433:../../../../../runtime/src/Heap/z/zHeap.hpp:97:16: error: 'this' argument to member function 'GetCollector' has type 'const MapleRuntime::Heap', but function is not marked const
testable-configure.log:550:  ../../../../../runtime/src/Heap/z/zHeap.hpp:97:16: error: 'this' argument
-- SO (testable):
-- logs: /root/sym_cangjie_runtime_494_implement_r5655389950/{default,testable}-{configure,build}.log
