[Thread debugging using libthread_db enabled]
Using host libthread_db library "/lib/x86_64-linux-gnu/libthread_db.so.1".
[  RUN   ] RuntimeWorkers.ActivePoolBeforeHarnessShutdown
[New Thread 0x7ffff73ff640 (LWP 3079173)]
[New Thread 0x7ffff6bfe640 (LWP 3079174)]
[New Thread 0x7ffff63fd640 (LWP 3079175)]
[New Thread 0x7ffff5b62640 (LWP 3079176)]
[New Thread 0x7ffff5361640 (LWP 3079177)]
[New Thread 0x7ffff5260640 (LWP 3079179)]
[New Thread 0x7ffff515f640 (LWP 3079180)]
[New Thread 0x7ffff505e640 (LWP 3079181)]
[New Thread 0x7ffff4f5d640 (LWP 3079182)]
[New Thread 0x7ffff4e5c640 (LWP 3079183)]
[New Thread 0x7ffff4d5b640 (LWP 3079184)]
[New Thread 0x7ffff4c5a640 (LWP 3079185)]
[New Thread 0x7ffff4b59640 (LWP 3079187)]
[New Thread 0x7ffff4a58640 (LWP 3079189)]
[New Thread 0x7ffff4957640 (LWP 3079190)]
[New Thread 0x7ffff4856640 (LWP 3079191)]
[New Thread 0x7ffff4755640 (LWP 3079192)]
[New Thread 0x7ffff4654640 (LWP 3079193)]
[New Thread 0x7ffff4553640 (LWP 3079194)]
[New Thread 0x7ffff4452640 (LWP 3079195)]
[New Thread 0x7ffff4351640 (LWP 3079196)]
[New Thread 0x7ffff4250640 (LWP 3079197)]
[New Thread 0x7ffff414f640 (LWP 3079199)]
[New Thread 0x7fff9ffff640 (LWP 3079200)]
RUNTIME_WORKERS_LIVE created=20 active=20
TEARDOWN_OBSERVE MapleRuntime::Heap::StopGCWork() workers=20 names=RuntimeWorker#0,RuntimeWorker#1,RuntimeWorker#1,RuntimeWorker#1,RuntimeWorker#1,RuntimeWorker#1,RuntimeWorker#1,RuntimeWorker#1,RuntimeWorker#1,RuntimeWorker#1,RuntimeWorker#1,RuntimeWorker#1,RuntimeWorker#2,RuntimeWorker#3,RuntimeWorker#4,RuntimeWorker#5,RuntimeWorker#6,RuntimeWorker#7,RuntimeWorker#8,RuntimeWorker#9
[Thread 0x7ffff63fd640 (LWP 3079175) exited]
[Thread 0x7ffff6bfe640 (LWP 3079174) exited]
[Thread 0x7ffff73ff640 (LWP 3079173) exited]
[Thread 0x7ffff4553640 (LWP 3079194) exited]
[Thread 0x7ffff4c5a640 (LWP 3079185) exited]
[Thread 0x7ffff4d5b640 (LWP 3079184) exited]
[Thread 0x7fff9ffff640 (LWP 3079200) exited]
[Thread 0x7ffff414f640 (LWP 3079199) exited]
[Thread 0x7ffff4250640 (LWP 3079197) exited]
[Thread 0x7ffff4351640 (LWP 3079196) exited]
[Thread 0x7ffff4452640 (LWP 3079195) exited]
[Thread 0x7ffff4654640 (LWP 3079193) exited]
[Thread 0x7ffff4755640 (LWP 3079192) exited]
[Thread 0x7ffff4856640 (LWP 3079191) exited]
[Thread 0x7ffff4957640 (LWP 3079190) exited]
[Thread 0x7ffff4a58640 (LWP 3079189) exited]
[Thread 0x7ffff4b59640 (LWP 3079187) exited]
[Thread 0x7ffff4e5c640 (LWP 3079183) exited]
[Thread 0x7ffff4f5d640 (LWP 3079182) exited]
[Thread 0x7ffff505e640 (LWP 3079181) exited]
[Thread 0x7ffff515f640 (LWP 3079180) exited]
[Thread 0x7ffff5260640 (LWP 3079179) exited]
[Thread 0x7ffff5361640 (LWP 3079177) exited]
[Thread 0x7ffff5b62640 (LWP 3079176) exited]
TEARDOWN_OBSERVE MapleRuntime::GcUnit::CompleteTestRun(int) workers=0 names=
GC_UNIT_OTHER_VM_OKIDOKI RuntimeWorkers.ActivePoolBeforeHarnessShutdown
[Inferior 1 (process 3078414) exited normally]
ASSERT_TEARDOWN_LIVE samples=1 PASS
ASSERT_TEARDOWN_BEFORE_SENTINEL samples=1 PASS
ASSERT_TEARDOWN_EXECUTED exits=[0] errors=[] PASS
