# kkk2_diff cand=736dd5e7f2f36a8eb53f8fb7156628af6441ccaa base=8cbac1ea8ef31dbaf5d49d3a1fe67300938ae74c 2026-09-20T07:41:00+08:00
# pinned runner sha256=4869bdf1370cd6f8f422e9274b69fb0505d69c0ece1b5f073ec3a898b2b13b08 path=kkk2:/root/diff_harness_708/4869bdf1370c/kkk2_managed.sh
# diff_8cbac1ea8ef3: 命中缓存
# diff_736dd5e7f2f3: 构建两构型…
== default configure_rc=0 build_rc=0 wall=12s
== testable configure_rc=0 build_rc=0 wall=11s
# diff_736dd5e7f2f3: 三臂+managed 并行…
366M
default rc=1 filler rc=1 testable rc=1 
# DIFF 736dd5e7f2f3 vs 8cbac1ea8ef3

runner_sha256=4869bdf1370cd6f8f422e9274b69fb0505d69c0ece1b5f073ec3a898b2b13b08 path=kkk2:/root/diff_harness_708/4869bdf1370c/kkk2_managed.sh
cand_runner_sha256=4869bdf1370cd6f8f422e9274b69fb0505d69c0ece1b5f073ec3a898b2b13b08 base_runner_sha256=4869bdf1370cd6f8f422e9274b69fb0505d69c0ece1b5f073ec3a898b2b13b08
CANGJIE_HOME=/root/sdkdepot/90a09c15ba02-fa13e8d5c17b
H48=/root/sym_cjcj_48_implement_r5685150408/host/runtime/lib/linux_x86_64_cjnative
stained=/root/diff_736dd5e7f2f3/default/build/runtime-staging/lib/x86_64_Release

## default: status=ran · cand rc=1 failed=65 · base rc=1 failed=60 · common=60 · CAND-ONLY=5 BASE-ONLY=0 · 阳性对照=sets differ
- CAND-ONLY ZForwardingRemembered.YoungPhaseOwnsPublication
- CAND-ONLY ZLiveMapPage.clone_for_promotion_keeps_original_livemap
- CAND-ONLY ZLiveMapTest.is_marked_reads_generation_seqnum_live
- CAND-ONLY ZPageGranule.MutatorAllocatesThreePageSizes
- CAND-ONLY ZVerify.RawNullRequiresAllocatingHolder
## filler: status=ran · cand rc=1 failed=65 · base rc=1 failed=60 · common=60 · CAND-ONLY=5 BASE-ONLY=0 · 阳性对照=sets differ
- CAND-ONLY ZForwardingRemembered.YoungPhaseOwnsPublication
- CAND-ONLY ZLiveMapPage.clone_for_promotion_keeps_original_livemap
- CAND-ONLY ZLiveMapTest.is_marked_reads_generation_seqnum_live
- CAND-ONLY ZPageGranule.MutatorAllocatesThreePageSizes
- CAND-ONLY ZVerify.RawNullRequiresAllocatingHolder
## testable: status=ran · cand rc=1 failed=133 · base rc=1 failed=101 · common=101 · CAND-ONLY=32 BASE-ONLY=0 · 阳性对照=sets differ
- CAND-ONLY MarkPort203Storage.YoungCollectionReturnsActualSegments
- CAND-ONLY MarkingStacksProduct.MajorForeignEntersFromDoGarbageCollection
- CAND-ONLY MarkingStacksProduct.MajorParallelEntersFromDoGarbageCollection
- CAND-ONLY MarkingStacksProduct.MajorSerialEntersFromDoGarbageCollection
- CAND-ONLY P1Mark.AllocatingAndRelocatablePolicyMatrix
- CAND-ONLY P1Mark.DuplicateAnyThreadStopsAtConsumer
- CAND-ONLY RootStorageLifetime.ReleaseAndGrowDuringYoungTask
- CAND-ONLY RootStorageSegments.Export
- CAND-ONLY RootStorageSegments.WeakFinalizer
- CAND-ONLY ThreadRootCurrent.SavedColorDirectInvisibleRoot
- CAND-ONLY ThreadRootCurrent.SavedColorDirectNativeFrameRoot
- CAND-ONLY ThreadRootCurrent.SavedColorInvisibleRoot
- CAND-ONLY ThreadRootCurrent.SavedColorNativeFrameRoot
- CAND-ONLY ValueRootCurrentization.MajorDriverPairsExportOwnersBeforeHandoff
- CAND-ONLY ValueRootCurrentization.MajorExportOwnersSharePremarkedCycle
- CAND-ONLY ValueRootCurrentization.MajorProducerConsumerCurrentizesBeforeMark
- CAND-ONLY YoungConc.LeftoverY2yAfterWorkerForcesContinue
- CAND-ONLY YoungConc.PauseMarkEndNeverRunsClosure
- CAND-ONLY YoungConc.SatbAfterWorkerTerminationUsesBoundedMarkEndContinue
# 产物: /root/cj_build/reports/DIFF-736dd5e7f2f3-vs-8cbac1ea8ef3.{json,md}  原始名单: /root/cj_build/agent_scratch/diffout/736dd5e7f2f3-vs-8cbac1ea8ef3/{cand,base}.txt  kkk2: /root/diff_736dd5e7f2f3 /root/diff_8cbac1ea8ef3
