# kkk2_diff cand=fa5b40578c731bd1eed3de3a102ec4576c9e7d1d base=8cbac1ea8ef31dbaf5d49d3a1fe67300938ae74c 2026-09-20T08:58:09+08:00
# pinned runner sha256=4869bdf1370cd6f8f422e9274b69fb0505d69c0ece1b5f073ec3a898b2b13b08 path=kkk2:/root/diff_harness_708/4869bdf1370c/kkk2_managed.sh
# diff_8cbac1ea8ef3: 命中缓存
# diff_fa5b40578c73: 构建两构型…
== default configure_rc=0 build_rc=0 wall=10s
== testable configure_rc=0 build_rc=0 wall=10s
# diff_fa5b40578c73: 三臂+managed 并行…
358M
default rc=1 filler rc=1 testable rc=1 
# DIFF fa5b40578c73 vs 8cbac1ea8ef3

runner_sha256=4869bdf1370cd6f8f422e9274b69fb0505d69c0ece1b5f073ec3a898b2b13b08 path=kkk2:/root/diff_harness_708/4869bdf1370c/kkk2_managed.sh
cand_runner_sha256=4869bdf1370cd6f8f422e9274b69fb0505d69c0ece1b5f073ec3a898b2b13b08 base_runner_sha256=4869bdf1370cd6f8f422e9274b69fb0505d69c0ece1b5f073ec3a898b2b13b08
CANGJIE_HOME=/root/sdkdepot/90a09c15ba02-fa13e8d5c17b
H48=/root/sym_cjcj_48_implement_r5685150408/host/runtime/lib/linux_x86_64_cjnative
stained=/root/diff_fa5b40578c73/default/build/runtime-staging/lib/x86_64_Release

## default: status=ran · cand rc=1 failed=63 · base rc=1 failed=60 · common=54 · CAND-ONLY=9 BASE-ONLY=6 · 阳性对照=sets differ
- CAND-ONLY PartialArray.BoundaryRefs
- CAND-ONLY PartialArray.EmptyAndSingle
- CAND-ONLY PartialArray.EncodeDecodeRoundtrip
- CAND-ONLY PartialArray.MultiChunk
- CAND-ONLY PartialArray.PageOffsetChunkRoundtrips
- CAND-ONLY PartialArray.ThresholdExact
- CAND-ONLY PartialArray.ThresholdMinusOne
- CAND-ONLY PartialArray.ThresholdPlusOne
- CAND-ONLY PartialArray.UnalignedStart
- base-only ForwardingPublicationProduct.CompactRequestReturnsReceiptBeforeFromClear
- base-only ForwardingPublicationProduct.PartialCompactSelfFallbackKeepsReceipt
- base-only LoadHealDeliveryProduct.DualCarrierProducerCapturesOldTopAndLivemap
- base-only SharedSmallPage.MigrationUsesCurrentCPU
- base-only SharedSmallPage.TLABAccountingOnlySmallEden
- base-only ZValue.shared_small_page_is_per_cpu_storage
## filler: status=ran · cand rc=1 failed=63 · base rc=1 failed=60 · common=54 · CAND-ONLY=9 BASE-ONLY=6 · 阳性对照=sets differ
- CAND-ONLY PartialArray.BoundaryRefs
- CAND-ONLY PartialArray.EmptyAndSingle
- CAND-ONLY PartialArray.EncodeDecodeRoundtrip
- CAND-ONLY PartialArray.MultiChunk
- CAND-ONLY PartialArray.PageOffsetChunkRoundtrips
- CAND-ONLY PartialArray.ThresholdExact
- CAND-ONLY PartialArray.ThresholdMinusOne
- CAND-ONLY PartialArray.ThresholdPlusOne
- CAND-ONLY PartialArray.UnalignedStart
- base-only ForwardingPublicationProduct.CompactRequestReturnsReceiptBeforeFromClear
- base-only ForwardingPublicationProduct.PartialCompactSelfFallbackKeepsReceipt
- base-only LoadHealDeliveryProduct.DualCarrierProducerCapturesOldTopAndLivemap
- base-only SharedSmallPage.MigrationUsesCurrentCPU
- base-only SharedSmallPage.TLABAccountingOnlySmallEden
- base-only ZValue.shared_small_page_is_per_cpu_storage
# 产物: /root/cj_build/reports/DIFF-fa5b40578c73-vs-8cbac1ea8ef3.{json,md}  原始名单: /root/cj_build/agent_scratch/diffout/fa5b40578c73-vs-8cbac1ea8ef3/{cand,base}.txt  kkk2: /root/diff_fa5b40578c73 /root/diff_8cbac1ea8ef3
