# kkk2_diff cand=c9e245a9723d62e1cefa0c7a737f69630847aef7 base=e77f8aab1ebf029e55e9b1b982d590d08bea46b7 2026-09-20T13:54:48+08:00
# pinned runner sha256=4869bdf1370cd6f8f422e9274b69fb0505d69c0ece1b5f073ec3a898b2b13b08 path=kkk2:/root/diff_harness_708/4869bdf1370c/kkk2_managed.sh
# diff_e77f8aab1ebf: 命中缓存
# diff_c9e245a9723d: 构建两构型…
== default configure_rc=0 build_rc=0 wall=12s
== testable configure_rc=0 build_rc=0 wall=12s
# diff_c9e245a9723d: 三臂+managed 并行…
365M
default rc=1 filler rc=1 testable rc=1 
# DIFF c9e245a9723d vs e77f8aab1ebf

runner_sha256=4869bdf1370cd6f8f422e9274b69fb0505d69c0ece1b5f073ec3a898b2b13b08 path=kkk2:/root/diff_harness_708/4869bdf1370c/kkk2_managed.sh
cand_runner_sha256=4869bdf1370cd6f8f422e9274b69fb0505d69c0ece1b5f073ec3a898b2b13b08 base_runner_sha256=4869bdf1370cd6f8f422e9274b69fb0505d69c0ece1b5f073ec3a898b2b13b08
CANGJIE_HOME=/root/sdkdepot/90a09c15ba02-fa13e8d5c17b
H48=/root/sym_cjcj_48_implement_r5685150408/host/runtime/lib/linux_x86_64_cjnative
stained=/root/diff_c9e245a9723d/default/build/runtime-staging/lib/x86_64_Release

## default: status=ran · cand rc=1 failed=49 · base rc=1 failed=49 · common=49 · CAND-ONLY=0 BASE-ONLY=0 · 阳性对照=identical sets
## filler: status=ran · cand rc=1 failed=49 · base rc=1 failed=49 · common=49 · CAND-ONLY=0 BASE-ONLY=0 · 阳性对照=identical sets
## testable: status=ran · cand rc=1 failed=78 · base rc=1 failed=78 · common=78 · CAND-ONLY=0 BASE-ONLY=0 · 阳性对照=identical sets
## managed: status=ran · cand rc=0 failed=0 · base rc=0 failed=0 · common=0 · CAND-ONLY=0 BASE-ONLY=0 · 阳性对照=both empty
# 产物: /root/cj_build/reports/DIFF-c9e245a9723d-vs-e77f8aab1ebf.{json,md}  原始名单: /root/cj_build/agent_scratch/diffout/c9e245a9723d-vs-e77f8aab1ebf/{cand,base}.txt  kkk2: /root/diff_c9e245a9723d /root/diff_e77f8aab1ebf
