# kkk2_diff cand=e9f1d3677b7861ebf6a2c303a8356f4a2ceadbd6 base=b6d62daa8f3557c8a9effbfa4709a4744e315497 2026-09-20T13:34:34+08:00
# pinned runner sha256=4869bdf1370cd6f8f422e9274b69fb0505d69c0ece1b5f073ec3a898b2b13b08 path=kkk2:/root/diff_harness_708/4869bdf1370c/kkk2_managed.sh
# diff_b6d62daa8f35: 命中缓存
# diff_e9f1d3677b78: 构建两构型…
== default configure_rc=0 build_rc=0 wall=11s
== testable configure_rc=0 build_rc=0 wall=11s
# diff_e9f1d3677b78: 三臂+managed 并行…
365M
default rc=1 filler rc=1 testable rc=1 
# DIFF e9f1d3677b78 vs b6d62daa8f35

runner_sha256=4869bdf1370cd6f8f422e9274b69fb0505d69c0ece1b5f073ec3a898b2b13b08 path=kkk2:/root/diff_harness_708/4869bdf1370c/kkk2_managed.sh
cand_runner_sha256=4869bdf1370cd6f8f422e9274b69fb0505d69c0ece1b5f073ec3a898b2b13b08 base_runner_sha256=4869bdf1370cd6f8f422e9274b69fb0505d69c0ece1b5f073ec3a898b2b13b08
CANGJIE_HOME=/root/sdkdepot/90a09c15ba02-fa13e8d5c17b
H48=/root/sym_cjcj_48_implement_r5685150408/host/runtime/lib/linux_x86_64_cjnative
stained=/root/diff_e9f1d3677b78/default/build/runtime-staging/lib/x86_64_Release

## default: status=ran · cand rc=1 failed=55 · base rc=1 failed=55 · common=55 · CAND-ONLY=0 BASE-ONLY=0 · 阳性对照=identical sets
## filler: status=ran · cand rc=1 failed=55 · base rc=1 failed=55 · common=55 · CAND-ONLY=0 BASE-ONLY=0 · 阳性对照=identical sets
## testable: status=ran · cand rc=1 failed=94 · base rc=1 failed=89 · common=89 · CAND-ONLY=5 BASE-ONLY=0 · 阳性对照=sets differ
- CAND-ONLY MarkingStacksProduct.MajorForeignEntersFromDoGarbageCollection
- CAND-ONLY MarkingStacksProduct.MajorParallelEntersFromDoGarbageCollection
- CAND-ONLY MarkingStacksProduct.MajorSerialEntersFromDoGarbageCollection
- CAND-ONLY ValueRootCurrentization.MajorDriverPairsExportOwnersBeforeHandoff
- CAND-ONLY YoungConc.PauseMarkEndNeverRunsClosure
## managed: status=ran · cand rc=0 failed=0 · base rc=0 failed=0 · common=0 · CAND-ONLY=0 BASE-ONLY=0 · 阳性对照=both empty
# 产物: /root/cj_build/reports/DIFF-e9f1d3677b78-vs-b6d62daa8f35.{json,md}  原始名单: /root/cj_build/agent_scratch/diffout/e9f1d3677b78-vs-b6d62daa8f35/{cand,base}.txt  kkk2: /root/diff_e9f1d3677b78 /root/diff_b6d62daa8f35
