ARM=green
RememberedLifecycle720.ConstructedGenerationPublishesHighestGranule.rc=0
RememberedLifecycle720.HeapPublicationReachesConstructedRemembered.rc=0
ZGeneration.StaticYoungOldAndId.rc=0
REMEMBERED720 highest=4398044413952 found=1 page_matches=1
REMEMBERED720 heap_publication_found=1
ARM=producer
RememberedLifecycle720.ConstructedGenerationPublishesHighestGranule.rc=0
RememberedLifecycle720.HeapPublicationReachesConstructedRemembered.rc=1
ZGeneration.StaticYoungOldAndId.rc=0
REMEMBERED720 highest=4398044413952 found=1 page_matches=1
REMEMBERED720 heap_publication_found=0
  sym_cangjie_runtime_720_implement_r5746103729/testable/runtime/tests/gc_unit/test_zGeneration.cpp:119: EXPECT failed: found
ARM=consumer
RememberedLifecycle720.ConstructedGenerationPublishesHighestGranule.rc=1
RememberedLifecycle720.HeapPublicationReachesConstructedRemembered.rc=1
ZGeneration.StaticYoungOldAndId.rc=0
REMEMBERED720 highest=4398044413952 found=0 page_matches=0
  sym_cangjie_runtime_720_implement_r5746103729/testable/runtime/tests/gc_unit/test_zGeneration.cpp:100: EXPECT failed: found && entry._page == &page
REMEMBERED720 heap_publication_found=0
  sym_cangjie_runtime_720_implement_r5746103729/testable/runtime/tests/gc_unit/test_zGeneration.cpp:119: EXPECT failed: found
ARM=injection
RememberedLifecycle720.ConstructedGenerationPublishesHighestGranule.rc=0
RememberedLifecycle720.HeapPublicationReachesConstructedRemembered.rc=134
ZGeneration.StaticYoungOldAndId.rc=0
REMEMBERED720 highest=4398044413952 found=1 page_matches=1
2026-09-20 07:44:54.517212 2527560 F Check failed: _page_table != nullptr
ARM=restored
RememberedLifecycle720.ConstructedGenerationPublishesHighestGranule.rc=0
RememberedLifecycle720.HeapPublicationReachesConstructedRemembered.rc=0
ZGeneration.StaticYoungOldAndId.rc=0
REMEMBERED720 highest=4398044413952 found=1 page_matches=1
REMEMBERED720 heap_publication_found=1
