PHASE=testable-green
2026-08-24T00:56:20+08:00
 00:56:20 up 33 days,  2:06,  1 user,  load average: 8.34, 4.13, 4.71
-- Using compiler cache: /usr/bin/ccache
-- install path: /root/cj_build/impl_relocation_receipt_queue5-mutant/src/runtime/output/cj
-- DOPRA_FLAG : 1
-- COV : 0
-- ASAN_FLAG : 0
-- HWASAN_FLAG : 0
-- OHOS_FLAG : 0
-- WINDOWS_FLAG : 0
-- ANDROID_FLAG : 0
-- MACOS_FLAG : 0
-- IOS_FLAG : 0
-- IOS_SIMULATOR_FLAG : 0
-- GLOBAL_EXPORT_FLAG : 1
-- ASAN_SUPPORT_FLAG : 0
-- TSAN_SUPPORT_FLAG : 0
-- HWASAN_SUPPORT_FLAG : 0
-- GWPASAN_SUPPORT_FLAG : 1
-- SANITIZER_SUPPORT_FLAG : 0
-- CMAKE_HOST_SYSTEM_PROCESSOR : x86_64
-- cmake_host_system_processor : x86_64
-- HOST_SYSTEM_NAME is not set. Use pre-installed clang.
-- Found LLVM
-- System: Linux
-- Host processor:x86_64
-- CMAKE_LIBRARY_OUTPUT_DIRECTORY: /root/cj_build/impl_relocation_receipt_queue5-mutant/src/runtime/output/temp/lib/x86_64_Release
-- CMAKE_ARCHIVE_OUTPUT_DIRECTORY: /root/cj_build/impl_relocation_receipt_queue5-mutant/src/runtime/output/temp/ar/x86_64_Release
-- CMAKE_RUNTIME_OUTPUT_DIRECTORY: /root/cj_build/impl_relocation_receipt_queue5-mutant/src/runtime/output/temp/bin/x86_64_Release
-- CMAKE_AR : /usr/bin/ar
-- OUTPUT_TEMP_PATH : /root/cj_build/impl_relocation_receipt_queue5-mutant/src/runtime/output/temp
-- <CMAKE_AR> deterministic mode (-D) is set.
-- <CMAKE_RANLIB> deterministic mode (-D) is set.
-- BUILD_CJTHREAD: ON
-- BUILD_RUNTIME: ON
build cjthread for x86_64
bash: build/build_cjthread.sh: 没有那个文件或目录
build cjthread done!!!
-- CJ_RUNTIME_COMMIT=unknown
strip: /root/cj_build/impl_relocation_receipt_queue5-mutant/src/runtime/output/cj
-- TESTS_MANIFEST=PASS configure=3 manual=27 orphan=12 (manual/orphan do NOT run in this build)
-- SLOT_TYPE_PROBE=PASS control=1 witness=1 negatives=5 (each rejected AND diagnosed on the expected symbol)
-- MARK_GENERATION_PROBE=PASS control=1 negatives=2 (young-as-old and old-as-young both rejected)
-- C4_COLOUR_TABLE=PASS control=1 negatives=3 std=14 (32-epoch mask equivalence + DROP_BIT collisions; each negative rejected AND diagnosed)
-- Configuring done
-- Generating done
-- Build files have been written to: /root/cj_build/impl_relocation_receipt_queue5-mutant/src/runtime/ImplBuildTest
CONFIGURE_RC=0
Scanning dependencies of target cjNativeStartAndEnd
Consolidate compiler generated dependencies of target Concurrency
Consolidate compiler generated dependencies of target boundscheck
Consolidate compiler generated dependencies of target cjthreadmodel
Consolidate compiler generated dependencies of target Base
[  0%] Built target cjNativeStartAndEnd
Consolidate compiler generated dependencies of target Common
[  0%] Checking that a diagnostic documenting a gate is not an all-no-op implementation
[  1%] Checking that HeapSlot compare-exchange writes stay inside HealSlot
[  2%] Built target Concurrency
[ 21%] Built target boundscheck
[ 25%] Built target Base
[ 27%] Built target cjthreadmodel
Consolidate compiler generated dependencies of target Loader
[ 29%] Built target Common
Consolidate compiler generated dependencies of target BinaryFile
Consolidate compiler generated dependencies of target CjSemanticVersion
[ 30%] Built target Loader
Consolidate compiler generated dependencies of target CjFile
Consolidate compiler generated dependencies of target CjFileLoader
Consolidate compiler generated dependencies of target Inspector
[ 31%] Built target BinaryFile
[ 31%] Built target CjFile
[ 32%] Built target CjSemanticVersion
[ 34%] Built target CjFileLoader
[ 35%] Built target Inspector
Scanning dependencies of target Exception
Consolidate compiler generated dependencies of target Exception
Consolidate compiler generated dependencies of target Heap
Consolidate compiler generated dependencies of target Barrier
[ 37%] Built target Exception
Consolidate compiler generated dependencies of target Allocator
[ 38%] Built target Heap
[ 40%] Built target Barrier
DIAG_HOLLOW_GUARD PASS gated_subsystems=29
[ 43%] Built target Allocator
Consolidate compiler generated dependencies of target WCollector
Consolidate compiler generated dependencies of target Collector
Consolidate compiler generated dependencies of target Mutator
[ 43%] Built target check_diag_not_hollow
Consolidate compiler generated dependencies of target ObjectModel
[ 49%] Built target WCollector
[ 51%] Built target Mutator
[ 51%] Building CXX object src/Heap/Collector/CMakeFiles/Collector.dir/CopyCollector.cpp.o
Consolidate compiler generated dependencies of target Sync
[ 55%] Built target ObjectModel
Consolidate compiler generated dependencies of target Verify
Consolidate compiler generated dependencies of target CpuProfiler
Consolidate compiler generated dependencies of target Interpreter
Consolidate compiler generated dependencies of target UnwindStack
In file included from /root/cj_build/impl_relocation_receipt_queue5-mutant/src/runtime/src/Heap/Collector/CopyCollector.cpp:8:
In file included from /root/cj_build/impl_relocation_receipt_queue5-mutant/src/runtime/src/Heap/Collector/CopyCollector.h:11:
In file included from /root/cj_build/impl_relocation_receipt_queue5-mutant/src/runtime/src/Heap/Allocator/RegionSpace.h:19:
In file included from /root/cj_build/impl_relocation_receipt_queue5-mutant/src/runtime/src/Heap/Allocator/Allocator.h:11:
In file included from /root/cj_build/impl_relocation_receipt_queue5-mutant/src/runtime/src/Heap/Allocator/AllocBufferManager.h:15:
In file included from /root/cj_build/impl_relocation_receipt_queue5-mutant/src/runtime/src/Heap/Allocator/AllocBuffer.h:16:
In file included from /root/cj_build/impl_relocation_receipt_queue5-mutant/src/runtime/src/Heap/Allocator/RegionList.h:11:
In file included from /root/cj_build/impl_relocation_receipt_queue5-mutant/src/runtime/src/Heap/Allocator/RegionInfo.h:41:
/root/cj_build/impl_relocation_receipt_queue5-mutant/src/runtime/src/Heap/Verify/AllocPhaseDiag.h:57:1: warning: inline variables are a C++17 extension [-Wc++17-extensions]
inline Slot g_table[kCap] = {};
^
/root/cj_build/impl_relocation_receipt_queue5-mutant/src/runtime/src/Heap/Verify/AllocPhaseDiag.h:58:1: warning: inline variables are a C++17 extension [-Wc++17-extensions]
inline NearEntry g_near[kNearCap] = {};
^
In file included from /root/cj_build/impl_relocation_receipt_queue5-mutant/src/runtime/src/Heap/Collector/CopyCollector.cpp:8:
In file included from /root/cj_build/impl_relocation_receipt_queue5-mutant/src/runtime/src/Heap/Collector/CopyCollector.h:11:
In file included from /root/cj_build/impl_relocation_receipt_queue5-mutant/src/runtime/src/Heap/Allocator/RegionSpace.h:19:
In file included from /root/cj_build/impl_relocation_receipt_queue5-mutant/src/runtime/src/Heap/Allocator/Allocator.h:11:
In file included from /root/cj_build/impl_relocation_receipt_queue5-mutant/src/runtime/src/Heap/Allocator/AllocBufferManager.h:15:
In file included from /root/cj_build/impl_relocation_receipt_queue5-mutant/src/runtime/src/Heap/Allocator/AllocBuffer.h:16:
In file included from /root/cj_build/impl_relocation_receipt_queue5-mutant/src/runtime/src/Heap/Allocator/RegionList.h:11:
In file included from /root/cj_build/impl_relocation_receipt_queue5-mutant/src/runtime/src/Heap/Allocator/RegionInfo.h:43:
/root/cj_build/impl_relocation_receipt_queue5-mutant/src/runtime/src/Heap/Verify/NullRouteCaller.h:34:1: warning: inline variables are a C++17 extension [-Wc++17-extensions]
inline thread_local const char* g_tag = nullptr;
^
/root/cj_build/impl_relocation_receipt_queue5-mutant/src/runtime/src/Heap/Verify/NullRouteCaller.h:35:1: warning: inline variables are a C++17 extension [-Wc++17-extensions]
inline thread_local const char* g_edgeSrc = nullptr;
^
/root/cj_build/impl_relocation_receipt_queue5-mutant/src/runtime/src/Heap/Verify/NullRouteCaller.h:36:1: warning: inline variables are a C++17 extension [-Wc++17-extensions]
inline thread_local uintptr_t g_slot = 0;
^
/root/cj_build/impl_relocation_receipt_queue5-mutant/src/runtime/src/Heap/Verify/NullRouteCaller.h:37:1: warning: inline variables are a C++17 extension [-Wc++17-extensions]
inline thread_local void* g_host = nullptr;
^
In file included from /root/cj_build/impl_relocation_receipt_queue5-mutant/src/runtime/src/Heap/Collector/CopyCollector.cpp:8:
In file included from /root/cj_build/impl_relocation_receipt_queue5-mutant/src/runtime/src/Heap/Collector/CopyCollector.h:11:
In file included from /root/cj_build/impl_relocation_receipt_queue5-mutant/src/runtime/src/Heap/Allocator/RegionSpace.h:19:
In file included from /root/cj_build/impl_relocation_receipt_queue5-mutant/src/runtime/src/Heap/Allocator/Allocator.h:11:
In file included from /root/cj_build/impl_relocation_receipt_queue5-mutant/src/runtime/src/Heap/Allocator/AllocBufferManager.h:15:
In file included from /root/cj_build/impl_relocation_receipt_queue5-mutant/src/runtime/src/Heap/Allocator/AllocBuffer.h:16:
In file included from /root/cj_build/impl_relocation_receipt_queue5-mutant/src/runtime/src/Heap/Allocator/RegionList.h:11:
In file included from /root/cj_build/impl_relocation_receipt_queue5-mutant/src/runtime/src/Heap/Allocator/RegionInfo.h:53:
/root/cj_build/impl_relocation_receipt_queue5-mutant/src/runtime/src/Heap/Verify/MutatorRelocate.h:102:8: warning: constexpr if is a C++17 extension [-Wc++17-extensions]
    if constexpr (kWaitRegionPublish) {
       ^
In file included from /root/cj_build/impl_relocation_receipt_queue5-mutant/src/runtime/src/Heap/Collector/CopyCollector.cpp:8:
In file included from /root/cj_build/impl_relocation_receipt_queue5-mutant/src/runtime/src/Heap/Collector/CopyCollector.h:11:
In file included from /root/cj_build/impl_relocation_receipt_queue5-mutant/src/runtime/src/Heap/Allocator/RegionSpace.h:22:
In file included from /root/cj_build/impl_relocation_receipt_queue5-mutant/src/runtime/src/Heap/Allocator/RegionManager.h:25:
In file included from /root/cj_build/impl_relocation_receipt_queue5-mutant/src/runtime/src/Heap/Allocator/FreeRegionManager.h:15:
In file included from /root/cj_build/impl_relocation_receipt_queue5-mutant/src/runtime/src/Common/ScopedObjectAccess.h:11:
In file included from /root/cj_build/impl_relocation_receipt_queue5-mutant/src/runtime/src/Mutator/Mutator.inline.h:11:
In file included from /root/cj_build/impl_relocation_receipt_queue5-mutant/src/runtime/src/Mutator/MutatorManager.h:17:
/root/cj_build/impl_relocation_receipt_queue5-mutant/src/runtime/src/Base/GcLog.h:217:45: warning: format string is not a string literal [-Wformat-nonliteral]
        int n = vsnprintf(buf, sizeof(buf), format, args);
                                            ^~~~~~
In file included from /root/cj_build/impl_relocation_receipt_queue5-mutant/src/runtime/src/Heap/Collector/CopyCollector.cpp:8:
In file included from /root/cj_build/impl_relocation_receipt_queue5-mutant/src/runtime/src/Heap/Collector/CopyCollector.h:13:
/root/cj_build/impl_relocation_receipt_queue5-mutant/src/runtime/src/Heap/Collector/TracingCollector.h:352:20: warning: unused variable 'objSize' [-Wunused-variable]
            size_t objSize = obj->GetSize();
                   ^
In file included from /root/cj_build/impl_relocation_receipt_queue5-mutant/src/runtime/src/Heap/Collector/CopyCollector.cpp:17:
/root/cj_build/impl_relocation_receipt_queue5-mutant/src/runtime/src/Heap/Collector/GcTrigger.h:477:8: warning: constexpr if is a C++17 extension [-Wc++17-extensions]
    if constexpr (kGcTriggerMajorAllocRateEnabled) {
       ^
/root/cj_build/impl_relocation_receipt_queue5-mutant/src/runtime/src/Heap/Collector/GcTrigger.h:496:8: warning: constexpr if is a C++17 extension [-Wc++17-extensions]
    if constexpr (kGcTriggerProactiveEnabled) {
       ^
/root/cj_build/impl_relocation_receipt_queue5-mutant/src/runtime/src/Heap/Collector/CopyCollector.cpp:189:12: warning: constexpr if is a C++17 extension [-Wc++17-extensions]
        if constexpr (kGcTriggerDynamicWorkersEnabled) {
           ^
12 warnings generated.
[ 56%] Built target Sync
[ 57%] Linking CXX static library ../../../../output/temp/ar/x86_64_Release/libCollector.a
Consolidate compiler generated dependencies of target Signal
[ 58%] Built target CpuProfiler
[ 60%] Built target Interpreter
[ 76%] Built target UnwindStack
[ 81%] Built target Verify
Consolidate compiler generated dependencies of target Sanitizer
[ 82%] Built target Signal
[ 82%] Built target Sanitizer
[ 89%] Built target Collector
HEAL_SLOT_GUARD PASS direct_calls=1 escaped=0 enum_sites=72 explicit_uses=87 other=0
[ 89%] Built target check_heal_slot_writes
Scanning dependencies of target cangjie-runtime
Consolidate compiler generated dependencies of target cangjie-runtime
[ 90%] Linking CXX shared library ../../output/temp/lib/x86_64_Release/libcangjie-runtime.so
Running the deterministic GC unit suite against the runtime just built
[  PASS  ] MarkStripe.SmrHazardPreventsAbaReuse
[  PASS  ] MarkStripe.ConcurrentGlobalStealIsLiveAndLossless
[  PASS  ] PartialArray.EncodeDecodeRoundtrip
[  PASS  ] PartialArray.EmptyAndSingle
[  PASS  ] PartialArray.ThresholdExact
[  PASS  ] PartialArray.ThresholdMinusOne
[  PASS  ] PartialArray.ThresholdPlusOne
[  PASS  ] PartialArray.MultiChunk
[  PASS  ] PartialArray.BoundaryRefs
[  PASS  ] PartialArray.UnalignedStart
[  PASS  ] VerifyRoots.DefaultOffLeavesCorruptRootUnobserved
[  PASS  ] VerifyRoots.EnabledReportsColouredRootBeforeDereference
[  PASS  ] MemMapContract.NullAndInvalidInputsDoNotReachOS
[  PASS  ] MemMapContract.AccessorsBoundaryCommitProtectAndDestroy
[  PASS  ] MemMapContract.FallbackRegistryPreservesEveryAcquiredReservation
[  PASS  ] MemMapContract.BudgetRejectsBeforeReserve
[  PASS  ] MemMapContract.TwoNodeOwnershipRejectsCrossNodeFree
[  PASS  ] MemMapContract.RegionManagerInactiveAllocationUsesMemMapOwner
[========] 335 tests: 335 passed, 0 failed
GC_UNIT_RUN_DONE rc=0 wall_ms=264
GC_UNIT_GATE_NOT_RUN reason=NO_CJC cpp_suite=PASS(fresh) status=/root/cj_build/impl_relocation_receipt_queue5-mutant/src/runtime/output/temp/lib/x86_64_Release/gc_unit_gate.status
[100%] Built target cangjie-runtime
PRODUCT_BUILD_RC=0
04808c584396b369f573ac18784859340476ae076d4d3d1863e111b7cbf8a739  /root/cj_build/impl_relocation_receipt_queue5-mutant/src/runtime/output/temp/lib/x86_64_Release/libcangjie-runtime.so
TESTABLE_FORWARD_TASK_EXPORTS_BEGIN
00000000004d1fa0 W MapleRuntime::ForwardTask<(MapleRuntime::Generation)0>::Execute(unsigned long)@@CANGJIE
00000000004d2310 W MapleRuntime::ForwardTask<(MapleRuntime::Generation)1>::Execute(unsigned long)@@CANGJIE
TESTABLE_FORWARD_TASK_EXPORTS_END
In file included from /root/cj_build/impl_relocation_receipt_queue5-mutant/src/runtime/tests/gc_unit/test_defect_regressions.cpp:24:
/root/cj_build/impl_relocation_receipt_queue5-mutant/src/runtime/src/Heap/Collector/TracingCollector.h:352:20: warning: unused variable 'objSize' [-Wunused-variable]
            size_t objSize = obj->GetSize();
                   ^
/root/cj_build/impl_relocation_receipt_queue5-mutant/src/runtime/src/Heap/Collector/TracingCollector.h:360:47: warning: unused parameter 'ref' [-Wunused-parameter]
    virtual void EnumRefFieldRoot(RefField<>& ref, RootSet& rootSet) const {};
                                              ^
/root/cj_build/impl_relocation_receipt_queue5-mutant/src/runtime/src/Heap/Collector/TracingCollector.h:360:61: warning: unused parameter 'rootSet' [-Wunused-parameter]
    virtual void EnumRefFieldRoot(RefField<>& ref, RootSet& rootSet) const {};
                                                            ^
/root/cj_build/impl_relocation_receipt_queue5-mutant/src/runtime/src/Heap/Collector/TracingCollector.h:361:51: warning: unused parameter 'obj' [-Wunused-parameter]
    virtual void TraceObjectRefFields(BaseObject* obj, WorkStack& workStack)
                                                  ^
/root/cj_build/impl_relocation_receipt_queue5-mutant/src/runtime/src/Heap/Collector/TracingCollector.h:361:67: warning: unused parameter 'workStack' [-Wunused-parameter]
    virtual void TraceObjectRefFields(BaseObject* obj, WorkStack& workStack)
                                                                  ^
/root/cj_build/impl_relocation_receipt_queue5-mutant/src/runtime/src/Heap/Collector/TracingCollector.h:368:59: warning: unused parameter 'entry' [-Wunused-parameter]
    virtual void FollowPartialArray(const MarkStackEntry& entry, WorkStack& workStack)
                                                          ^
/root/cj_build/impl_relocation_receipt_queue5-mutant/src/runtime/src/Heap/Collector/TracingCollector.h:368:77: warning: unused parameter 'workStack' [-Wunused-parameter]
    virtual void FollowPartialArray(const MarkStackEntry& entry, WorkStack& workStack)
                                                                            ^
/root/cj_build/impl_relocation_receipt_queue5-mutant/src/runtime/src/Heap/Collector/TracingCollector.h:372:53: warning: unused parameter 'kind' [-Wunused-parameter]
    virtual BaseObject* GetAndTryTagObj(RefSlotKind kind, BaseObject* obj, RefField<>& field)
                                                    ^
/root/cj_build/impl_relocation_receipt_queue5-mutant/src/runtime/src/Heap/Collector/TracingCollector.h:372:71: warning: unused parameter 'obj' [-Wunused-parameter]
    virtual BaseObject* GetAndTryTagObj(RefSlotKind kind, BaseObject* obj, RefField<>& field)
                                                                      ^
/root/cj_build/impl_relocation_receipt_queue5-mutant/src/runtime/src/Heap/Collector/TracingCollector.h:372:88: warning: unused parameter 'field' [-Wunused-parameter]
    virtual BaseObject* GetAndTryTagObj(RefSlotKind kind, BaseObject* obj, RefField<>& field)
                                                                                       ^
/root/cj_build/impl_relocation_receipt_queue5-mutant/src/runtime/src/Heap/Collector/TracingCollector.h:453:27: warning: unused parameter 'heapMarked' [-Wunused-parameter]
    void ResetBitmap(bool heapMarked)
                          ^
/root/cj_build/impl_relocation_receipt_queue5-mutant/src/runtime/src/Heap/Collector/TracingCollector.h:491:47: warning: unused parameter 'root' [-Wunused-parameter]
    virtual void EnumAndTagRawRoot(ObjectRef& root, RootSet& rootSet) const
                                              ^
/root/cj_build/impl_relocation_receipt_queue5-mutant/src/runtime/src/Heap/Collector/TracingCollector.h:491:62: warning: unused parameter 'rootSet' [-Wunused-parameter]
    virtual void EnumAndTagRawRoot(ObjectRef& root, RootSet& rootSet) const
                                                             ^
13 warnings generated.
In file included from /root/cj_build/impl_relocation_receipt_queue5-mutant/src/runtime/tests/gc_unit/test_forwarding_no_geometry.cpp:12:
In file included from /root/cj_build/impl_relocation_receipt_queue5-mutant/src/runtime/src/Heap/WCollector/WCollector.h:24:
In file included from /root/cj_build/impl_relocation_receipt_queue5-mutant/src/runtime/src/Heap/Collector/CopyCollector.h:13:
/root/cj_build/impl_relocation_receipt_queue5-mutant/src/runtime/src/Heap/Collector/TracingCollector.h:352:20: warning: unused variable 'objSize' [-Wunused-variable]
            size_t objSize = obj->GetSize();
                   ^
/root/cj_build/impl_relocation_receipt_queue5-mutant/src/runtime/src/Heap/Collector/TracingCollector.h:360:47: warning: unused parameter 'ref' [-Wunused-parameter]
    virtual void EnumRefFieldRoot(RefField<>& ref, RootSet& rootSet) const {};
                                              ^
/root/cj_build/impl_relocation_receipt_queue5-mutant/src/runtime/src/Heap/Collector/TracingCollector.h:360:61: warning: unused parameter 'rootSet' [-Wunused-parameter]
    virtual void EnumRefFieldRoot(RefField<>& ref, RootSet& rootSet) const {};
                                                            ^
/root/cj_build/impl_relocation_receipt_queue5-mutant/src/runtime/src/Heap/Collector/TracingCollector.h:361:51: warning: unused parameter 'obj' [-Wunused-parameter]
    virtual void TraceObjectRefFields(BaseObject* obj, WorkStack& workStack)
                                                  ^
/root/cj_build/impl_relocation_receipt_queue5-mutant/src/runtime/src/Heap/Collector/TracingCollector.h:361:67: warning: unused parameter 'workStack' [-Wunused-parameter]
    virtual void TraceObjectRefFields(BaseObject* obj, WorkStack& workStack)
                                                                  ^
/root/cj_build/impl_relocation_receipt_queue5-mutant/src/runtime/src/Heap/Collector/TracingCollector.h:368:59: warning: unused parameter 'entry' [-Wunused-parameter]
    virtual void FollowPartialArray(const MarkStackEntry& entry, WorkStack& workStack)
                                                          ^
/root/cj_build/impl_relocation_receipt_queue5-mutant/src/runtime/src/Heap/Collector/TracingCollector.h:368:77: warning: unused parameter 'workStack' [-Wunused-parameter]
    virtual void FollowPartialArray(const MarkStackEntry& entry, WorkStack& workStack)
                                                                            ^
/root/cj_build/impl_relocation_receipt_queue5-mutant/src/runtime/src/Heap/Collector/TracingCollector.h:372:53: warning: unused parameter 'kind' [-Wunused-parameter]
    virtual BaseObject* GetAndTryTagObj(RefSlotKind kind, BaseObject* obj, RefField<>& field)
                                                    ^
/root/cj_build/impl_relocation_receipt_queue5-mutant/src/runtime/src/Heap/Collector/TracingCollector.h:372:71: warning: unused parameter 'obj' [-Wunused-parameter]
    virtual BaseObject* GetAndTryTagObj(RefSlotKind kind, BaseObject* obj, RefField<>& field)
                                                                      ^
/root/cj_build/impl_relocation_receipt_queue5-mutant/src/runtime/src/Heap/Collector/TracingCollector.h:372:88: warning: unused parameter 'field' [-Wunused-parameter]
    virtual BaseObject* GetAndTryTagObj(RefSlotKind kind, BaseObject* obj, RefField<>& field)
                                                                                       ^
/root/cj_build/impl_relocation_receipt_queue5-mutant/src/runtime/src/Heap/Collector/TracingCollector.h:453:27: warning: unused parameter 'heapMarked' [-Wunused-parameter]
    void ResetBitmap(bool heapMarked)
                          ^
/root/cj_build/impl_relocation_receipt_queue5-mutant/src/runtime/src/Heap/Collector/TracingCollector.h:491:47: warning: unused parameter 'root' [-Wunused-parameter]
    virtual void EnumAndTagRawRoot(ObjectRef& root, RootSet& rootSet) const
                                              ^
/root/cj_build/impl_relocation_receipt_queue5-mutant/src/runtime/src/Heap/Collector/TracingCollector.h:491:62: warning: unused parameter 'rootSet' [-Wunused-parameter]
    virtual void EnumAndTagRawRoot(ObjectRef& root, RootSet& rootSet) const
                                                             ^
In file included from /root/cj_build/impl_relocation_receipt_queue5-mutant/src/runtime/tests/gc_unit/test_forwarding_no_geometry.cpp:12:
/root/cj_build/impl_relocation_receipt_queue5-mutant/src/runtime/src/Heap/WCollector/WCollector.h:344:38: warning: unused variable 'nonHeapCount' [-Wunused-variable]
        static std::atomic<uint64_t> nonHeapCount{ 0 };
                                     ^
/root/cj_build/impl_relocation_receipt_queue5-mutant/src/runtime/src/Heap/WCollector/WCollector.h:347:38: warning: unused variable 'receiptCount' [-Wunused-variable]
        static std::atomic<uint64_t> receiptCount{ 0 };
                                     ^
/root/cj_build/impl_relocation_receipt_queue5-mutant/src/runtime/src/Heap/WCollector/WCollector.h:345:38: warning: unused variable 'noGhostCount' [-Wunused-variable]
        static std::atomic<uint64_t> noGhostCount{ 0 };
                                     ^
/root/cj_build/impl_relocation_receipt_queue5-mutant/src/runtime/src/Heap/WCollector/WCollector.h:348:38: warning: unused variable 'waitCount' [-Wunused-variable]
        static std::atomic<uint64_t> waitCount{ 0 };
                                     ^
/root/cj_build/impl_relocation_receipt_queue5-mutant/src/runtime/src/Heap/WCollector/WCollector.h:349:38: warning: unused variable 'giveFromCount' [-Wunused-variable]
        static std::atomic<uint64_t> giveFromCount{ 0 };
                                     ^
/root/cj_build/impl_relocation_receipt_queue5-mutant/src/runtime/src/Heap/WCollector/WCollector.h:357:20: warning: unused variable 'funnel' [-Wunused-variable]
        const bool funnel = RemapFunnelOn();
                   ^
/root/cj_build/impl_relocation_receipt_queue5-mutant/src/runtime/src/Heap/WCollector/WCollector.h:346:38: warning: unused variable 'routeNullCount' [-Wunused-variable]
        static std::atomic<uint64_t> routeNullCount{ 0 };
                                     ^
/root/cj_build/impl_relocation_receipt_queue5-mutant/src/runtime/src/Heap/WCollector/WCollector.h:343:38: warning: unused variable 'callCount' [-Wunused-variable]
        static std::atomic<uint64_t> callCount{ 0 };
                                     ^
21 warnings generated.
In file included from /root/cj_build/impl_relocation_receipt_queue5-mutant/src/runtime/tests/gc_unit/test_young_conc.cpp:41:
/root/cj_build/impl_relocation_receipt_queue5-mutant/src/runtime/src/Heap/Collector/TracingCollector.h:352:20: warning: unused variable 'objSize' [-Wunused-variable]
            size_t objSize = obj->GetSize();
                   ^
/root/cj_build/impl_relocation_receipt_queue5-mutant/src/runtime/src/Heap/Collector/TracingCollector.h:360:47: warning: unused parameter 'ref' [-Wunused-parameter]
    virtual void EnumRefFieldRoot(RefField<>& ref, RootSet& rootSet) const {};
                                              ^
/root/cj_build/impl_relocation_receipt_queue5-mutant/src/runtime/src/Heap/Collector/TracingCollector.h:360:61: warning: unused parameter 'rootSet' [-Wunused-parameter]
    virtual void EnumRefFieldRoot(RefField<>& ref, RootSet& rootSet) const {};
                                                            ^
/root/cj_build/impl_relocation_receipt_queue5-mutant/src/runtime/src/Heap/Collector/TracingCollector.h:361:51: warning: unused parameter 'obj' [-Wunused-parameter]
    virtual void TraceObjectRefFields(BaseObject* obj, WorkStack& workStack)
                                                  ^
/root/cj_build/impl_relocation_receipt_queue5-mutant/src/runtime/src/Heap/Collector/TracingCollector.h:361:67: warning: unused parameter 'workStack' [-Wunused-parameter]
    virtual void TraceObjectRefFields(BaseObject* obj, WorkStack& workStack)
                                                                  ^
/root/cj_build/impl_relocation_receipt_queue5-mutant/src/runtime/src/Heap/Collector/TracingCollector.h:368:59: warning: unused parameter 'entry' [-Wunused-parameter]
    virtual void FollowPartialArray(const MarkStackEntry& entry, WorkStack& workStack)
                                                          ^
/root/cj_build/impl_relocation_receipt_queue5-mutant/src/runtime/src/Heap/Collector/TracingCollector.h:368:77: warning: unused parameter 'workStack' [-Wunused-parameter]
    virtual void FollowPartialArray(const MarkStackEntry& entry, WorkStack& workStack)
                                                                            ^
/root/cj_build/impl_relocation_receipt_queue5-mutant/src/runtime/src/Heap/Collector/TracingCollector.h:372:53: warning: unused parameter 'kind' [-Wunused-parameter]
    virtual BaseObject* GetAndTryTagObj(RefSlotKind kind, BaseObject* obj, RefField<>& field)
                                                    ^
/root/cj_build/impl_relocation_receipt_queue5-mutant/src/runtime/src/Heap/Collector/TracingCollector.h:372:71: warning: unused parameter 'obj' [-Wunused-parameter]
    virtual BaseObject* GetAndTryTagObj(RefSlotKind kind, BaseObject* obj, RefField<>& field)
                                                                      ^
/root/cj_build/impl_relocation_receipt_queue5-mutant/src/runtime/src/Heap/Collector/TracingCollector.h:372:88: warning: unused parameter 'field' [-Wunused-parameter]
    virtual BaseObject* GetAndTryTagObj(RefSlotKind kind, BaseObject* obj, RefField<>& field)
                                                                                       ^
/root/cj_build/impl_relocation_receipt_queue5-mutant/src/runtime/src/Heap/Collector/TracingCollector.h:453:27: warning: unused parameter 'heapMarked' [-Wunused-parameter]
    void ResetBitmap(bool heapMarked)
                          ^
/root/cj_build/impl_relocation_receipt_queue5-mutant/src/runtime/src/Heap/Collector/TracingCollector.h:491:47: warning: unused parameter 'root' [-Wunused-parameter]
    virtual void EnumAndTagRawRoot(ObjectRef& root, RootSet& rootSet) const
                                              ^
/root/cj_build/impl_relocation_receipt_queue5-mutant/src/runtime/src/Heap/Collector/TracingCollector.h:491:62: warning: unused parameter 'rootSet' [-Wunused-parameter]
    virtual void EnumAndTagRawRoot(ObjectRef& root, RootSet& rootSet) const
                                                             ^
13 warnings generated.
In file included from /root/cj_build/impl_relocation_receipt_queue5-mutant/src/runtime/tests/gc_unit/test_gc_thread_pool.cpp:18:
In file included from /root/cj_build/impl_relocation_receipt_queue5-mutant/src/runtime/src/Heap/Collector/CollectorProxy.h:14:
In file included from /root/cj_build/impl_relocation_receipt_queue5-mutant/src/runtime/src/Heap/WCollector/WCollector.h:24:
In file included from /root/cj_build/impl_relocation_receipt_queue5-mutant/src/runtime/src/Heap/Collector/CopyCollector.h:13:
/root/cj_build/impl_relocation_receipt_queue5-mutant/src/runtime/src/Heap/Collector/TracingCollector.h:352:20: warning: unused variable 'objSize' [-Wunused-variable]
            size_t objSize = obj->GetSize();
                   ^
/root/cj_build/impl_relocation_receipt_queue5-mutant/src/runtime/src/Heap/Collector/TracingCollector.h:360:47: warning: unused parameter 'ref' [-Wunused-parameter]
    virtual void EnumRefFieldRoot(RefField<>& ref, RootSet& rootSet) const {};
                                              ^
/root/cj_build/impl_relocation_receipt_queue5-mutant/src/runtime/src/Heap/Collector/TracingCollector.h:360:61: warning: unused parameter 'rootSet' [-Wunused-parameter]
    virtual void EnumRefFieldRoot(RefField<>& ref, RootSet& rootSet) const {};
                                                            ^
/root/cj_build/impl_relocation_receipt_queue5-mutant/src/runtime/src/Heap/Collector/TracingCollector.h:361:51: warning: unused parameter 'obj' [-Wunused-parameter]
    virtual void TraceObjectRefFields(BaseObject* obj, WorkStack& workStack)
                                                  ^
/root/cj_build/impl_relocation_receipt_queue5-mutant/src/runtime/src/Heap/Collector/TracingCollector.h:361:67: warning: unused parameter 'workStack' [-Wunused-parameter]
    virtual void TraceObjectRefFields(BaseObject* obj, WorkStack& workStack)
                                                                  ^
/root/cj_build/impl_relocation_receipt_queue5-mutant/src/runtime/src/Heap/Collector/TracingCollector.h:368:59: warning: unused parameter 'entry' [-Wunused-parameter]
    virtual void FollowPartialArray(const MarkStackEntry& entry, WorkStack& workStack)
                                                          ^
/root/cj_build/impl_relocation_receipt_queue5-mutant/src/runtime/src/Heap/Collector/TracingCollector.h:368:77: warning: unused parameter 'workStack' [-Wunused-parameter]
    virtual void FollowPartialArray(const MarkStackEntry& entry, WorkStack& workStack)
                                                                            ^
/root/cj_build/impl_relocation_receipt_queue5-mutant/src/runtime/src/Heap/Collector/TracingCollector.h:372:53: warning: unused parameter 'kind' [-Wunused-parameter]
    virtual BaseObject* GetAndTryTagObj(RefSlotKind kind, BaseObject* obj, RefField<>& field)
                                                    ^
/root/cj_build/impl_relocation_receipt_queue5-mutant/src/runtime/src/Heap/Collector/TracingCollector.h:372:71: warning: unused parameter 'obj' [-Wunused-parameter]
    virtual BaseObject* GetAndTryTagObj(RefSlotKind kind, BaseObject* obj, RefField<>& field)
                                                                      ^
/root/cj_build/impl_relocation_receipt_queue5-mutant/src/runtime/src/Heap/Collector/TracingCollector.h:372:88: warning: unused parameter 'field' [-Wunused-parameter]
    virtual BaseObject* GetAndTryTagObj(RefSlotKind kind, BaseObject* obj, RefField<>& field)
                                                                                       ^
/root/cj_build/impl_relocation_receipt_queue5-mutant/src/runtime/src/Heap/Collector/TracingCollector.h:453:27: warning: unused parameter 'heapMarked' [-Wunused-parameter]
    void ResetBitmap(bool heapMarked)
                          ^
/root/cj_build/impl_relocation_receipt_queue5-mutant/src/runtime/src/Heap/Collector/TracingCollector.h:491:47: warning: unused parameter 'root' [-Wunused-parameter]
    virtual void EnumAndTagRawRoot(ObjectRef& root, RootSet& rootSet) const
                                              ^
/root/cj_build/impl_relocation_receipt_queue5-mutant/src/runtime/src/Heap/Collector/TracingCollector.h:491:62: warning: unused parameter 'rootSet' [-Wunused-parameter]
    virtual void EnumAndTagRawRoot(ObjectRef& root, RootSet& rootSet) const
                                                             ^
In file included from /root/cj_build/impl_relocation_receipt_queue5-mutant/src/runtime/tests/gc_unit/test_gc_thread_pool.cpp:18:
In file included from /root/cj_build/impl_relocation_receipt_queue5-mutant/src/runtime/src/Heap/Collector/CollectorProxy.h:14:
/root/cj_build/impl_relocation_receipt_queue5-mutant/src/runtime/src/Heap/WCollector/WCollector.h:343:38: warning: unused variable 'callCount' [-Wunused-variable]
        static std::atomic<uint64_t> callCount{ 0 };
                                     ^
/root/cj_build/impl_relocation_receipt_queue5-mutant/src/runtime/src/Heap/WCollector/WCollector.h:347:38: warning: unused variable 'receiptCount' [-Wunused-variable]
        static std::atomic<uint64_t> receiptCount{ 0 };
                                     ^
/root/cj_build/impl_relocation_receipt_queue5-mutant/src/runtime/src/Heap/WCollector/WCollector.h:346:38: warning: unused variable 'routeNullCount' [-Wunused-variable]
        static std::atomic<uint64_t> routeNullCount{ 0 };
                                     ^
/root/cj_build/impl_relocation_receipt_queue5-mutant/src/runtime/src/Heap/WCollector/WCollector.h:344:38: warning: unused variable 'nonHeapCount' [-Wunused-variable]
        static std::atomic<uint64_t> nonHeapCount{ 0 };
                                     ^
/root/cj_build/impl_relocation_receipt_queue5-mutant/src/runtime/src/Heap/WCollector/WCollector.h:349:38: warning: unused variable 'giveFromCount' [-Wunused-variable]
        static std::atomic<uint64_t> giveFromCount{ 0 };
                                     ^
/root/cj_build/impl_relocation_receipt_queue5-mutant/src/runtime/src/Heap/WCollector/WCollector.h:345:38: warning: unused variable 'noGhostCount' [-Wunused-variable]
        static std::atomic<uint64_t> noGhostCount{ 0 };
                                     ^
/root/cj_build/impl_relocation_receipt_queue5-mutant/src/runtime/src/Heap/WCollector/WCollector.h:348:38: warning: unused variable 'waitCount' [-Wunused-variable]
        static std::atomic<uint64_t> waitCount{ 0 };
                                     ^
/root/cj_build/impl_relocation_receipt_queue5-mutant/src/runtime/src/Heap/WCollector/WCollector.h:357:20: warning: unused variable 'funnel' [-Wunused-variable]
        const bool funnel = RemapFunnelOn();
                   ^
21 warnings generated.
LINKED_RUNTIME=/root/cj_build/impl_relocation_receipt_queue5-mutant/src/runtime/output/temp/lib/x86_64_Release
MRT_TESTABLE_INTERNALS=1
=== BINDING_PROOF (undefined in binary that resolve via runtime) ===
                 U _ZN12MapleRuntime11VerifyRoots10ResetStatsEv@CANGJIE
                 U _ZN12MapleRuntime11VerifyRoots12BadRootCountEv@CANGJIE
                 U _ZN12MapleRuntime11VerifyRoots17VerifyRootPayloadERKNS_17RootVerifyContextEPvPNS_10BaseObjectE@CANGJIE
                 U _ZN12MapleRuntime15ForwardingTable22ReceiptAllowsForwardedEm@CANGJIE
                 U _ZN12MapleRuntime22RelocationRequestQueue10BeginCycleEv@CANGJIE
                 U _ZN12MapleRuntime22RelocationRequestQueue12BeginWorkersEm@CANGJIE
                 U _ZN12MapleRuntime22RelocationRequestQueue13CompleteOwnerEPvRKSt8functionIFmmEE@CANGJIE
                 U _ZN12MapleRuntime22RelocationRequestQueue13PruneAndClaimEv@CANGJIE
                 U _ZN12MapleRuntime22RelocationRequestQueue15SynchronizePollEv@CANGJIE
                 U _ZN12MapleRuntime22RelocationRequestQueue3AddEPvm@CANGJIE
                 U _ZN12MapleRuntime22RelocationRequestQueue4FailEm@CANGJIE
                 U _ZN12MapleRuntime22RelocationRequestQueue4WaitERKSt10shared_ptrINS0_7RequestEE@CANGJIE
                 U _ZN12MapleRuntime22RelocationRequestQueue7PublishEmm@CANGJIE
                 U _ZN12MapleRuntime26PlausibleManagedObjectGateEPKcPNS_10BaseObjectE@CANGJIE
                 U _ZN12MapleRuntime9Collector16MarkGoodHeapGateEPKcPNS_10BaseObjectE@CANGJIE
                 U _ZN12MapleRuntime9Collector22TryRecoverInteriorBaseEPNS_10BaseObjectES2_@CANGJIE
                 U _ZN12MapleRuntime9Collector26PlausibleManagedObjectGateEPKcPNS_10BaseObjectE@CANGJIE
                 U _ZN12MapleRuntime9RouteInfo8GetRouteEm@CANGJIE
                 U _ZNK12MapleRuntime22RelocationRequestQueue12PendingCountEv@CANGJIE
                 U _ZNK12MapleRuntime22RelocationRequestQueue23SynchronizedWorkerCountEv@CANGJIE
                 U _ZNK12MapleRuntime7Barrier18RecordCrossGenEdgeEPNS_10BaseObjectEmS2_@CANGJIE
=== RUNTIME_EXPORTS (product .so) ===
00000000005432d0 T _ZN12MapleRuntime11VerifyRoots10RegionNameENS_10AddrRegionE@@CANGJIE
00000000005439b0 T _ZN12MapleRuntime11VerifyRoots10ResetStatsEv@@CANGJIE
0000000000543990 T _ZN12MapleRuntime11VerifyRoots12BadRootCountEv@@CANGJIE
0000000000543300 T _ZN12MapleRuntime11VerifyRoots12IsZapPatternEm@@CANGJIE
00000000005439a0 T _ZN12MapleRuntime11VerifyRoots13InfoRootCountEv@@CANGJIE
0000000000543310 T _ZN12MapleRuntime11VerifyRoots15ClassifyAddressEm@@CANGJIE
0000000000543380 T _ZN12MapleRuntime11VerifyRoots17VerifyRootPayloadERKNS_17RootVerifyContextEPvPNS_10BaseObjectE@@CANGJIE
00000000005437c0 T _ZN12MapleRuntime11VerifyRoots18BeforeCheckAndPushEPNS_10BaseObjectE@@CANGJIE
0000000000543920 T _ZN12MapleRuntime11VerifyRoots19MakeRegDebugVisitorERKNS_17RootVerifyContextE@@CANGJIE
00000000005438b0 T _ZN12MapleRuntime11VerifyRoots20MakeSlotDebugVisitorERKNS_17RootVerifyContextE@@CANGJIE
0000000000543230 T _ZN12MapleRuntime11VerifyRoots7EnabledEv@@CANGJIE
00000000005432a0 T _ZN12MapleRuntime11VerifyRoots8KindNameENS_8RootKindE@@CANGJIE
00000000004f10d0 T _ZN12MapleRuntime15ForwardingTable22ReceiptAllowsForwardedEm@@CANGJIE
000000000050e000 T _ZN12MapleRuntime22RelocationRequestQueue10BeginCycleEv@@CANGJIE
000000000050e180 T _ZN12MapleRuntime22RelocationRequestQueue12BeginWorkersEm@@CANGJIE
000000000050eb10 T _ZN12MapleRuntime22RelocationRequestQueue13CompleteOwnerEPvRKSt8functionIFmmEE@@CANGJIE
000000000050f090 T _ZN12MapleRuntime22RelocationRequestQueue13PruneAndClaimEv@@CANGJIE
000000000050e670 T _ZN12MapleRuntime22RelocationRequestQueue14CompleteHandleERKSt10shared_ptrINS0_7RequestEEmNS0_5StateE@@CANGJIE
000000000050f0d0 T _ZN12MapleRuntime22RelocationRequestQueue15SynchronizePollEv@@CANGJIE
000000000050ede0 T _ZN12MapleRuntime22RelocationRequestQueue19PruneAndClaimLockedEv@@CANGJIE
00000000004d02e0 W _ZN12MapleRuntime22RelocationRequestQueue20SelectBeforeOrdinaryERKSt8functionIFPvvEE@@CANGJIE
000000000050e240 T _ZN12MapleRuntime22RelocationRequestQueue3AddEPvm@@CANGJIE
000000000050eaf0 T _ZN12MapleRuntime22RelocationRequestQueue4FailEm@@CANGJIE
000000000050e6d0 T _ZN12MapleRuntime22RelocationRequestQueue4WaitERKSt10shared_ptrINS0_7RequestEE@@CANGJIE
000000000050e8c0 T _ZN12MapleRuntime22RelocationRequestQueue7PublishEmm@@CANGJIE
000000000050e8e0 T _ZN12MapleRuntime22RelocationRequestQueue8CompleteEmmNS0_5StateE@@CANGJIE
00000000004fcb70 T _ZN12MapleRuntime26PlausibleManagedObjectGateEPKcPNS_10BaseObjectE@@CANGJIE
00000000004fcb30 T _ZN12MapleRuntime9Collector16MarkGoodHeapGateEPKcPNS_10BaseObjectE@@CANGJIE
00000000004fcec0 T _ZN12MapleRuntime9Collector22TryRecoverInteriorBaseEPNS_10BaseObjectES2_@@CANGJIE
00000000004fceb0 T _ZN12MapleRuntime9Collector26PlausibleManagedObjectGateEPKcPNS_10BaseObjectE@@CANGJIE
00000000004fcb60 T _ZN12MapleRuntime9Collector28ReportMarkGoodHeapGateCountsEv@@CANGJIE
00000000004fd590 T _ZN12MapleRuntime9Collector38ReportPlausibleManagedObjectGateCountsEv@@CANGJIE
0000000000576b20 T _ZN12MapleRuntime9RouteInfo8GetRouteEm@@CANGJIE
000000000050f6c0 T _ZNK12MapleRuntime22RelocationRequestQueue12PendingCountEv@@CANGJIE
000000000050f700 T _ZNK12MapleRuntime22RelocationRequestQueue23SynchronizedWorkerCountEv@@CANGJIE
00000000004f3520 T _ZNK12MapleRuntime7Barrier18RecordCrossGenEdgeEPNS_10BaseObjectEmS2_@@CANGJIE
00000000004f4000 T _ZNK12MapleRuntime7Barrier27RecordCrossGenEdgesInStructEPNS_10BaseObjectEmmPKNS0_21StoreGoodPrevSnapshotE@@CANGJIE
00000000004f64a0 T _ZNK12MapleRuntime7Barrier29RecordCrossGenEdgesInRefArrayEPNS_10BaseObjectEmmPKNS0_21StoreGoodPrevSnapshotE@@CANGJIE
000000000050f7b0 W _ZNSt10_HashtableImSt4pairIKmSt10shared_ptrIN12MapleRuntime22RelocationRequestQueue7RequestEEESaIS7_ENSt8__detail10_Select1stESt8equal_toImESt4hashImENS9_18_Mod_range_hashingENS9_20_Default_ranged_hashENS9_20_Prime_rehash_policyENS9_17_Hashtable_traitsILb0ELb0ELb1EEEE10_M_emplaceIJRmRS6_EEES0_INS9_14_Node_iteratorIS7_Lb0ELb0EEEbESt17integral_constantIbLb1EEDpOT_@@CANGJIE
000000000050f9f0 W _ZNSt10_HashtableImSt4pairIKmSt10shared_ptrIN12MapleRuntime22RelocationRequestQueue7RequestEEESaIS7_ENSt8__detail10_Select1stESt8equal_toImESt4hashImENS9_18_Mod_range_hashingENS9_20_Default_ranged_hashENS9_20_Prime_rehash_policyENS9_17_Hashtable_traitsILb0ELb0ELb1EEEE13_M_rehash_auxEmSt17integral_constantIbLb1EE@@CANGJIE
2026-08-24 00:59:14.772363 155163 E [GCV2][tailslot] REJECT site=gc_unit.tailslot obj=0x769932929658 tip=0x7fffee21d5e8 objSize=16 regionEnd=0x769932929660 remain=8 n=1
2026-08-24 00:59:14.772660 155163 E [VALSIDE] armed first_store hdr=0x7fffee21d5a0 sc=0 phase=0
[  PASS  ] ColourAddress.UncolorRoundTripAllRemapOneHot
[  PASS  ] ColourAddress.UncolorRoundTripWithMarkBits
[  PASS  ] ColourAddress.LoadBadMaskRejectsStaleRemap
[  PASS  ] ColourAddress.StaleRemapAlwaysLoadBad
[  PASS  ] ColourAddress.RootSlotRejectsColouredValue
[  PASS  ] ColourAddress.PeelForRootWriteBackClearsHighBits
[  PASS  ] ColourAddress.AddressAndColourMasksDisjoint
[  PASS  ] ColourAddress.BitFieldRemapOneHotMatrix
[  PASS  ] ColourAddress.BitFieldMarkBitsIndependentOfRemap
[  PASS  ] ZBitFieldPort.EncodeDecodeRoundTrips
[  PASS  ] ZListPort.InsertAndRemoveFirst
[  PASS  ] ZListPort.RemoveFirstAndLast
[  PASS  ] ZStat.PauseAndConcurrentAreSeparateAccounts
[  PASS  ] ZStat.KindIsSampledAtScopeEntry
[  PASS  ] ZStat.MaxPauseTracksLargestPauseSample
[  PASS  ] ZStat.RegistryEnumeratesObservedPhases
[  PASS  ] ZStat.StwDepthCounterClassifies
[  PASS  ] ZStat.ZeroDurationSampleStillCounts
[  PASS  ] TrustP1.TryUntagHeapSlotWritebackIsColoured
[  PASS  ] TrustP1.PlainUntagWritebackWouldBeCensusHit
[  PASS  ] TrustP1.RootSlotWritebackPlainIsPlain
[  PASS  ] TrustP1.HeapSlotMustNotUseRootPlainShape
[  PASS  ] TrustP1.DerivedInteriorPlainIsDistinctFromK1ObjectRoot
[  PASS  ] TrustP1.ColouredWriteGuardRejectsPlainShape
[  PASS  ] TrustP1.NullIsNotPlainResidual
[  PASS  ] RouteInfo.InsertLookupIdempotentRegion1
[  PASS  ] RouteInfo.MissingDomainReturnsNullNotGarbage
[  PASS  ] RouteInfo.SetRouteInfoOverwrites
[  PASS  ] RouteInfo.ToRegion1BoundaryInclusive
[  PASS  ] RouteInfo.ToRegion2WhenPreLiveExceedsTo1
[  PASS  ] RouteInfo.BindLiveInfo0FromLiveIfNull
[  PASS  ] ZLiveMapPort.OneObjectPageMarkAccountsLiveOnce
[  PASS  ] LiveMap.MarkAndSurvive
[  PASS  ] LiveMap.RetainedMarkWordsSurviveUnbindAndForwardEpochBump
[  PASS  ] LiveMap.RetainedCaptureUnionsYoungFaceBeforePromotion
[  PASS  ] LiveMap.RetainedCaptureSkipsYoungFaceAfterForwardingDone
[  PASS  ] LiveMap.RetainedCaptureUnionsYoungLargeFlagBeforePromotion
[  PASS  ] LiveMap.RetainedCaptureDoesNotUnionYoungFaceAfterPromotion
[  PASS  ] LiveMap.RetainedLargeMarkBitSurvivesCurrentFaceLoss
[  PASS  ] LiveMap.LiveInfo0SnapshotSurvivesClear
[  PASS  ] LiveMap.BindLiveInfo0AfterLateMark
[  PASS  ] LiveMap.NullBitmapNeverSurvived
[  PASS  ] LiveMap.YoungAndOldBitmapFacesAreIndependent
[  PASS  ] LiveMap.OwnerDispatchMarksYoungFace
[  PASS  ] LiveMap.RelocationReadUsesOwnerNotRouteGeneration
[  PASS  ] LiveMap.PromotionDoesNotInheritYoungBitmapMark
[  PASS  ] LiveMap.PromotionDoesNotInheritYoungLargeFlag
[  PASS  ] LiveMap.YoungAndOldLargeFlagsAreIndependent
[  PASS  ] LiveMap.MarkStartAllocWaterIsImplicitLive
[  PASS  ] ObjectGate.TipSmallIntRejected
[  PASS  ] ObjectGate.TipInHeapRejected
[  PASS  ] ObjectGate.PlausibleTipAccepted
[  PASS  ] ObjectGate.RawArrayPlus8RecoversBase
[  PASS  ] ObjectGate.GeomCrossEndRejectedOnActiveRegion
[  PASS  ] ObjectGate.NonInteriorNoFalseRecover
[  PASS  ] ObjectGate.HeaderConsumersRejectFreeRegion
[  PASS  ] ObjectGate.SlotListPopFrontRejectsColouredHead
[  PASS  ] ObjectGate.SlotListPopFrontDropsColouredNext
[  PASS  ] ObjectGate.FreePinnedPushFrontRejectsFreeRegion
[  PASS  ] Remset.CurrentMinorRootOverridesRetainedDeadSnapshotAndNullHeal
[  PASS  ] Remset.StickyBitmapDisabledByDefault
[  PASS  ] Remset.StickyBitmapTracksMutatorBarrierAcrossDrain
[  PASS  ] Remset.OldToYoungRecordedByBarrier
[  PASS  ] Remset.IdleBarrierOldToYoungRecorded
[  PASS  ] Remset.StaticRootNotRecorded
[  PASS  ] Remset.YoungToYoungNotRecorded
[  PASS  ] Remset.OldToOldRecordedBecauseBarrierConditionsOnSlot
[  PASS  ] Remset.EverRecordedStickyBitmapPositiveControl
[  PASS  ] Remset.DrainIsDestructiveSoAnEdgeWrittenOnceIsLost
[  PASS  ] Remset.ReRecordWhileConsumingLandsInTheNextCycleBuffer
[  PASS  ] DefectRegress.PregrantBeforeRouteDomainFreeze
[  PASS  ] DefectRegress.NonHeapTargetNeverCasNull
[  PASS  ] DefectRegress.MarkGoodHeapGateBlocksNonHeap
[  PASS  ] DefectRegress.RelroNonHeapSkipsSelfHealCas
[  PASS  ] DefectRegress.StaticRootObservedValueHeal
[  PASS  ] DefectRegress.StaticRootHealDoesNotClobberConcurrentStore
[  PASS  ] DefectRegress.MinorNo155163 E   #0  0x5fb75f357db0 in sprintf_s from /root/cj_build/impl_relocation_receipt_queue5-mutant/src/runtime/tests/gc_unit/build_queue5_test/cj_gc_unit
155163 E   #0  0x5fb75f357db0 in sprintf_s from /root/cj_build/impl_relocation_receipt_queue5-mutant/src/runtime/tests/gc_unit/build_queue5_test/cj_gc_unit
nHeapResolveNeverCasNull
[  PASS  ] DefectRegress.TipSmallIntRejectThenRecoverHost
[  PASS  ] DefectRegress.TipSmallIntRejectWithoutRecoverIsLoss_Contract
[  PASS  ] DefectRegress.FieldPlaceColourMustStripAtAbi
[  PASS  ] DefectRegress.GcCompletePublishSeesThisCycleStats
[  PASS  ] DefectRegress.GcCompleteHeuSuppressedAfterPublish
[  PASS  ] DefectRegress.YoungFinishDefersHeuAtMostOncePerMajor
[  PASS  ] DefectRegress.YoungFinishInsideExistingWindowDoesNotExtendHeuThrottle
[  PASS  ] DefectRegress.YoungFinishDoesNotDeferMajorUnderOldPressure
[  PASS  ] DefectRegress.YoungHeuDeferralKillSwitchDoesNotTouchSharedClockOrCredit
[  PASS  ] DefectRegress.GcCountExportReadsAtomic
[  PASS  ] DefectRegress.ExportHandleDoubleRemoveNoAlias
[  PASS  ] DefectRegress.LiveHolderOnAllocatingPageKeepsSlot
[  PASS  ] DefectRegress.ExportHandleStaleReuseDoesNotTouchNewOccupant
[  PASS  ] ZBitMapPort.StrongPairUnset
[  PASS  ] ZBitMapPort.StrongPairSet
[  PASS  ] RegionBitmap.BitCoverMatchesRegionSize
[  PASS  ] RegionBitmap.GetRegionBitmapSizeMonotonic
[  PASS  ] RegionBitmap.MarkBitsIdempotentAndDisjoint
[  PASS  ] RegionBitmap.MarkBitsAlreadyIsStartBitOnly
[  PASS  ] RegionBitmap.NearEndOffsetsInCover
[  PASS  ] RegionAge.YoungAgeRoundTrip
[  PASS  ] RegionAge.MaxYoungAgeBound
[  PASS  ] RegionAge.YoungFlagIndependentOfAge
[  PASS  ] RegionAge.GenerationIdEnumExists
[  PASS  ] UnwindRegress.SofFoldFlagIsNotAFrame
SIGNAL_FRAME_DIRECT_SPRINTF_CALLS=3 SIGNAL_FRAME_OVERLAPPING_SPRINTF_CALLS=0
[  PASS  ] UnwindRegress.SignalFrameAppendDoesNotOverlap
[  PASS  ] UnwindRegress.SignalFramePrintDoesNotAbort
[  PASS  ] UnwindRegress.FallbackZeroesPcAndLine
[  PASS  ] GctibZero.B_NullGctibSegvIsPointerArm
[  PASS  ] GctibZero.B_AfterCalculateGCTibWalks
[  PASS  ] GctibZero.C_OneRegionElseStillChecks
[  PASS  ] GctibZero.C_PlanSizedByBitmapFaceStaysInRegion1
PINROOT_RESULT futures=16 object_bytes=168 pinned_regions=1 total_pinned_regions=1 raw_pinned_region_pct=100 garbage_while_pinned=0 garbage_after_remove=2688 retained_bytes=2688 collateral_bytes=2520 count_while_pinned=1 count_after_remove=0
[  PASS  ] PinRoot.NativeHeldUnmarkedPinnedObjectSurvivesUntilRemove
[  PASS  ] RegionRetirement.CompactInPlaceLeavesRegionOnAListACollectorWalks
[  PASS  ] RegionRetirement.StayYoungAfterCompactInPlaceDoesNotRelinkRecentFull
[  PASS  ] RegionRetirement.StayYoungTransfersCompletedCompactTailFromThreadLocal
[  PASS  ] RegionRetirement.CompactTailDoesNotStealConcurrentRecentFullNode
[  PASS  ] FollowEdge.HolderSlotToLargePrimitiveArrayIsTraced
[  PASS  ] ZForwardingLife.RetainAfterReleaseRefuses
[  PASS  ] ZForwardingLife.DetachWaitsForLastReader
[  PASS  ] ZForwardingLife.ClaimInvertsAndLateRetainRefusesImmediately
[  PASS  ] ZForwardingLife.CopyInflightPairing
[  PASS  ] ZForwardingLife.RouteDestHoldDecisionDistribution
[  PASS  ] ZForwardingLife.CopyInflightDrainWakes
[  PASS  ] ZForwardingLife.ClaimedRetainRefusesImmediatelyAndResetIdle
[  PASS  ] ZForwardingLife.DetachCheckMeasuresAndHonorsGate
[  PASS  ] ColourIsChecks.EveryColourAtTheStartingEpoch
[  PASS  ] ColourIsChecks.EveryColourAcrossAnIrregularFlipSchedule
[  PASS  ] ColourIsChecks.UncolouredValueIsNeitherLoadGoodNorLoadBad
[  PASS  ] ColourIsChecks.RawNullIsGoodOrNullAndNeverBad
[  PASS  ] ColourIsChecks.RemapPairIsABijectionWithTheFourColours
[  PASS  ] ColourIsChecks.StoreGoodComplementAtTheStartingEpoch
[  PASS  ] ColourIsChecks.StoreGoodComplementAcrossAnIrregularFlipSchedule
[  PASS  ] RemapYoungRoots.IntersectionIsOneHot
[  PASS  ] RemapYoungRoots.YoungFlipXorWrapsAcceptedPair
[  PASS  ] RemapYoungRoots.TwoYoungFlipsWithoutRemapMakeOldColourGoodAgain
[  PASS  ] RemapYoungRoots.Phase8KeepsRootsFromWrappingToGood
[  PASS  ] RemapYoungRoots.RemapClearsDoubleBadOnColouredSlot
[  PASS  ] RemapYoungRoots.UncolouredStackRootIsNotPainted
[  PASS  ] RemapYoungRoots.DisabledPassLeavesDoubleBad
[  PASS  ] ZForwardingEntries.setup
[  PASS  ] ZForwardingEntries.find_empty
[  PASS  ] ZForwardingEntries.find_full
[  PASS  ] ZForwardingEntries.find_every_other
[  PASS  ] ZForwardingEntries.survives_without_2026-08-24 00:59:14.827598 155163 E [FWDTABLE] armed base=0x769932928660 size=8192 unit=4096 entries=3
geometry
[  PASS  ] ZForwardingEntries.OutOfRangeFromIndexUsesOverflowReceipt
[  PASS  ] ZForwardingEntries.OutOfRangeFromIndexIsRefusedNotTruncated
[  PASS  ] ZForwardingEntries.LargeFromIndexRoundTrip
[  PASS  ] ZForwardingEntries.FullTableInsertionUsesOverflowReceipt
[  PASS  ] ZForwardingEntries.FullTableProbeTerminatesInsteadOfSpinning
[  PASS  ] ZForwardingEntries.TableKnowsWhichRegionItWasBuiltFor
[  PASS  ] ZForwardingEntries.CoversRecordsRegionSpan
[  PASS  ] ForwardingNoGeometry.ArmedMissIsNullNotGeometry
[  PASS  ] ForwardingNoGeometry.ArmedLookupAndSuccessfulExclusiveCopyPublishProductReceipt
[  PASS  ] ZGranuleMap.GetPutRemove
[  PASS  ] ZForwarding.AttachedArraySitsAfterObject
[  PASS  ] ZForwarding.ProvisionalUsesRefCountProtocol
[  PASS  ] ZForwardingTable.kZfwdTableConsumeOn
[  PASS  ] ZForwardingTable.MembershipUnlinkKeepsEntries
[  PASS  ] YoungConc.PaintedObjectSkippedByShouldEnqueue
[  PASS  ] YoungConc.StaleOldMarkDoesNotSkipYoungEnqueue
[  PASS  ] YoungConc.TraceRegionSkipsSatbWithoutPaint
[  PASS  ] YoungConc.AllocBlackWhiteWhenConcMarkOff
[  PASS  ] YoungConc.AllocBlackPaintAndGreyWhenConcMarkOn
[  PASS  ] YoungConc.PaintWithoutGreyLedgerMissesWorkStack
[  PASS  ] YoungConc.YoungToYoungWriteNotInRemset
[  PASS  ] YoungConc.YoungToYoungDirtyHolderReachesWorkStack
[  PASS  ] YoungConc.OldToYoungStillRecorded
[  PASS  ] YoungConc.TraceStoreMarksNewYoungTarget
[  PASS  ] YoungConc.IdleStoreDoesNotMarkNewYoungTarget
[  PASS  ] YoungConc.PeekYoungAllocBlackDoesNotConsume
[  PASS  ] YoungConc.Stw2CurrentInjectForcesUncovered
[  PASS  ] YoungConc.ClassifyWaterBeatsMark
[  PASS  ] YoungConc.ClassifyMarkedWhenNoWater
[  PASS  ] YoungConc.ClassifyAllocBlackWhenUnmarked
[  PASS  ] YoungConc.ClassifyUncoveredYoung
[  PASS  ] YoungConc.ClassifySkipOldHolderTarget
[  PASS  ] YoungConc.MarkTerminateProtocolDefault
[  PASS  ] YoungConc.LegacyTerminationMissesUnfullSatbNode
[  PASS  ] RelocationSetSelector.EmptySet
[  PASS  ] RelocationSetSelector.AllSparseSelected
[  PASS  ] RelocationSetSelector.FragmentationLimitStopsPrefix
[  PASS  ] RelocationSetSelector.EqualLiveBytesStableOrder
[  PASS  ] RelocationSetSelector.LargeRegionsNeverSelected
[  PASS  ] RelocationSetSelector.PreFilterDropsLowGarbage
[  PASS  ] RelocationSetSelector.AllocatingPagesNeverSelected
[  PASS  ] StoreBuf.FullAutoFlushKeepsEveryEntry
[  PASS  ] StoreBuf.UnflushedPendingInvisibleToDrain
[  PASS  ] StoreBuf.FlushBeforeRelocateSnapshotPublishesPending
[  PASS  ] StoreBuf.MarkEndSnapshotLeavesCurrentForNextMinor
[  PASS  ] StoreBuf.FlushBeforeMinorDoesNotLoseEdges
[  PASS  ] StoreBuf.ThreadExitFlushRedeems
[  PASS  ] StoreBuf.ReRememberDoesNotFightBuffer
[  PASS  ] PageAgeRangeTest.test
[  PASS  ] PageAge.UntypeRoundTrip
[  PASS  ] TenuringThreshold.PromoteAllIsZero
[  PASS  ] TenuringThreshold.EmptyYoungIsZero
[  PASS  ] TenuringThreshold.GenerationalRaisesThreshold
[  PASS  ] TenuringThreshold.PressureLowersThreshold
[  PASS  ] TenuringThreshold.DistributionFlipBothDirections
[  PASS  ] TenuringThreshold.ComputeToAge
[  PASS  ] StayYoung.PolicySwitchIsWiredToTheDecision
[  PASS  ] StayYoung.BelowThresholdDoesNotPromote
[  PASS  ] StayYoung.BumpAgesAndKeepsYoung
[  PASS  ] StayYoung.AgeClampsAtSurvivor14
[  PASS  ] StayYoung.EnlistTypeMustNotStayLoneFrom
[  PASS  ] StayYoung.GarbageTypeSurvivesGhostAndAgeCas
[  PASS  ] StayYoung.InitRegionClearsGhostSuccessor
[  PASS  ] GcTrigger.SwitchDefaultOn
[  PASS  ] GcTrigger.YoungTriggerPinsAt32WhenAsked
[  PASS  ] GcTrigger.YoungTriggerFloorWithoutSample
[  PASS  ] GcTrigger.YoungTriggerRaisesOnHighSurvival
[  PASS  ] GcTrigger.YoungTriggerHoldsFloorOnLowSurvival
[  PASS  ] GcTrigger.YoungTriggerRaisesWhenLastMinorFreedLessThanFivePercent
[  PASS  ] GcTrigger.YoungTriggerHoldsFloorWhenDeadYoungIsSmallFractionOfHeap
[  PASS  ] GcTrigger.DirectorMinorIgnoresRaisedWatermark
[  PASS  ] TruncatedSeq.EmptyIsZero
[  PASS  ] TruncatedSeq.OneSamplePredictsItself
[  PASS  ] TruncatedSeq.ConstantWindowHasZeroSd
[  PASS  ] TruncatedSeq.WindowDropsOldest
[  PASS  ] GcTrigger.RateZeroDoesNotFireAllocRate
[  PASS  2026-08-24 00:59:14.859445 155163 E [GCV2][expire-kept] n=1 bytes=4096
2026-08-24 00:59:14.902491 155163 E [GCV2][exempt-kept] n=1 region=0x769932928550 start=0x769932928660 route=0 live=0
2026-08-24 00:59:14.902612 155163 E [GCV2][exempt-kept] n=2 region=0x769932928550 start=0x769932928660 route=0 live=0
2026-08-24 00:59:14.902662 155163 E [GCV2][exempt-kept] n=3 region=0x769932928550 start=0x769932928660 route=0 live=0
[GCV2][holewho] sample n=1 off=16 len=48 type=1 next_plausible=0 bucket=0 prev=? filler=1
[GCV2][holewho] sample n=2 off=16 len=48 type=1 next_plausible=0 bucket=0 prev=? filler=1
] GcTrigger.ConstantRateFiresWhenFreeCannotCoverGc
[  PASS  ] GcTrigger.ConstantRateHoldsWhenFreeCoversGc
[  PASS  ] GcTrigger.RateSpikeFiresViaSigma
[  PASS  ] GcTrigger.RemainingCannotCoverOneGc
[  PASS  ] GcTrigger.WarmupAtTenPercent
[  PASS  ] GcTrigger.WarmupBelowTenPercentSilent
[  PASS  ] GcTrigger.TwoRulesTimerBeatsAllocRate
[  PASS  ] GcTrigger.TwoRulesAllocRateBeatsHighUsage
[  PASS  ] GcTrigger.HighUsageAlone
[  PASS  ] GcTrigger.NotTrustableDisablesAllocRate
[  PASS  ] GcTrigger.SoftMaxIsFreeDenominator
[  PASS  ] GcTrigger.MajorAllocRateAmortizesExtraYoungTime
[  PASS  ] GcTrigger.MajorAllocRateOldGarbageCheaper
[  PASS  ] GcTrigger.MajorAllocRateUrgentWhenYoungSmallAndHighUsage
[  PASS  ] GcTrigger.MajorAllocRateDisabledWhenNotTrustable
[  PASS  ] GcTrigger.MinorUpgradesToMajorAllocRate
[  PASS  ] GcTrigger.ProactiveFiresAfterAcceptableInterval
[  PASS  ] GcTrigger.ProactiveHoldsWithoutGrowthOrTime
[  PASS  ] GcTrigger.ProactiveDisabledWhenCold
[  PASS  ] GcTrigger.DynamicWorkersDefaultOffUsesPoolCap
[  PASS  ] MutatorRelocate.UnpublishedTargetIsKeptRatherThanWaitedFor
[  PASS  ] MutatorRelocate.UnpublishedRegionWaitsForPublish
[  PASS  ] MutatorRelocate.TwoThreadsInsertSameFromLoserTakesWinner
[  PASS  ] MutatorRelocate.ForcedFirstCasFailureReturnsOneReceiptAndOneCompleter
[  PASS  ] MutatorRelocate.ForwardedPublicationRequiresNonNullReceipt
[  PASS  ] MutatorRelocate.ForwardedRegionNoEntryKeepsFrom
[  PASS  ] FwdSpin.LockedWaiterSeesInsertBeforeUnlock
[  PASS  ] MutatorRelocate.RelocateInnerRequiresForwardPhase
[  PASS  ] MutatorRelocate.RefcountZeroRetainRefusesThenWait
[  PASS  ] RelocationRequestQueue.RequestedReceiptIsClaimedBeforeOrdinaryAndCompletesOnce
[  PASS  ] RelocationRequestQueue.FailedOwnerCompletionReleasesWaiterWithoutReceipt
[  PASS  ] RelocationRequestQueue.LastWorkerAndAddHaveOneAtomicProgressDecision
[  PASS  ] RelocationRequestQueue.AddWakesAWorkerSynchronizedOnAnEmptyQueue
[  PASS  ] RelocationRequestQueue.RegionManagerCompletesRetainedOwnerThroughProductWiring
[  PASS  ] GCThreadPool.RelocationRequestHasOneCompletionOwnerBeforeWaitFinishReturns
[  PASS  ] GCThreadPool.ActualForwardTaskClosesClaimedRequestExactlyOnceWhenOwnerExits
[  PASS  ] GCThreadPool.ProductParallelEntryRegistersWorkersAndCompletesOrdinaryOwner
[  PASS  ] GCThreadPool.ProductSerialEntryRegistersWorkerAndCompletesClaimedOwner
[  PASS  ] GCThreadPool.ProductYoungRuntimeEntryClosesRelocationRequestGeneration
[  PASS  ] GCThreadPool.ActualForwardTaskCompletesClaimedOwnerAtRegionExit
[  PASS  ] IkeKeep.ExpireClearsKeptButLeavesForwarded
[  PASS  ] ExemptLife.DropRetiredCoveringRemovesFindTo
[  PASS  ] ExemptLife.RetiredOnlyLookupSurvivesGhostLoss
[  PASS  ] ReceiptLife.StaleToRegionEpochRejectsReceipt
[  PASS  ] ReceiptLife.DestLaterForwardedHeaderRejectsReceipt
[  PASS  ] ReceiptLife.KeptExpireLatchIsOnce
[  PASS  ] LifeClock.WideClockOutlivesLegacyWrapAndHasNo32kCollision
[  PASS  ] LifeClock.LegacyHoldBitSurvivesIndependentClockBump
[  PASS  ] LifeClock.ForgedOldMarkViewIsCountedAndEnforced
[  PASS  ] LifeClock.ForgedOldRouteInfoIsCountedAndEnforced
[  PASS  ] LifeClock.ReceiptAbaAfter128ReusesIsCountedAndEnforced
[  PASS  ] LifeClock.ArmedAndRetiredEntriesRejectOldFromPage
[  PASS  ] LifeClock.MissingRouteStampSurvivingBoundaryIsCounted
[  PASS  ] ExemptLife.ExemptWaitsForLockedThenPublishesDone
[  PASS  ] ExemptLife.InPlaceCopyMustNotPaintNormalBeforeUnlock
[  PASS  ] ExemptLife.FindHitDoesNotEnterCopyInflight
[  PASS  ] ExemptLife.ExemptAlreadyForwardedStillPublishesDone
[  PASS  ] ExemptLife.PrepareInstallStripsForwardedResidual
[  PASS  ] ExemptLife.PrepareInstallLeavesLockedAlone
[  PASS  ] ZForwardingLife.DrainScopeWaitsCopiedWhenRefCountZero
[  PASS  ] HealCoverage.NullAndPlainAreNotMisses
[  PASS  ] HealCoverage.CurrentColourIsLoadGood
[  PASS  ] HealCoverage.PreviousYoungColourIsStaleBeforeWrap
[  PASS  ] HealCoverage.InjectPositiveControlRings
[  PASS  ] HealCoverage.TwoYoungFlipsWrapStaleIntoLookingGood
[  PASS  ] HealCoverage.FaceOfSplitsTheFiveHealSurfaces
[  PASS  ] HealCoverage.CensusWordsCountsEach2026-08-24 00:59:14.922969 155163 E [GCV2][diag] legend: gates live (env-read). A zero means the arm did not fire. Confirm the probe is armed with MRT_GCV2_DIAG_ACTIVE=1 before reading any zero.
[GCV2][holewho] sample n=3 off=16 len=64 type=1 next_plausible=1 bucket=1 prev=? filler=0
[GCV2][zgcselfheal][census] why=armed armed=1 enter=0 null_skip=0 healed=0 fastpath_exit=0 retry=0 cas_fail=0 iter_max=0 spin_alarm=0 pre_ptr_fastpath=0 pre_heal_not_fastpath=0 pre_heal_not_remapped=0 mono_checks=0 mono_load_good=0 mono_mark_good=0 mono_store_good=0 mono_marked_young=0 mono_marked_old=0 mono_finalizable=0
[GCV2][zgcselfheal][census] why=periodic armed=1 enter=1 null_skip=0 healed=0 fastpath_exit=0 retry=0 cas_fail=0 iter_max=0 spin_alarm=0 pre_ptr_fastpath=0 pre_heal_not_fastpath=0 pre_heal_not_remapped=0 mono_checks=0 mono_load_good=0 mono_mark_good=0 mono_store_good=0 mono_marked_young=0 mono_marked_old=0 mono_finalizable=0
2026-08-24 00:59:14.923183 155163 E [ZGCINV][illegal] n=1 phase=6 barrier=forward flipSeq=0 target=0x7699329286a0 slotRaw=0x17699329286a0 slotRaw2=0x17699329286a0 addrMatch=1 toVer=(nil) slotIsToVersion=0 route=0 young=0
[GCV2][verify][roots] BAD_ROOT kind=runtime-root phase=gc_unit-coloured-root reason=root-value-is-coloured func=? startIP=(nil) frameIP=(nil) frameFA=(nil) pcOff=0x0 slotBias=0 reg=-1 slotOrReg=0x7fffee21d2c8 raw=0x17f1234567000 obj=(nil) objRegion=other tip=(nil) tipRegion=null typeByte=-1 env=MRT_GCV2_VERIFY_ROOTS=1
2026-08-24 00:59:14.963313 155163 E [ZGCINV][summary] why=atexit i1_checked=0 i1_violations=0 i1_forwarded=0 i1_zero_header=0 illegal=1 stw=0 idle=0 enum=0 trace=0 post_trace=0 preforward=0 forward=1 heal_return_checked=2 heal_return_failures=0
[GCV2][holewho] atexit n=3 bytes=160 never=2 after_neighbor=1 header_cleared=0 next_plausible=1 tl=3 rf=0
[GCV2][page-owner] point=atexit mismatch_attempts=0 first_paints=0 mode=assert
[FWDTABLE][refuse] atexit full=0 overflow=0 fallbackFull=0 fallbackOverflow=0 armedHit=2 armedMiss=2 unarmed=0
[GCV2][fillerzero] atexit
[GCV2][fillerzero] site=slot_extra n=16 bytes=2432 dense_n=0 dense_bytes=0 buckets= 2^7=16
[GCV2][fillerzero] site=clear_units n=0 bytes=0 dense_n=0 dense_bytes=0 buckets=
[GCV2][fillerzero] site=take_garbage n=0 bytes=0 dense_n=0 dense_bytes=0 buckets=
[GCV2][fillerzero] site=take_inactive n=0 bytes=0 dense_n=0 dense_bytes=0 buckets=
[GCV2][fillerzero] site=dirty_take n=0 bytes=0 dense_n=0 dense_bytes=0 buckets=
[GCV2][fillerzero] site=released_pre n=0 bytes=0 dense_n=0 dense_bytes=0 buckets=
[GCV2][fillerzero] site=compact n=0 bytes=0 dense_n=0 dense_bytes=0 buckets=
[GCV2][fillerzero] site=compact_partial n=0 bytes=0 dense_n=0 dense_bytes=0 buckets=
[GCV2][fillerzero] site=route_reserve n=0 bytes=0 dense_n=0 dense_bytes=0 buckets=
[GCV2][ike-keep] atexit trueEmpty=0 keep=0 keepBytes=0 nullFace=0 epoch=0
[GCV2][w1-store] atexit total=9 ghostFrom=0
[GCV2][w1-holder] atexit ghost=0 forwarded=0
[GCV2][tailslot] geom_cross_end=1
[GCV2][page-owner] point=atexit mismatch_attempts=0 first_paints=0 mode=assert
[GCV2][detach-check] phase=measure site=collect_from_garbage checks=0 evidence=0 blocked=0 active_table=0 retired_table=0 route_dest_held=0 fwd_positive=0 fwd_readers=0 fwd_claimed=0 fwd_released=0 copy_inflight=0
[GCV2][detach-check] phase=measure site=take_garbage checks=1 evidence=1 blocked=0 active_table=0 retired_table=1 route_dest_held=0 fwd_positive=0 fwd_readers=0 fwd_claimed=0 fwd_released=0 copy_inflight=0
[GCV2][detach-check] phase=measure site=take_after_dispel checks=0 evidence=0 blocked=0 active_table=0 retired_table=0 route_dest_held=0 fwd_positive=0 fwd_readers=0 fwd_claimed=0 fwd_released=0 copy_inflight=0
[GCV2][detach-check] phase=measure site=reclaim_dirty checks=0 evidence=0 blocked=0 active_table=0 retired_table=0 route_dest_held=0 fwd_positive=0 fwd_readers=0 fwd_claimed=0 fwd_released=0 copy_inflight=0
[GCV2][detach-check] phase=measure site=reclaim_mark_quarantine checks=0 evidence=0 blocked=0 active_table=0 retired_table=0 route_dest_held=0 fwd_positive=0 fwd_readers=0 fwd_claimed=0 fwd_released=0 copy_inflight=0
[GCV2][detach-check] phase=measure site=release_region checks=0 evidence=0 blocked=0 active_table=0 retired_table=0 route_dest_held=0 fwd_positive=0 fwd_readers=0 fwd_claimed=0 fwd_released=0 copy_inflight=0
[GCV2][detach-check] phase=measure site=release_garbage_units checks=0 evidence=0 blocked=0 active_table=0 retired_table=0 route_dest_held=0 fwd_positive=0 fwd_readers=0 fwd_claimed=0 fwd_released=0 copy_inflight=0
[GCV2][detach-check] phase=measure site=take_garbage_reuse checks=3 evidence=2 blocked=0 active_table=0 retired_table=0 route_dest_held=2 fwd_positive=2 fwd_readers=0 fwd_claimed=1 fwd_released=1 copy_inflight=2
[GCV2][detach-check] phase=measure site=take_dirty_reuse checks=0 evidence=0 blocked=0 active_table=0 retired_table=0 route_dest_held=0 fwd_positive=0 fwd_readers=0 fwd_claimed=0 fwd_released=0 copy_inflight=0
[GCV2][detach-check] phase=measure site=take_released_reuse checks=0 evidence=0 blocked=0 active_table=0 retired_table=0 route_dest_held=0 fwd_positive=0 fwd_readers=0 fwd_claimed=0 fwd_released=0 copy_inflight=0
[GCV2][detach-check] phase=measure site=clear_units checks=0 evidence=0 blocked=0 active_table=0 retired_table=0 route_dest_held=0 fwd_positive=0 fwd_readers=0 fwd_claimed=0 fwd_released=0 copy_inflight=0
[GCV2][detach-check] phase=measure site=release_units checks=0 evidence=0 blocked=0 active_table=0 retired_table=0 route_dest_held=0 fwd_positive=0 fwd_readers=0 fwd_claimed=0 fwd_released=0 copy_inflight=0
[GCV2][detach-check] phase=measure site=init_free_units checks=0 evidence=0 blocked=0 active_table=0 retired_table=0 route_dest_held=0 fwd_positive=0 fwd_readers=0 fwd_claimed=0 fwd_released=0 copy_inflight=0
[GCV2][detach-check] phase=measure site=init_region_info checks=66081 evidence=65871 blocked=0 active_table=8 retired_table=65871 route_dest_held=1 fwd_positive=0 fwd_readers=0 fwd_claimed=0 fwd_released=0 copy_inflight=0
[GCV2][detach-check] phase=measure site=major_recheck checks=0 evidence=0 blocked=0 active_table=0 retired_table=0 route_dest_held=0 fwd_positive=0 fwd_readers=0 fwd_claimed=0 fwd_released=0 copy_inflight=0
[GCV2][detach-quarantine] gate=0 admitted=0 released=0 recheck_held=0 peak_entries=0 max_entries=65536 max_rechecks=8
[GCV2][zlife] atexit refuse_released=4 refuse_claimed=3 detach_waited=1
Kind
[  PASS  ] DiagGate.LegacyEnvArmsTheGate
[  PASS  ] DiagGate.NullLegacyNameIsNotAnArm
[  PASS  ] DiagGate.UnsetLegacyEnvLeavesGateOff
[  PASS  ] DiagGate.AnnounceAndLegendAreIdempotent
[  PASS  ] InteriorEdgeClass.SlotNotRefWinsOverEverything
[  PASS  ] InteriorEdgeClass.InStreamLiveIsRecoverFail
[  PASS  ] InteriorEdgeClass.InStreamDeadIsBaseUnmarked
[  PASS  ] InteriorEdgeClass.RecoverWithoutStream
[  PASS  ] InteriorEdgeClass.TruncatedWalkIsNotValueCorrupt
[  PASS  ] InteriorEdgeClass.ValueCorruptIsTheResidual
[  PASS  ] InteriorEdgeClass.FourKindsExhaustiveAndNamed
[  PASS  ] IsFromReg.TryDeleteFromFailsAfterPinRetype
[  PASS  ] IsFromReg.UnlistedGarbageClaimIsRefusedUntilPrepend
[  PASS  ] IsFromReg.TakeGarbageSkipsRawPointerHold
[  PASS  ] TypeFence.SizeIsOneWord
[  PASS  ] TypeFence.NullDefault
[  PASS  ] TypeFence.FromResolvedRoundTrip
[  PASS  ] TypeFence.CopyPreservesBits
[  PASS  ] TypeFence.MaybeFromIsNotConstructible
[  PASS  ] FillerObj.ExplicitOffLeavesZeroGapUnwalkable
[  PASS  ] FillerObj.EnabledWalkCrossesFilledGap
[  PASS  ] FillerObj.RouteReserveGapWalkableWhenEnabled
[  PASS  ] I2ReadRef.ForwardedFromReturnsTo
[  PASS  ] FwdReturn.IllegalTuplePositiveControlIncrementsBacking
[  PASS  ] FwdReturn.HealAndReturnSameAddressPasses
[  PASS  ] FwdReturn.HealAndReturnMismatchAborts
[  PASS  ] FnlzRoots.RegisteredFinalizerIsRawPointerButNotStrongRoot
[  PASS  ] FnlzRoots.VisitFinalizersCountMatchesRegister
[  PASS  ] MarkStackEntry.ObjectPoliciesAreIndependent
[  PASS  ] MarkStackEntry.PartialArrayIsASeparateKind
[  PASS  ] MarkStackEntry.StackSplitPreservesPolicy
[  PASS  ] MarkStripe.NoSmrPositiveControlCorruptsHead
[  PASS  ] MarkStripe.SmrHazardPreventsAbaReuse
[  PASS  ] MarkStripe.ConcurrentGlobalStealIsLiveAndLossless
[  PASS  ] PartialArray.EncodeDecodeRoundtrip
[  PASS  ] PartialArray.EmptyAndSingle
[  PASS  ] PartialArray.ThresholdExact
[  PASS  ] PartialArray.ThresholdMinusOne
[  PASS  ] PartialArray.ThresholdPlusOne
[  PASS  ] PartialArray.MultiChunk
[  PASS  ] PartialArray.BoundaryRefs
[  PASS  ] PartialArray.UnalignedStart
[  PASS  ] VerifyRoots.DefaultOffLeavesCorruptRootUnobserved
[  PASS  ] VerifyRoots.EnabledReportsColouredRootBeforeDereference
[  PASS  ] MemMapContract.NullAndInvalidInputsDoNotReachOS
[  PASS  ] MemMapContract.AccessorsBoundaryCommitProtectAndDestroy
[  PASS  ] MemMapContract.FallbackRegistryPreservesEveryAcquiredReservation
[  PASS  ] MemMapContract.BudgetRejectsBeforeReserve
[  PASS  ] MemMapContract.TwoNodeOwnershipRejectsCrossNodeFree
[  PASS  ] MemMapContract.RegionManagerInactiveAllocationUsesMemMapOwner
[========] 335 tests: 335 passed, 0 failed
GC_UNIT_RUN_DONE rc=0 wall_ms=275
TEST_RC=0
0a2c4ffec3764798dca9e4124422b2207ff87a47c76d7fdd92366ec75cb22fe6  /root/cj_build/impl_relocation_receipt_queue5-mutant/src/runtime/tests/gc_unit/build_queue5_test/cj_gc_unit
TEST_FORWARD_TASK_BINDING_BEGIN
                 U MapleRuntime::ForwardTask<(MapleRuntime::Generation)1>::Execute(unsigned long)@CANGJIE
TEST_COPY_COLLECTOR_BINDING_BEGIN
                 U MapleRuntime::CopyCollector::ForwardFromSpace()@CANGJIE
TEST_BINDING_END
2026-08-24T00:59:15+08:00
 00:59:15 up 33 days,  2:09,  1 user,  load average: 6.77, 5.09, 4.97
FINAL_RC=0
