In file included from /root/cj_build/impl_relocation_receipt_queue4-mutant/src/runtime/tests/gc_unit/test_defect_regressions.cpp:24:
/root/cj_build/impl_relocation_receipt_queue4-mutant/src/runtime/src/Heap/Collector/TracingCollector.h:352:20: warning: unused variable 'objSize' [-Wunused-variable]
            size_t objSize = obj->GetSize();
                   ^
/root/cj_build/impl_relocation_receipt_queue4-mutant/src/runtime/src/Heap/Collector/TracingCollector.h:360:47: warning: unused parameter 'ref' [-Wunused-parameter]
    virtual void EnumRefFieldRoot(RefField<>& ref, RootSet& rootSet) const {};
                                              ^
/root/cj_build/impl_relocation_receipt_queue4-mutant/src/runtime/src/Heap/Collector/TracingCollector.h:360:61: warning: unused parameter 'rootSet' [-Wunused-parameter]
    virtual void EnumRefFieldRoot(RefField<>& ref, RootSet& rootSet) const {};
                                                            ^
/root/cj_build/impl_relocation_receipt_queue4-mutant/src/runtime/src/Heap/Collector/TracingCollector.h:361:51: warning: unused parameter 'obj' [-Wunused-parameter]
    virtual void TraceObjectRefFields(BaseObject* obj, WorkStack& workStack)
                                                  ^
/root/cj_build/impl_relocation_receipt_queue4-mutant/src/runtime/src/Heap/Collector/TracingCollector.h:361:67: warning: unused parameter 'workStack' [-Wunused-parameter]
    virtual void TraceObjectRefFields(BaseObject* obj, WorkStack& workStack)
                                                                  ^
/root/cj_build/impl_relocation_receipt_queue4-mutant/src/runtime/src/Heap/Collector/TracingCollector.h:368:59: warning: unused parameter 'entry' [-Wunused-parameter]
    virtual void FollowPartialArray(const MarkStackEntry& entry, WorkStack& workStack)
                                                          ^
/root/cj_build/impl_relocation_receipt_queue4-mutant/src/runtime/src/Heap/Collector/TracingCollector.h:368:77: warning: unused parameter 'workStack' [-Wunused-parameter]
    virtual void FollowPartialArray(const MarkStackEntry& entry, WorkStack& workStack)
                                                                            ^
/root/cj_build/impl_relocation_receipt_queue4-mutant/src/runtime/src/Heap/Collector/TracingCollector.h:372:53: warning: unused parameter 'kind' [-Wunused-parameter]
    virtual BaseObject* GetAndTryTagObj(RefSlotKind kind, BaseObject* obj, RefField<>& field)
                                                    ^
/root/cj_build/impl_relocation_receipt_queue4-mutant/src/runtime/src/Heap/Collector/TracingCollector.h:372:71: warning: unused parameter 'obj' [-Wunused-parameter]
    virtual BaseObject* GetAndTryTagObj(RefSlotKind kind, BaseObject* obj, RefField<>& field)
                                                                      ^
/root/cj_build/impl_relocation_receipt_queue4-mutant/src/runtime/src/Heap/Collector/TracingCollector.h:372:88: warning: unused parameter 'field' [-Wunused-parameter]
    virtual BaseObject* GetAndTryTagObj(RefSlotKind kind, BaseObject* obj, RefField<>& field)
                                                                                       ^
/root/cj_build/impl_relocation_receipt_queue4-mutant/src/runtime/src/Heap/Collector/TracingCollector.h:453:27: warning: unused parameter 'heapMarked' [-Wunused-parameter]
    void ResetBitmap(bool heapMarked)
                          ^
/root/cj_build/impl_relocation_receipt_queue4-mutant/src/runtime/src/Heap/Collector/TracingCollector.h:491:47: warning: unused parameter 'root' [-Wunused-parameter]
    virtual void EnumAndTagRawRoot(ObjectRef& root, RootSet& rootSet) const
                                              ^
/root/cj_build/impl_relocation_receipt_queue4-mutant/src/runtime/src/Heap/Collector/TracingCollector.h:491:62: warning: unused parameter 'rootSet' [-Wunused-parameter]
    virtual void EnumAndTagRawRoot(ObjectRef& root, RootSet& rootSet) const
                                                             ^
13 warnings generated.
In file included from /root/cj_build/impl_relocation_receipt_queue4-mutant/src/runtime/tests/gc_unit/test_forwarding_no_geometry.cpp:12:
In file included from /root/cj_build/impl_relocation_receipt_queue4-mutant/src/runtime/src/Heap/WCollector/WCollector.h:24:
In file included from /root/cj_build/impl_relocation_receipt_queue4-mutant/src/runtime/src/Heap/Collector/CopyCollector.h:13:
/root/cj_build/impl_relocation_receipt_queue4-mutant/src/runtime/src/Heap/Collector/TracingCollector.h:352:20: warning: unused variable 'objSize' [-Wunused-variable]
            size_t objSize = obj->GetSize();
                   ^
/root/cj_build/impl_relocation_receipt_queue4-mutant/src/runtime/src/Heap/Collector/TracingCollector.h:360:47: warning: unused parameter 'ref' [-Wunused-parameter]
    virtual void EnumRefFieldRoot(RefField<>& ref, RootSet& rootSet) const {};
                                              ^
/root/cj_build/impl_relocation_receipt_queue4-mutant/src/runtime/src/Heap/Collector/TracingCollector.h:360:61: warning: unused parameter 'rootSet' [-Wunused-parameter]
    virtual void EnumRefFieldRoot(RefField<>& ref, RootSet& rootSet) const {};
                                                            ^
/root/cj_build/impl_relocation_receipt_queue4-mutant/src/runtime/src/Heap/Collector/TracingCollector.h:361:51: warning: unused parameter 'obj' [-Wunused-parameter]
    virtual void TraceObjectRefFields(BaseObject* obj, WorkStack& workStack)
                                                  ^
/root/cj_build/impl_relocation_receipt_queue4-mutant/src/runtime/src/Heap/Collector/TracingCollector.h:361:67: warning: unused parameter 'workStack' [-Wunused-parameter]
    virtual void TraceObjectRefFields(BaseObject* obj, WorkStack& workStack)
                                                                  ^
/root/cj_build/impl_relocation_receipt_queue4-mutant/src/runtime/src/Heap/Collector/TracingCollector.h:368:59: warning: unused parameter 'entry' [-Wunused-parameter]
    virtual void FollowPartialArray(const MarkStackEntry& entry, WorkStack& workStack)
                                                          ^
/root/cj_build/impl_relocation_receipt_queue4-mutant/src/runtime/src/Heap/Collector/TracingCollector.h:368:77: warning: unused parameter 'workStack' [-Wunused-parameter]
    virtual void FollowPartialArray(const MarkStackEntry& entry, WorkStack& workStack)
                                                                            ^
/root/cj_build/impl_relocation_receipt_queue4-mutant/src/runtime/src/Heap/Collector/TracingCollector.h:372:53: warning: unused parameter 'kind' [-Wunused-parameter]
    virtual BaseObject* GetAndTryTagObj(RefSlotKind kind, BaseObject* obj, RefField<>& field)
                                                    ^
/root/cj_build/impl_relocation_receipt_queue4-mutant/src/runtime/src/Heap/Collector/TracingCollector.h:372:71: warning: unused parameter 'obj' [-Wunused-parameter]
    virtual BaseObject* GetAndTryTagObj(RefSlotKind kind, BaseObject* obj, RefField<>& field)
                                                                      ^
/root/cj_build/impl_relocation_receipt_queue4-mutant/src/runtime/src/Heap/Collector/TracingCollector.h:372:88: warning: unused parameter 'field' [-Wunused-parameter]
    virtual BaseObject* GetAndTryTagObj(RefSlotKind kind, BaseObject* obj, RefField<>& field)
                                                                                       ^
/root/cj_build/impl_relocation_receipt_queue4-mutant/src/runtime/src/Heap/Collector/TracingCollector.h:453:27: warning: unused parameter 'heapMarked' [-Wunused-parameter]
    void ResetBitmap(bool heapMarked)
                          ^
/root/cj_build/impl_relocation_receipt_queue4-mutant/src/runtime/src/Heap/Collector/TracingCollector.h:491:47: warning: unused parameter 'root' [-Wunused-parameter]
    virtual void EnumAndTagRawRoot(ObjectRef& root, RootSet& rootSet) const
                                              ^
/root/cj_build/impl_relocation_receipt_queue4-mutant/src/runtime/src/Heap/Collector/TracingCollector.h:491:62: warning: unused parameter 'rootSet' [-Wunused-parameter]
    virtual void EnumAndTagRawRoot(ObjectRef& root, RootSet& rootSet) const
                                                             ^
In file included from /root/cj_build/impl_relocation_receipt_queue4-mutant/src/runtime/tests/gc_unit/test_forwarding_no_geometry.cpp:12:
/root/cj_build/impl_relocation_receipt_queue4-mutant/src/runtime/src/Heap/WCollector/WCollector.h:348:38: warning: unused variable 'waitCount' [-Wunused-variable]
        static std::atomic<uint64_t> waitCount{ 0 };
                                     ^
/root/cj_build/impl_relocation_receipt_queue4-mutant/src/runtime/src/Heap/WCollector/WCollector.h:345:38: warning: unused variable 'noGhostCount' [-Wunused-variable]
        static std::atomic<uint64_t> noGhostCount{ 0 };
                                     ^
/root/cj_build/impl_relocation_receipt_queue4-mutant/src/runtime/src/Heap/WCollector/WCollector.h:357:20: warning: unused variable 'funnel' [-Wunused-variable]
        const bool funnel = RemapFunnelOn();
                   ^
/root/cj_build/impl_relocation_receipt_queue4-mutant/src/runtime/src/Heap/WCollector/WCollector.h:343:38: warning: unused variable 'callCount' [-Wunused-variable]
        static std::atomic<uint64_t> callCount{ 0 };
                                     ^
/root/cj_build/impl_relocation_receipt_queue4-mutant/src/runtime/src/Heap/WCollector/WCollector.h:346:38: warning: unused variable 'routeNullCount' [-Wunused-variable]
        static std::atomic<uint64_t> routeNullCount{ 0 };
                                     ^
/root/cj_build/impl_relocation_receipt_queue4-mutant/src/runtime/src/Heap/WCollector/WCollector.h:349:38: warning: unused variable 'giveFromCount' [-Wunused-variable]
        static std::atomic<uint64_t> giveFromCount{ 0 };
                                     ^
/root/cj_build/impl_relocation_receipt_queue4-mutant/src/runtime/src/Heap/WCollector/WCollector.h:347:38: warning: unused variable 'receiptCount' [-Wunused-variable]
        static std::atomic<uint64_t> receiptCount{ 0 };
                                     ^
/root/cj_build/impl_relocation_receipt_queue4-mutant/src/runtime/src/Heap/WCollector/WCollector.h:344:38: warning: unused variable 'nonHeapCount' [-Wunused-variable]
        static std::atomic<uint64_t> nonHeapCount{ 0 };
                                     ^
21 warnings generated.
In file included from /root/cj_build/impl_relocation_receipt_queue4-mutant/src/runtime/tests/gc_unit/test_young_conc.cpp:41:
/root/cj_build/impl_relocation_receipt_queue4-mutant/src/runtime/src/Heap/Collector/TracingCollector.h:352:20: warning: unused variable 'objSize' [-Wunused-variable]
            size_t objSize = obj->GetSize();
                   ^
/root/cj_build/impl_relocation_receipt_queue4-mutant/src/runtime/src/Heap/Collector/TracingCollector.h:360:47: warning: unused parameter 'ref' [-Wunused-parameter]
    virtual void EnumRefFieldRoot(RefField<>& ref, RootSet& rootSet) const {};
                                              ^
/root/cj_build/impl_relocation_receipt_queue4-mutant/src/runtime/src/Heap/Collector/TracingCollector.h:360:61: warning: unused parameter 'rootSet' [-Wunused-parameter]
    virtual void EnumRefFieldRoot(RefField<>& ref, RootSet& rootSet) const {};
                                                            ^
/root/cj_build/impl_relocation_receipt_queue4-mutant/src/runtime/src/Heap/Collector/TracingCollector.h:361:51: warning: unused parameter 'obj' [-Wunused-parameter]
    virtual void TraceObjectRefFields(BaseObject* obj, WorkStack& workStack)
                                                  ^
/root/cj_build/impl_relocation_receipt_queue4-mutant/src/runtime/src/Heap/Collector/TracingCollector.h:361:67: warning: unused parameter 'workStack' [-Wunused-parameter]
    virtual void TraceObjectRefFields(BaseObject* obj, WorkStack& workStack)
                                                                  ^
/root/cj_build/impl_relocation_receipt_queue4-mutant/src/runtime/src/Heap/Collector/TracingCollector.h:368:59: warning: unused parameter 'entry' [-Wunused-parameter]
    virtual void FollowPartialArray(const MarkStackEntry& entry, WorkStack& workStack)
                                                          ^
/root/cj_build/impl_relocation_receipt_queue4-mutant/src/runtime/src/Heap/Collector/TracingCollector.h:368:77: warning: unused parameter 'workStack' [-Wunused-parameter]
    virtual void FollowPartialArray(const MarkStackEntry& entry, WorkStack& workStack)
                                                                            ^
/root/cj_build/impl_relocation_receipt_queue4-mutant/src/runtime/src/Heap/Collector/TracingCollector.h:372:53: warning: unused parameter 'kind' [-Wunused-parameter]
    virtual BaseObject* GetAndTryTagObj(RefSlotKind kind, BaseObject* obj, RefField<>& field)
                                                    ^
/root/cj_build/impl_relocation_receipt_queue4-mutant/src/runtime/src/Heap/Collector/TracingCollector.h:372:71: warning: unused parameter 'obj' [-Wunused-parameter]
    virtual BaseObject* GetAndTryTagObj(RefSlotKind kind, BaseObject* obj, RefField<>& field)
                                                                      ^
/root/cj_build/impl_relocation_receipt_queue4-mutant/src/runtime/src/Heap/Collector/TracingCollector.h:372:88: warning: unused parameter 'field' [-Wunused-parameter]
    virtual BaseObject* GetAndTryTagObj(RefSlotKind kind, BaseObject* obj, RefField<>& field)
                                                                                       ^
/root/cj_build/impl_relocation_receipt_queue4-mutant/src/runtime/src/Heap/Collector/TracingCollector.h:453:27: warning: unused parameter 'heapMarked' [-Wunused-parameter]
    void ResetBitmap(bool heapMarked)
                          ^
/root/cj_build/impl_relocation_receipt_queue4-mutant/src/runtime/src/Heap/Collector/TracingCollector.h:491:47: warning: unused parameter 'root' [-Wunused-parameter]
    virtual void EnumAndTagRawRoot(ObjectRef& root, RootSet& rootSet) const
                                              ^
/root/cj_build/impl_relocation_receipt_queue4-mutant/src/runtime/src/Heap/Collector/TracingCollector.h:491:62: warning: unused parameter 'rootSet' [-Wunused-parameter]
    virtual void EnumAndTagRawRoot(ObjectRef& root, RootSet& rootSet) const
                                                             ^
13 warnings generated.
LINKED_RUNTIME=/root/cj_build/impl_relocation_receipt_queue4-mutant/src/runtime/output/temp/lib/x86_64_Release
MRT_TESTABLE_INTERNALS=1
=== BINDING_PROOF (undefined in binary that resolve via runtime) ===
                 U _ZN12MapleRuntime11VerifyRoots10ResetStatsEv@CANGJIE
                 U _ZN12MapleRuntime11VerifyRoots12BadRootCountEv@CANGJIE
                 U _ZN12MapleRuntime11VerifyRoots17VerifyRootPayloadERKNS_17RootVerifyContextEPvPNS_10BaseObjectE@CANGJIE
                 U _ZN12MapleRuntime15ForwardingTable22ReceiptAllowsForwardedEm@CANGJIE
                 U _ZN12MapleRuntime22RelocationRequestQueue10BeginCycleEv@CANGJIE
                 U _ZN12MapleRuntime22RelocationRequestQueue12BeginWorkersEm@CANGJIE
                 U _ZN12MapleRuntime22RelocationRequestQueue13CompleteOwnerEPvRKSt8functionIFmmEE@CANGJIE
                 U _ZN12MapleRuntime22RelocationRequestQueue13PruneAndClaimEv@CANGJIE
                 U _ZN12MapleRuntime22RelocationRequestQueue15SynchronizePollEv@CANGJIE
                 U _ZN12MapleRuntime22RelocationRequestQueue3AddEPvm@CANGJIE
                 U _ZN12MapleRuntime22RelocationRequestQueue4FailEm@CANGJIE
                 U _ZN12MapleRuntime22RelocationRequestQueue4WaitERKSt10shared_ptrINS0_7RequestEE@CANGJIE
                 U _ZN12MapleRuntime22RelocationRequestQueue7PublishEmm@CANGJIE
                 U _ZN12MapleRuntime26PlausibleManagedObjectGateEPKcPNS_10BaseObjectE@CANGJIE
                 U _ZN12MapleRuntime9Collector16MarkGoodHeapGateEPKcPNS_10BaseObjectE@CANGJIE
                 U _ZN12MapleRuntime9Collector22TryRecoverInteriorBaseEPNS_10BaseObjectES2_@CANGJIE
                 U _ZN12MapleRuntime9Collector26PlausibleManagedObjectGateEPKcPNS_10BaseObjectE@CANGJIE
                 U _ZN12MapleRuntime9RouteInfo8GetRouteEm@CANGJIE
                 U _ZNK12MapleRuntime22RelocationRequestQueue12PendingCountEv@CANGJIE
                 U _ZNK12MapleRuntime22RelocationRequestQueue23SynchronizedWorkerCountEv@CANGJIE
                 U _ZNK12MapleRuntime7Barrier18RecordCrossGenEdgeEPNS_10BaseObjectEmS2_@CANGJIE
=== RUNTIME_EXPORTS (product .so) ===
0000000000541630 T _ZN12MapleRuntime11VerifyRoots10RegionNameENS_10AddrRegionE@@CANGJIE
0000000000541d10 T _ZN12MapleRuntime11VerifyRoots10ResetStatsEv@@CANGJIE
0000000000541cf0 T _ZN12MapleRuntime11VerifyRoots12BadRootCountEv@@CANGJIE
0000000000541660 T _ZN12MapleRuntime11VerifyRoots12IsZapPatternEm@@CANGJIE
0000000000541d00 T _ZN12MapleRuntime11VerifyRoots13InfoRootCountEv@@CANGJIE
0000000000541670 T _ZN12MapleRuntime11VerifyRoots15ClassifyAddressEm@@CANGJIE
00000000005416e0 T _ZN12MapleRuntime11VerifyRoots17VerifyRootPayloadERKNS_17RootVerifyContextEPvPNS_10BaseObjectE@@CANGJIE
0000000000541b20 T _ZN12MapleRuntime11VerifyRoots18BeforeCheckAndPushEPNS_10BaseObjectE@@CANGJIE
0000000000541c80 T _ZN12MapleRuntime11VerifyRoots19MakeRegDebugVisitorERKNS_17RootVerifyContextE@@CANGJIE
0000000000541c10 T _ZN12MapleRuntime11VerifyRoots20MakeSlotDebugVisitorERKNS_17RootVerifyContextE@@CANGJIE
0000000000541590 T _ZN12MapleRuntime11VerifyRoots7EnabledEv@@CANGJIE
0000000000541600 T _ZN12MapleRuntime11VerifyRoots8KindNameENS_8RootKindE@@CANGJIE
00000000004ef430 T _ZN12MapleRuntime15ForwardingTable22ReceiptAllowsForwardedEm@@CANGJIE
000000000050c360 T _ZN12MapleRuntime22RelocationRequestQueue10BeginCycleEv@@CANGJIE
000000000050c4e0 T _ZN12MapleRuntime22RelocationRequestQueue12BeginWorkersEm@@CANGJIE
000000000050ce70 T _ZN12MapleRuntime22RelocationRequestQueue13CompleteOwnerEPvRKSt8functionIFmmEE@@CANGJIE
000000000050d3f0 T _ZN12MapleRuntime22RelocationRequestQueue13PruneAndClaimEv@@CANGJIE
000000000050c9d0 T _ZN12MapleRuntime22RelocationRequestQueue14CompleteHandleERKSt10shared_ptrINS0_7RequestEEmNS0_5StateE@@CANGJIE
000000000050d430 T _ZN12MapleRuntime22RelocationRequestQueue15SynchronizePollEv@@CANGJIE
000000000050d140 T _ZN12MapleRuntime22RelocationRequestQueue19PruneAndClaimLockedEv@@CANGJIE
00000000004ce470 W _ZN12MapleRuntime22RelocationRequestQueue20SelectBeforeOrdinaryERKSt8functionIFPvvEE@@CANGJIE
000000000050c5a0 T _ZN12MapleRuntime22RelocationRequestQueue3AddEPvm@@CANGJIE
000000000050ce50 T _ZN12MapleRuntime22RelocationRequestQueue4FailEm@@CANGJIE
000000000050ca30 T _ZN12MapleRuntime22RelocationRequestQueue4WaitERKSt10shared_ptrINS0_7RequestEE@@CANGJIE
000000000050cc20 T _ZN12MapleRuntime22RelocationRequestQueue7PublishEmm@@CANGJIE
000000000050cc40 T _ZN12MapleRuntime22RelocationRequestQueue8CompleteEmmNS0_5StateE@@CANGJIE
00000000004faed0 T _ZN12MapleRuntime26PlausibleManagedObjectGateEPKcPNS_10BaseObjectE@@CANGJIE
00000000004fae90 T _ZN12MapleRuntime9Collector16MarkGoodHeapGateEPKcPNS_10BaseObjectE@@CANGJIE
00000000004fb220 T _ZN12MapleRuntime9Collector22TryRecoverInteriorBaseEPNS_10BaseObjectES2_@@CANGJIE
00000000004fb210 T _ZN12MapleRuntime9Collector26PlausibleManagedObjectGateEPKcPNS_10BaseObjectE@@CANGJIE
00000000004faec0 T _ZN12MapleRuntime9Collector28ReportMarkGoodHeapGateCountsEv@@CANGJIE
00000000004fb8f0 T _ZN12MapleRuntime9Collector38ReportPlausibleManagedObjectGateCountsEv@@CANGJIE
0000000000574ea0 T _ZN12MapleRuntime9RouteInfo8GetRouteEm@@CANGJIE
000000000050da20 T _ZNK12MapleRuntime22RelocationRequestQueue12PendingCountEv@@CANGJIE
000000000050da60 T _ZNK12MapleRuntime22RelocationRequestQueue23SynchronizedWorkerCountEv@@CANGJIE
00000000004f1880 T _ZNK12MapleRuntime7Barrier18RecordCrossGenEdgeEPNS_10BaseObjectEmS2_@@CANGJIE
00000000004f2360 T _ZNK12MapleRuntime7Barrier27RecordCrossGenEdgesInStructEPNS_10BaseObjectEmmPKNS0_21StoreGoodPrevSnapshotE@@CANGJIE
00000000004f4800 T _ZNK12MapleRuntime7Barrier29RecordCrossGenEdgesInRefArrayEPNS_10BaseObjectEmmPKNS0_21StoreGoodPrevSnapshotE@@CANGJIE
000000000050db10 W _ZNSt10_HashtableImSt4pairIKmSt10shared_ptrIN12MapleRuntime22RelocationRequestQueue7RequestEEESaIS7_ENSt8__detail10_Select1stESt8equal_toImESt4hashImENS9_18_Mod_range_hashingENS9_20_Default_ranged_hashENS9_20_Prime_rehash_policyENS9_17_Hashtable_traitsILb0ELb0ELb1EEEE10_M_emplaceIJRmRS6_EEES0_INS9_14_Node_iteratorIS7_Lb0ELb0EEEbESt17integral_constantIbLb1EEDpOT_@@CANGJIE
000000000050dd50 W _ZNSt10_HashtableImSt4pairIKmSt10shared_ptrIN12MapleRuntime22RelocationRequestQueue7RequestEEESaIS7_ENSt8__detail10_Select1stESt8equal_toImESt4hashImENS9_18_Mod_range_hashingENS9_20_Default_ranged_hashENS9_20_Prime_rehash_policyENS9_17_Hashtable_traitsILb0ELb0ELb1EEEE13_M_rehash_auxEmSt17integral_constantIbLb1EE@@CANGJIE
2026-08-23 21:36:28.529533 1970885 E [GCV2][tailslot] REJECT site=gc_unit.tailslot obj=0x7e530baee658 tip=0x7fff26e8c308 objSize=16 regionEnd=0x7e530baee660 remain=8 n=1
2026-08-23 21:36:28.529830 1970885 E [VALSIDE] armed first_store hdr=0x7fff26e8c2c0 sc=0 phase=0
[  PASS  ] ColourAddress.UncolorRoundTripAllRemapOneHot
[  PASS  ] ColourAddress.UncolorRoundTripWithMarkBits
[  PASS  ] ColourAddress.LoadBadMaskRejectsStaleRemap
[  PASS  ] ColourAddress.StaleRemapAlwaysLoadBad
[  PASS  ] ColourAddress.RootSlotRejectsColouredValue
[  PASS  ] ColourAddress.PeelForRootWriteBackClearsHighBits
[  PASS  ] ColourAddress.AddressAndColourMasksDisjoint
[  PASS  ] ColourAddress.BitFieldRemapOneHotMatrix
[  PASS  ] ColourAddress.BitFieldMarkBitsIndependentOfRemap
[  PASS  ] ZBitFieldPort.EncodeDecodeRoundTrips
[  PASS  ] ZListPort.InsertAndRemoveFirst
[  PASS  ] ZListPort.RemoveFirstAndLast
[  PASS  ] ZStat.PauseAndConcurrentAreSeparateAccounts
[  PASS  ] ZStat.KindIsSampledAtScopeEntry
[  PASS  ] ZStat.MaxPauseTracksLargestPauseSample
[  PASS  ] ZStat.RegistryEnumeratesObservedPhases
[  PASS  ] ZStat.StwDepthCounterClassifies
[  PASS  ] ZStat.ZeroDurationSampleStillCounts
[  PASS  ] TrustP1.TryUntagHeapSlotWritebackIsColoured
[  PASS  ] TrustP1.PlainUntagWritebackWouldBeCensusHit
[  PASS  ] TrustP1.RootSlotWritebackPlainIsPlain
[  PASS  ] TrustP1.HeapSlotMustNotUseRootPlainShape
[  PASS  ] TrustP1.DerivedInteriorPlainIsDistinctFromK1ObjectRoot
[  PASS  ] TrustP1.ColouredWriteGuardRejectsPlainShape
[  PASS  ] TrustP1.NullIsNotPlainResidual
[  PASS  ] RouteInfo.InsertLookupIdempotentRegion1
[  PASS  ] RouteInfo.MissingDomainReturnsNullNotGarbage
[  PASS  ] RouteInfo.SetRouteInfoOverwrites
[  PASS  ] RouteInfo.ToRegion1BoundaryInclusive
[  PASS  ] RouteInfo.ToRegion2WhenPreLiveExceedsTo1
[  PASS  ] RouteInfo.BindLiveInfo0FromLiveIfNull
[  PASS  ] ZLiveMapPort.OneObjectPageMarkAccountsLiveOnce
[  PASS  ] LiveMap.MarkAndSurvive
[  PASS  ] LiveMap.RetainedMarkWordsSurviveUnbindAndForwardEpochBump
[  PASS  ] LiveMap.RetainedCaptureUnionsYoungFaceBeforePromotion
[  PASS  ] LiveMap.RetainedCaptureSkipsYoungFaceAfterForwardingDone
[  PASS  ] LiveMap.RetainedCaptureUnionsYoungLargeFlagBeforePromotion
[  PASS  ] LiveMap.RetainedCaptureDoesNotUnionYoungFaceAfterPromotion
[  PASS  ] LiveMap.RetainedLargeMarkBitSurvivesCurrentFaceLoss
[  PASS  ] LiveMap.LiveInfo0SnapshotSurvivesClear
[  PASS  ] LiveMap.BindLiveInfo0AfterLateMark
[  PASS  ] LiveMap.NullBitmapNeverSurvived
[  PASS  ] LiveMap.YoungAndOldBitmapFacesAreIndependent
[  PASS  ] LiveMap.OwnerDispatchMarksYoungFace
[  PASS  ] LiveMap.RelocationReadUsesOwnerNotRouteGeneration
[  PASS  ] LiveMap.PromotionDoesNotInheritYoungBitmapMark
[  PASS  ] LiveMap.PromotionDoesNotInheritYoungLargeFlag
[  PASS  ] LiveMap.YoungAndOldLargeFlagsAreIndependent
[  PASS  ] LiveMap.MarkStartAllocWaterIsImplicitLive
[  PASS  ] ObjectGate.TipSmallIntRejected
[  PASS  ] ObjectGate.TipInHeapRejected
[  PASS  ] ObjectGate.PlausibleTipAccepted
[  PASS  ] ObjectGate.RawArrayPlus8RecoversBase
[  PASS  ] ObjectGate.GeomCrossEndRejectedOnActiveRegion
[  PASS  ] ObjectGate.NonInteriorNoFalseRecover
[  PASS  ] ObjectGate.HeaderConsumersRejectFreeRegion
[  PASS  ] ObjectGate.SlotListPopFrontRejectsColouredHead
[  PASS  ] ObjectGate.SlotListPopFrontDropsColouredNext
[  PASS  ] ObjectGate.FreePinnedPushFrontRejectsFreeRegion
[  PASS  ] Remset.CurrentMinorRootOverridesRetainedDeadSnapshotAndNullHeal
[  PASS  ] Remset.StickyBitmapDisabledByDefault
[  PASS  ] Remset.StickyBitmapTracksMutatorBarrierAcrossDrain
[  PASS  ] Remset.OldToYoungRecordedByBarrier
[  PASS  ] Remset.IdleBarrierOldToYoungRecorded
[  PASS  ] Remset.StaticRootNotRecorded
[  PASS  ] Remset.YoungToYoungNotRecorded
[  PASS  ] Remset.OldToOldRecordedBecauseBarrierConditionsOnSlot
[  PASS  ] Remset.EverRecordedStickyBitmapPositiveControl
[  PASS  ] Remset.DrainIsDestructiveSoAnEdgeWrittenOnceIsLost
[  PASS  ] Remset.ReRecordWhileConsumingLandsInTheNextCycleBuffer
[  PASS  ] DefectRegress.PregrantBeforeRouteDomainFreeze
[  PASS  ] DefectRegress.NonHeapTargetNeverCasNull
[  PASS  ] DefectRegress.MarkGoodHeapGateBlocksNonHeap
[  PASS  ] DefectRegress.RelroNonHeapSkipsSelfHealCas
[  PASS  ] DefectRegress.StaticRootObservedValueHeal
[  PASS  ] DefectRegress.StaticRootHealDoesNotClobberConcurrentStore
[  PASS  ] DefectRegress.MinorNo1970885 E   #0  0x562fcaced9e0 in sprintf_s from /root/cj_build/impl_relocation_receipt_queue4-mutant/src/runtime/tests/gc_unit/build_standalone/cj_gc_unit
1970885 E   #0  0x562fcaced9e0 in sprintf_s from /root/cj_build/impl_relocation_receipt_queue4-mutant/src/runtime/tests/gc_unit/build_standalone/cj_gc_unit
nHeapResolveNeverCasNull
[  PASS  ] DefectRegress.TipSmallIntRejectThenRecoverHost
[  PASS  ] DefectRegress.TipSmallIntRejectWithoutRecoverIsLoss_Contract
[  PASS  ] DefectRegress.FieldPlaceColourMustStripAtAbi
[  PASS  ] DefectRegress.GcCompletePublishSeesThisCycleStats
[  PASS  ] DefectRegress.GcCompleteHeuSuppressedAfterPublish
[  PASS  ] DefectRegress.YoungFinishDefersHeuAtMostOncePerMajor
[  PASS  ] DefectRegress.YoungFinishInsideExistingWindowDoesNotExtendHeuThrottle
[  PASS  ] DefectRegress.YoungFinishDoesNotDeferMajorUnderOldPressure
[  PASS  ] DefectRegress.YoungHeuDeferralKillSwitchDoesNotTouchSharedClockOrCredit
[  PASS  ] DefectRegress.GcCountExportReadsAtomic
[  PASS  ] DefectRegress.ExportHandleDoubleRemoveNoAlias
[  PASS  ] DefectRegress.LiveHolderOnAllocatingPageKeepsSlot
[  PASS  ] DefectRegress.ExportHandleStaleReuseDoesNotTouchNewOccupant
[  PASS  ] ZBitMapPort.StrongPairUnset
[  PASS  ] ZBitMapPort.StrongPairSet
[  PASS  ] RegionBitmap.BitCoverMatchesRegionSize
[  PASS  ] RegionBitmap.GetRegionBitmapSizeMonotonic
[  PASS  ] RegionBitmap.MarkBitsIdempotentAndDisjoint
[  PASS  ] RegionBitmap.MarkBitsAlreadyIsStartBitOnly
[  PASS  ] RegionBitmap.NearEndOffsetsInCover
[  PASS  ] RegionAge.YoungAgeRoundTrip
[  PASS  ] RegionAge.MaxYoungAgeBound
[  PASS  ] RegionAge.YoungFlagIndependentOfAge
[  PASS  ] RegionAge.GenerationIdEnumExists
[  PASS  ] UnwindRegress.SofFoldFlagIsNotAFrame
SIGNAL_FRAME_DIRECT_SPRINTF_CALLS=3 SIGNAL_FRAME_OVERLAPPING_SPRINTF_CALLS=0
[  PASS  ] UnwindRegress.SignalFrameAppendDoesNotOverlap
[  PASS  ] UnwindRegress.SignalFramePrintDoesNotAbort
[  PASS  ] UnwindRegress.FallbackZeroesPcAndLine
[  PASS  ] GctibZero.B_NullGctibSegvIsPointerArm
[  PASS  ] GctibZero.B_AfterCalculateGCTibWalks
[  PASS  ] GctibZero.C_OneRegionElseStillChecks
[  PASS  ] GctibZero.C_PlanSizedByBitmapFaceStaysInRegion1
PINROOT_RESULT futures=16 object_bytes=168 pinned_regions=1 total_pinned_regions=1 raw_pinned_region_pct=100 garbage_while_pinned=0 garbage_after_remove=2688 retained_bytes=2688 collateral_bytes=2520 count_while_pinned=1 count_after_remove=0
[  PASS  ] PinRoot.NativeHeldUnmarkedPinnedObjectSurvivesUntilRemove
[  PASS  ] RegionRetirement.CompactInPlaceLeavesRegionOnAListACollectorWalks
[  PASS  ] RegionRetirement.StayYoungAfterCompactInPlaceDoesNotRelinkRecentFull
[  PASS  ] RegionRetirement.StayYoungTransfersCompletedCompactTailFromThreadLocal
[  PASS  ] RegionRetirement.CompactTailDoesNotStealConcurrentRecentFullNode
[  PASS  ] FollowEdge.HolderSlotToLargePrimitiveArrayIsTraced
[  PASS  ] ZForwardingLife.RetainAfterReleaseRefuses
[  PASS  ] ZForwardingLife.DetachWaitsForLastReader
[  PASS  ] ZForwardingLife.ClaimInvertsAndLateRetainRefusesImmediately
[  PASS  ] ZForwardingLife.CopyInflightPairing
[  PASS  ] ZForwardingLife.RouteDestHoldDecisionDistribution
[  PASS  ] ZForwardingLife.CopyInflightDrainWakes
[  PASS  ] ZForwardingLife.ClaimedRetainRefusesImmediatelyAndResetIdle
[  PASS  ] ZForwardingLife.DetachCheckMeasuresAndHonorsGate
[  PASS  ] ColourIsChecks.EveryColourAtTheStartingEpoch
[  PASS  ] ColourIsChecks.EveryColourAcrossAnIrregularFlipSchedule
[  PASS  ] ColourIsChecks.UncolouredValueIsNeitherLoadGoodNorLoadBad
[  PASS  ] ColourIsChecks.RawNullIsGoodOrNullAndNeverBad
[  PASS  ] ColourIsChecks.RemapPairIsABijectionWithTheFourColours
[  PASS  ] ColourIsChecks.StoreGoodComplementAtTheStartingEpoch
[  PASS  ] ColourIsChecks.StoreGoodComplementAcrossAnIrregularFlipSchedule
[  PASS  ] RemapYoungRoots.IntersectionIsOneHot
[  PASS  ] RemapYoungRoots.YoungFlipXorWrapsAcceptedPair
[  PASS  ] RemapYoungRoots.TwoYoungFlipsWithoutRemapMakeOldColourGoodAgain
[  PASS  ] RemapYoungRoots.Phase8KeepsRootsFromWrappingToGood
[  PASS  ] RemapYoungRoots.RemapClearsDoubleBadOnColouredSlot
[  PASS  ] RemapYoungRoots.UncolouredStackRootIsNotPainted
[  PASS  ] RemapYoungRoots.DisabledPassLeavesDoubleBad
[  PASS  ] ZForwardingEntries.setup
[  PASS  ] ZForwardingEntries.find_empty
[  PASS  ] ZForwardingEntries.find_full
[  PASS  ] ZForwardingEntries.find_every_other
[  PASS  ] ZForwardingEntries.survives_without_2026-08-23 21:36:28.585329 1970885 E [FWDTABLE] armed base=0x7e530baed660 size=8192 unit=4096 entries=3
geometry
[  PASS  ] ZForwardingEntries.OutOfRangeFromIndexUsesOverflowReceipt
[  PASS  ] ZForwardingEntries.LargeFromIndexRoundTrip
[  PASS  ] ZForwardingEntries.FullTableInsertionUsesOverflowReceipt
[  PASS  ] ZForwardingEntries.TableKnowsWhichRegionItWasBuiltFor
[  PASS  ] ZForwardingEntries.CoversRecordsRegionSpan
[  PASS  ] ForwardingNoGeometry.ArmedLookupAndSuccessfulExclusiveCopyPublishProductReceipt
[  PASS  ] ZGranuleMap.GetPutRemove
[  PASS  ] ZForwarding.AttachedArraySitsAfterObject
[  PASS  ] ZForwarding.ProvisionalUsesRefCountProtocol
[  PASS  ] ZForwardingTable.kZfwdTableConsumeOn
[  PASS  ] ZForwardingTable.MembershipUnlinkKeepsEntries
[  PASS  ] YoungConc.PaintedObjectSkippedByShouldEnqueue
[  PASS  ] YoungConc.StaleOldMarkDoesNotSkipYoungEnqueue
[  PASS  ] YoungConc.TraceRegionSkipsSatbWithoutPaint
[  PASS  ] YoungConc.AllocBlackWhiteWhenConcMarkOff
[  PASS  ] YoungConc.AllocBlackPaintAndGreyWhenConcMarkOn
[  PASS  ] YoungConc.PaintWithoutGreyLedgerMissesWorkStack
[  PASS  ] YoungConc.YoungToYoungWriteNotInRemset
[  PASS  ] YoungConc.YoungToYoungDirtyHolderReachesWorkStack
[  PASS  ] YoungConc.OldToYoungStillRecorded
[  PASS  ] YoungConc.TraceStoreMarksNewYoungTarget
[  PASS  ] YoungConc.IdleStoreDoesNotMarkNewYoungTarget
[  PASS  ] YoungConc.PeekYoungAllocBlackDoesNotConsume
[  PASS  ] YoungConc.Stw2CurrentInjectForcesUncovered
[  PASS  ] YoungConc.ClassifyWaterBeatsMark
[  PASS  ] YoungConc.ClassifyMarkedWhenNoWater
[  PASS  ] YoungConc.ClassifyAllocBlackWhenUnmarked
[  PASS  ] YoungConc.ClassifyUncoveredYoung
[  PASS  ] YoungConc.ClassifySkipOldHolderTarget
[  PASS  ] YoungConc.MarkTerminateProtocolDefault
[  PASS  ] YoungConc.LegacyTerminationMissesUnfullSatbNode
[  PASS  ] RelocationSetSelector.EmptySet
[  PASS  ] RelocationSetSelector.AllSparseSelected
[  PASS  ] RelocationSetSelector.FragmentationLimitStopsPrefix
[  PASS  ] RelocationSetSelector.EqualLiveBytesStableOrder
[  PASS  ] RelocationSetSelector.LargeRegionsNeverSelected
[  PASS  ] RelocationSetSelector.PreFilterDropsLowGarbage
[  PASS  ] RelocationSetSelector.AllocatingPagesNeverSelected
[  PASS  ] StoreBuf.FullAutoFlushKeepsEveryEntry
[  PASS  ] StoreBuf.UnflushedPendingInvisibleToDrain
[  PASS  ] StoreBuf.FlushBeforeRelocateSnapshotPublishesPending
[  PASS  ] StoreBuf.MarkEndSnapshotLeavesCurrentForNextMinor
[  PASS  ] StoreBuf.FlushBeforeMinorDoesNotLoseEdges
[  PASS  ] StoreBuf.ThreadExitFlushRedeems
[  PASS  ] StoreBuf.ReRememberDoesNotFightBuffer
[  PASS  ] PageAgeRangeTest.test
[  PASS  ] PageAge.UntypeRoundTrip
[  PASS  ] TenuringThreshold.PromoteAllIsZero
[  PASS  ] TenuringThreshold.EmptyYoungIsZero
[  PASS  ] TenuringThreshold.GenerationalRaisesThreshold
[  PASS  ] TenuringThreshold.PressureLowersThreshold
[  PASS  ] TenuringThreshold.DistributionFlipBothDirections
[  PASS  ] TenuringThreshold.ComputeToAge
[  PASS  ] StayYoung.PolicySwitchIsWiredToTheDecision
[  PASS  ] StayYoung.BelowThresholdDoesNotPromote
[  PASS  ] StayYoung.BumpAgesAndKeepsYoung
[  PASS  ] StayYoung.AgeClampsAtSurvivor14
[  PASS  ] StayYoung.EnlistTypeMustNotStayLoneFrom
[  PASS  ] StayYoung.GarbageTypeSurvivesGhostAndAgeCas
[  PASS  ] StayYoung.InitRegionClearsGhostSuccessor
[  PASS  ] GcTrigger.SwitchDefaultOn
[  PASS  ] GcTrigger.YoungTriggerPinsAt32WhenAsked
[  PASS  ] GcTrigger.YoungTriggerFloorWithoutSample
[  PASS  ] GcTrigger.YoungTriggerRaisesOnHighSurvival
[  PASS  ] GcTrigger.YoungTriggerHoldsFloorOnLowSurvival
[  PASS  ] GcTrigger.YoungTriggerRaisesWhenLastMinorFreedLessThanFivePercent
[  PASS  ] GcTrigger.YoungTriggerHoldsFloorWhenDeadYoungIsSmallFractionOfHeap
[  PASS  ] GcTrigger.DirectorMinorIgnoresRaisedWatermark
[  PASS  ] TruncatedSeq.EmptyIsZero
[  PASS  ] TruncatedSeq.OneSamplePredictsItself
[  PASS  ] TruncatedSeq.ConstantWindowHasZeroSd
[  PASS  ] TruncatedSeq.WindowDropsOldest
[  PASS  ] GcTrigger.RateZeroDoesNotFireAllocRate
[  PASS  ] GcTrigger.ConstantRateFiresWhenFreeCannotCoverGc
[  PASS  ] GcTrigger.ConstantRateHoldsWhenFreeCoversGc
[  PASS  ] GcTrigger.RateSpikeFiresViaSigma
[  PASS  ] GcTrigger.RemainingCannotCoverOneGc
[  PA2026-08-23 21:36:28.606865 1970885 E [GCV2][expire-kept] n=1 bytes=4096
2026-08-23 21:36:28.649935 1970885 E [GCV2][exempt-kept] n=1 region=0x7e530baed550 start=0x7e530baed660 route=0 live=0
2026-08-23 21:36:28.650062 1970885 E [GCV2][exempt-kept] n=2 region=0x7e530baed550 start=0x7e530baed660 route=0 live=0
2026-08-23 21:36:28.650111 1970885 E [GCV2][exempt-kept] n=3 region=0x7e530baed550 start=0x7e530baed660 route=0 live=0
[GCV2][holewho] sample n=1 off=16 len=48 type=1 next_plausible=0 bucket=0 prev=? filler=1
[GCV2][holewho] sample n=2 off=16 len=48 type=1 next_plausible=0 bucket=0 prev=? filler=1
SS  ] GcTrigger.WarmupAtTenPercent
[  PASS  ] GcTrigger.WarmupBelowTenPercentSilent
[  PASS  ] GcTrigger.TwoRulesTimerBeatsAllocRate
[  PASS  ] GcTrigger.TwoRulesAllocRateBeatsHighUsage
[  PASS  ] GcTrigger.HighUsageAlone
[  PASS  ] GcTrigger.NotTrustableDisablesAllocRate
[  PASS  ] GcTrigger.SoftMaxIsFreeDenominator
[  PASS  ] GcTrigger.MajorAllocRateAmortizesExtraYoungTime
[  PASS  ] GcTrigger.MajorAllocRateOldGarbageCheaper
[  PASS  ] GcTrigger.MajorAllocRateUrgentWhenYoungSmallAndHighUsage
[  PASS  ] GcTrigger.MajorAllocRateDisabledWhenNotTrustable
[  PASS  ] GcTrigger.MinorUpgradesToMajorAllocRate
[  PASS  ] GcTrigger.ProactiveFiresAfterAcceptableInterval
[  PASS  ] GcTrigger.ProactiveHoldsWithoutGrowthOrTime
[  PASS  ] GcTrigger.ProactiveDisabledWhenCold
[  PASS  ] GcTrigger.DynamicWorkersDefaultOffUsesPoolCap
[  PASS  ] MutatorRelocate.UnpublishedTargetIsKeptRatherThanWaitedFor
[  PASS  ] MutatorRelocate.UnpublishedRegionWaitsForPublish
[  PASS  ] MutatorRelocate.TwoThreadsInsertSameFromLoserTakesWinner
[  PASS  ] MutatorRelocate.ForcedFirstCasFailureReturnsOneReceiptAndOneCompleter
[  PASS  ] MutatorRelocate.ForwardedPublicationRequiresNonNullReceipt
[  PASS  ] MutatorRelocate.ForwardedRegionNoEntryKeepsFrom
[  PASS  ] FwdSpin.LockedWaiterSeesInsertBeforeUnlock
[  PASS  ] MutatorRelocate.RelocateInnerRequiresForwardPhase
[  PASS  ] MutatorRelocate.RefcountZeroRetainRefusesThenWait
[  PASS  ] RelocationRequestQueue.RequestedReceiptIsClaimedBeforeOrdinaryAndCompletesOnce
[  PASS  ] RelocationRequestQueue.FailedOwnerCompletionReleasesWaiterWithoutReceipt
[  PASS  ] RelocationRequestQueue.LastWorkerAndAddHaveOneAtomicProgressDecision
[  PASS  ] RelocationRequestQueue.AddWakesAWorkerSynchronizedOnAnEmptyQueue
[  PASS  ] RelocationRequestQueue.RegionManagerCompletesRetainedOwnerThroughProductWiring
[  PASS  ] GCThreadPool.RelocationRequestHasOneCompletionOwnerBeforeWaitFinishReturns
[  PASS  ] GCThreadPool.ActualForwardTaskClosesClaimedRequestExactlyOnceWhenOwnerExits
[  FAIL  ] GCThreadPool.ProductParallelEntryRegistersWorkersAndCompletesOrdinaryOwner
  /root/cj_build/impl_relocation_receipt_queue4-mutant/src/runtime/tests/gc_unit/test_gc_thread_pool.cpp:171: EXPECT_EQ failed: WaitChildExit(pid) (==1) vs 0 (==0)
[  PASS  ] GCThreadPool.ProductSerialEntryRegistersWorkerAndCompletesClaimedOwner
[  PASS  ] GCThreadPool.ActualForwardTaskCompletesClaimedOwnerAtRegionExit
[  PASS  ] IkeKeep.ExpireClearsKeptButLeavesForwarded
[  PASS  ] ExemptLife.DropRetiredCoveringRemovesFindTo
[  PASS  ] ExemptLife.RetiredOnlyLookupSurvivesGhostLoss
[  PASS  ] ReceiptLife.StaleToRegionEpochRejectsReceipt
[  PASS  ] ReceiptLife.DestLaterForwardedHeaderRejectsReceipt
[  PASS  ] ReceiptLife.KeptExpireLatchIsOnce
[  PASS  ] LifeClock.WideClockOutlivesLegacyWrapAndHasNo32kCollision
[  PASS  ] LifeClock.LegacyHoldBitSurvivesIndependentClockBump
[  PASS  ] LifeClock.ForgedOldMarkViewIsCountedAndEnforced
[  PASS  ] LifeClock.ForgedOldRouteInfoIsCountedAndEnforced
[  PASS  ] LifeClock.ReceiptAbaAfter128ReusesIsCountedAndEnforced
[  PASS  ] LifeClock.ArmedAndRetiredEntriesRejectOldFromPage
[  PASS  ] LifeClock.MissingRouteStampSurvivingBoundaryIsCounted
[  PASS  ] ExemptLife.ExemptWaitsForLockedThenPublishesDone
[  PASS  ] ExemptLife.InPlaceCopyMustNotPaintNormalBeforeUnlock
[  PASS  ] ExemptLife.FindHitDoesNotEnterCopyInflight
[  PASS  ] ExemptLife.ExemptAlreadyForwardedStillPublishesDone
[  PASS  ] ExemptLife.PrepareInstallStripsForwardedResidual
[  PASS  ] ExemptLife.PrepareInstallLeavesLockedAlone
[  PASS  ] ZForwardingLife.DrainScopeWaitsCopiedWhenRefCountZero
[  PASS  ] HealCoverage.NullAndPlainAreNotMisses
[  PASS  ] HealCoverage.CurrentColourIsLoadGood
[  PASS  ] HealCoverage.PreviousYoungColourIsStaleBeforeWrap
[  PASS  ] HealCoverage.InjectPositiveControlRings
[  PASS  ] HealCoverage.TwoYoungFlipsWrapStaleIntoLookingGood
[  PASS  ] HealCoverage.FaceOfSplitsTheFiveHealSurfaces
[  PASS  ] HealCoverage.CensusWordsCountsEachKind
[  PASS  ] DiagGate.LegacyEnvArmsTheGate
[  PASS  ] DiagGate.NullLegacyNameIsNotAnArm
[  PASS  ] DiagGate.UnsetLega2026-08-23 21:36:28.670349 1970885 E [GCV2][diag] legend: gates live (env-read). A zero means the arm did not fire. Confirm the probe is armed with MRT_GCV2_DIAG_ACTIVE=1 before reading any zero.
[GCV2][holewho] sample n=3 off=16 len=64 type=1 next_plausible=1 bucket=1 prev=? filler=0
[GCV2][zgcselfheal][census] why=armed armed=1 enter=0 null_skip=0 healed=0 fastpath_exit=0 retry=0 cas_fail=0 iter_max=0 spin_alarm=0 pre_ptr_fastpath=0 pre_heal_not_fastpath=0 pre_heal_not_remapped=0 mono_checks=0 mono_load_good=0 mono_mark_good=0 mono_store_good=0 mono_marked_young=0 mono_marked_old=0 mono_finalizable=0
[GCV2][zgcselfheal][census] why=periodic armed=1 enter=1 null_skip=0 healed=0 fastpath_exit=0 retry=0 cas_fail=0 iter_max=0 spin_alarm=0 pre_ptr_fastpath=0 pre_heal_not_fastpath=0 pre_heal_not_remapped=0 mono_checks=0 mono_load_good=0 mono_mark_good=0 mono_store_good=0 mono_marked_young=0 mono_marked_old=0 mono_finalizable=0
2026-08-23 21:36:28.670554 1970885 E [ZGCINV][illegal] n=1 phase=6 barrier=forward flipSeq=0 target=0x7e530baed6a0 slotRaw=0x17e530baed6a0 slotRaw2=0x17e530baed6a0 addrMatch=1 toVer=(nil) slotIsToVersion=0 route=0 young=0
[GCV2][verify][roots] BAD_ROOT kind=runtime-root phase=gc_unit-coloured-root reason=root-value-is-coloured func=? startIP=(nil) frameIP=(nil) frameFA=(nil) pcOff=0x0 slotBias=0 reg=-1 slotOrReg=0x7fff26e8bfe8 raw=0x17f1234567000 obj=(nil) objRegion=other tip=(nil) tipRegion=null typeByte=-1 env=MRT_GCV2_VERIFY_ROOTS=1
2026-08-23 21:36:28.700872 1970885 E [ZGCINV][summary] why=atexit i1_checked=0 i1_violations=0 i1_forwarded=0 i1_zero_header=0 illegal=1 stw=0 idle=0 enum=0 trace=0 post_trace=0 preforward=0 forward=1 heal_return_checked=2 heal_return_failures=0
[GCV2][holewho] atexit n=3 bytes=160 never=2 after_neighbor=1 header_cleared=0 next_plausible=1 tl=3 rf=0
[GCV2][page-owner] point=atexit mismatch_attempts=0 first_paints=0 mode=assert
[FWDTABLE][refuse] atexit full=0 overflow=0 fallbackFull=0 fallbackOverflow=0 armedHit=1 armedMiss=1 unarmed=0
[GCV2][fillerzero] atexit
[GCV2][fillerzero] site=slot_extra n=16 bytes=2432 dense_n=0 dense_bytes=0 buckets= 2^7=16
[GCV2][fillerzero] site=clear_units n=0 bytes=0 dense_n=0 dense_bytes=0 buckets=
[GCV2][fillerzero] site=take_garbage n=0 bytes=0 dense_n=0 dense_bytes=0 buckets=
[GCV2][fillerzero] site=take_inactive n=0 bytes=0 dense_n=0 dense_bytes=0 buckets=
[GCV2][fillerzero] site=dirty_take n=0 bytes=0 dense_n=0 dense_bytes=0 buckets=
[GCV2][fillerzero] site=released_pre n=0 bytes=0 dense_n=0 dense_bytes=0 buckets=
[GCV2][fillerzero] site=compact n=0 bytes=0 dense_n=0 dense_bytes=0 buckets=
[GCV2][fillerzero] site=compact_partial n=0 bytes=0 dense_n=0 dense_bytes=0 buckets=
[GCV2][fillerzero] site=route_reserve n=0 bytes=0 dense_n=0 dense_bytes=0 buckets=
[GCV2][ike-keep] atexit trueEmpty=0 keep=0 keepBytes=0 nullFace=0 epoch=0
[GCV2][w1-store] atexit total=9 ghostFrom=0
[GCV2][w1-holder] atexit ghost=0 forwarded=0
[GCV2][tailslot] geom_cross_end=1
[GCV2][page-owner] point=atexit mismatch_attempts=0 first_paints=0 mode=assert
[GCV2][detach-check] phase=measure site=collect_from_garbage checks=0 evidence=0 blocked=0 active_table=0 retired_table=0 route_dest_held=0 fwd_positive=0 fwd_readers=0 fwd_claimed=0 fwd_released=0 copy_inflight=0
[GCV2][detach-check] phase=measure site=take_garbage checks=1 evidence=1 blocked=0 active_table=0 retired_table=1 route_dest_held=0 fwd_positive=0 fwd_readers=0 fwd_claimed=0 fwd_released=0 copy_inflight=0
[GCV2][detach-check] phase=measure site=take_after_dispel checks=0 evidence=0 blocked=0 active_table=0 retired_table=0 route_dest_held=0 fwd_positive=0 fwd_readers=0 fwd_claimed=0 fwd_released=0 copy_inflight=0
[GCV2][detach-check] phase=measure site=reclaim_dirty checks=0 evidence=0 blocked=0 active_table=0 retired_table=0 route_dest_held=0 fwd_positive=0 fwd_readers=0 fwd_claimed=0 fwd_released=0 copy_inflight=0
[GCV2][detach-check] phase=measure site=reclaim_mark_quarantine checks=0 evidence=0 blocked=0 active_table=0 retired_table=0 route_dest_held=0 fwd_positive=0 fwd_readers=0 fwd_claimed=0 fwd_released=0 copy_inflight=0
[GCV2][detach-check] phase=measure site=release_region checks=0 evidence=0 blocked=0 active_table=0 retired_table=0 route_dest_held=0 fwd_positive=0 fwd_readers=0 fwd_claimed=0 fwd_released=0 copy_inflight=0
[GCV2][detach-check] phase=measure site=release_garbage_units checks=0 evidence=0 blocked=0 active_table=0 retired_table=0 route_dest_held=0 fwd_positive=0 fwd_readers=0 fwd_claimed=0 fwd_released=0 copy_inflight=0
[GCV2][detach-check] phase=measure site=take_garbage_reuse checks=3 evidence=2 blocked=0 active_table=0 retired_table=0 route_dest_held=2 fwd_positive=2 fwd_readers=0 fwd_claimed=1 fwd_released=1 copy_inflight=2
[GCV2][detach-check] phase=measure site=take_dirty_reuse checks=0 evidence=0 blocked=0 active_table=0 retired_table=0 route_dest_held=0 fwd_positive=0 fwd_readers=0 fwd_claimed=0 fwd_released=0 copy_inflight=0
[GCV2][detach-check] phase=measure site=take_released_reuse checks=0 evidence=0 blocked=0 active_table=0 retired_table=0 route_dest_held=0 fwd_positive=0 fwd_readers=0 fwd_claimed=0 fwd_released=0 copy_inflight=0
[GCV2][detach-check] phase=measure site=clear_units checks=0 evidence=0 blocked=0 active_table=0 retired_table=0 route_dest_held=0 fwd_positive=0 fwd_readers=0 fwd_claimed=0 fwd_released=0 copy_inflight=0
[GCV2][detach-check] phase=measure site=release_units checks=0 evidence=0 blocked=0 active_table=0 retired_table=0 route_dest_held=0 fwd_positive=0 fwd_readers=0 fwd_claimed=0 fwd_released=0 copy_inflight=0
[GCV2][detach-check] phase=measure site=init_free_units checks=0 evidence=0 blocked=0 active_table=0 retired_table=0 route_dest_held=0 fwd_positive=0 fwd_readers=0 fwd_claimed=0 fwd_released=0 copy_inflight=0
[GCV2][detach-check] phase=measure site=init_region_info checks=66079 evidence=65897 blocked=0 active_table=9 retired_table=65897 route_dest_held=1 fwd_positive=0 fwd_readers=0 fwd_claimed=0 fwd_released=0 copy_inflight=0
[GCV2][detach-check] phase=measure site=major_recheck checks=0 evidence=0 blocked=0 active_table=0 retired_table=0 route_dest_held=0 fwd_positive=0 fwd_readers=0 fwd_claimed=0 fwd_released=0 copy_inflight=0
[GCV2][detach-quarantine] gate=0 admitted=0 released=0 recheck_held=0 peak_entries=0 max_entries=65536 max_rechecks=8
[GCV2][zlife] atexit refuse_released=4 refuse_claimed=3 detach_waited=1
cyEnvLeavesGateOff
[  PASS  ] DiagGate.AnnounceAndLegendAreIdempotent
[  PASS  ] InteriorEdgeClass.SlotNotRefWinsOverEverything
[  PASS  ] InteriorEdgeClass.InStreamLiveIsRecoverFail
[  PASS  ] InteriorEdgeClass.InStreamDeadIsBaseUnmarked
[  PASS  ] InteriorEdgeClass.RecoverWithoutStream
[  PASS  ] InteriorEdgeClass.TruncatedWalkIsNotValueCorrupt
[  PASS  ] InteriorEdgeClass.ValueCorruptIsTheResidual
[  PASS  ] InteriorEdgeClass.FourKindsExhaustiveAndNamed
[  PASS  ] IsFromReg.TryDeleteFromFailsAfterPinRetype
[  PASS  ] IsFromReg.UnlistedGarbageClaimIsRefusedUntilPrepend
[  PASS  ] IsFromReg.TakeGarbageSkipsRawPointerHold
[  PASS  ] TypeFence.SizeIsOneWord
[  PASS  ] TypeFence.NullDefault
[  PASS  ] TypeFence.FromResolvedRoundTrip
[  PASS  ] TypeFence.CopyPreservesBits
[  PASS  ] TypeFence.MaybeFromIsNotConstructible
[  PASS  ] FillerObj.ExplicitOffLeavesZeroGapUnwalkable
[  PASS  ] FillerObj.EnabledWalkCrossesFilledGap
[  PASS  ] FillerObj.RouteReserveGapWalkableWhenEnabled
[  PASS  ] I2ReadRef.ForwardedFromReturnsTo
[  PASS  ] FwdReturn.IllegalTuplePositiveControlIncrementsBacking
[  PASS  ] FwdReturn.HealAndReturnSameAddressPasses
[  PASS  ] FwdReturn.HealAndReturnMismatchAborts
[  PASS  ] FnlzRoots.RegisteredFinalizerIsRawPointerButNotStrongRoot
[  PASS  ] FnlzRoots.VisitFinalizersCountMatchesRegister
[  PASS  ] MarkStackEntry.ObjectPoliciesAreIndependent
[  PASS  ] MarkStackEntry.PartialArrayIsASeparateKind
[  PASS  ] MarkStackEntry.StackSplitPreservesPolicy
[  PASS  ] MarkStripe.NoSmrPositiveControlCorruptsHead
[  PASS  ] MarkStripe.SmrHazardPreventsAbaReuse
[  PASS  ] MarkStripe.ConcurrentGlobalStealIsLiveAndLossless
[  PASS  ] PartialArray.EncodeDecodeRoundtrip
[  PASS  ] PartialArray.EmptyAndSingle
[  PASS  ] PartialArray.ThresholdExact
[  PASS  ] PartialArray.ThresholdMinusOne
[  PASS  ] PartialArray.ThresholdPlusOne
[  PASS  ] PartialArray.MultiChunk
[  PASS  ] PartialArray.BoundaryRefs
[  PASS  ] PartialArray.UnalignedStart
[  PASS  ] VerifyRoots.DefaultOffLeavesCorruptRootUnobserved
[  PASS  ] VerifyRoots.EnabledReportsColouredRootBeforeDereference
[========] 325 tests: 324 passed, 1 failed
GC_UNIT_RUN_DONE rc=1 wall_ms=254
