PHASE=serial-begin-workers
2026-08-23T21:32:28+08:00
 21:32:28 up 32 days, 22:42,  1 user,  load average: 5.10, 5.50, 5.65
6a7f9c33a8db1778a0b432a57f7cac1777de3358fddc4e39cf67e3cbbaea76ec  /root/cj_build/impl_relocation_receipt_queue4-mutant/src/runtime/src/Heap/Allocator/RegionManager.cpp
fa6f6ebc18f62bf529e70991c486e65c76556590046582bfa3d9e8409e1aad53  /root/cj_build/impl_relocation_receipt_queue4-mutant/src/runtime/src/Heap/Allocator/RegionManager.h
[  1%] Checking that HeapSlot compare-exchange writes stay inside HealSlot
[  1%] Checking that a diagnostic documenting a gate is not an all-no-op implementation
[  1%] Built target cjNativeStartAndEnd
[  2%] Built target Concurrency
[  8%] Built target cjthreadmodel
[ 22%] Built target boundscheck
[ 24%] Built target Common
[ 29%] Built target Base
[ 30%] Built target Loader
[ 31%] Built target BinaryFile
[ 31%] Built target CjFile
[ 32%] Built target CjSemanticVersion
[ 34%] Built target CjFileLoader
[ 35%] Built target Inspector
[ 37%] Built target Exception
[ 38%] Built target Heap
Consolidate compiler generated dependencies of target Allocator
[ 40%] Built target Barrier
[ 45%] Built target WCollector
[ 54%] Built target Collector
[ 54%] Building CXX object src/Heap/Allocator/CMakeFiles/Allocator.dir/RegionManager.cpp.o
DIAG_HOLLOW_GUARD PASS gated_subsystems=29
[ 56%] Built target Mutator
[ 60%] Built target ObjectModel
[ 60%] Built target check_diag_not_hollow
[ 72%] Built target Verify
[ 74%] Built target Sync
[ 82%] Built target UnwindStack
[ 83%] Built target CpuProfiler
[ 84%] Built target Interpreter
[ 85%] Built target Signal
[ 85%] Built target Sanitizer
In file included from /root/cj_build/impl_relocation_receipt_queue4-mutant/src/runtime/src/Heap/Allocator/RegionManager.cpp:8:
In file included from /root/cj_build/impl_relocation_receipt_queue4-mutant/src/runtime/src/Heap/Allocator/RegionManager.h:19:
In file included from /root/cj_build/impl_relocation_receipt_queue4-mutant/src/runtime/src/Heap/Allocator/AllocBuffer.h:16:
In file included from /root/cj_build/impl_relocation_receipt_queue4-mutant/src/runtime/src/Heap/Allocator/RegionList.h:11:
In file included from /root/cj_build/impl_relocation_receipt_queue4-mutant/src/runtime/src/Heap/Allocator/RegionInfo.h:41:
/root/cj_build/impl_relocation_receipt_queue4-mutant/src/runtime/src/Heap/Verify/AllocPhaseDiag.h:57:1: warning: inline variables are a C++17 extension [-Wc++17-extensions]
inline Slot g_table[kCap] = {};
^
/root/cj_build/impl_relocation_receipt_queue4-mutant/src/runtime/src/Heap/Verify/AllocPhaseDiag.h:58:1: warning: inline variables are a C++17 extension [-Wc++17-extensions]
inline NearEntry g_near[kNearCap] = {};
^
In file included from /root/cj_build/impl_relocation_receipt_queue4-mutant/src/runtime/src/Heap/Allocator/RegionManager.cpp:8:
In file included from /root/cj_build/impl_relocation_receipt_queue4-mutant/src/runtime/src/Heap/Allocator/RegionManager.h:19:
In file included from /root/cj_build/impl_relocation_receipt_queue4-mutant/src/runtime/src/Heap/Allocator/AllocBuffer.h:16:
In file included from /root/cj_build/impl_relocation_receipt_queue4-mutant/src/runtime/src/Heap/Allocator/RegionList.h:11:
In file included from /root/cj_build/impl_relocation_receipt_queue4-mutant/src/runtime/src/Heap/Allocator/RegionInfo.h:43:
/root/cj_build/impl_relocation_receipt_queue4-mutant/src/runtime/src/Heap/Verify/NullRouteCaller.h:34:1: warning: inline variables are a C++17 extension [-Wc++17-extensions]
inline thread_local const char* g_tag = nullptr;
^
/root/cj_build/impl_relocation_receipt_queue4-mutant/src/runtime/src/Heap/Verify/NullRouteCaller.h:35:1: warning: inline variables are a C++17 extension [-Wc++17-extensions]
inline thread_local const char* g_edgeSrc = nullptr;
^
/root/cj_build/impl_relocation_receipt_queue4-mutant/src/runtime/src/Heap/Verify/NullRouteCaller.h:36:1: warning: inline variables are a C++17 extension [-Wc++17-extensions]
inline thread_local uintptr_t g_slot = 0;
^
/root/cj_build/impl_relocation_receipt_queue4-mutant/src/runtime/src/Heap/Verify/NullRouteCaller.h:37:1: warning: inline variables are a C++17 extension [-Wc++17-extensions]
inline thread_local void* g_host = nullptr;
^
In file included from /root/cj_build/impl_relocation_receipt_queue4-mutant/src/runtime/src/Heap/Allocator/RegionManager.cpp:8:
In file included from /root/cj_build/impl_relocation_receipt_queue4-mutant/src/runtime/src/Heap/Allocator/RegionManager.h:19:
In file included from /root/cj_build/impl_relocation_receipt_queue4-mutant/src/runtime/src/Heap/Allocator/AllocBuffer.h:16:
In file included from /root/cj_build/impl_relocation_receipt_queue4-mutant/src/runtime/src/Heap/Allocator/RegionList.h:11:
In file included from /root/cj_build/impl_relocation_receipt_queue4-mutant/src/runtime/src/Heap/Allocator/RegionInfo.h:52:
/root/cj_build/impl_relocation_receipt_queue4-mutant/src/runtime/src/Heap/Verify/MutatorRelocate.h:102:8: warning: constexpr if is a C++17 extension [-Wc++17-extensions]
    if constexpr (kWaitRegionPublish) {
       ^
In file included from /root/cj_build/impl_relocation_receipt_queue4-mutant/src/runtime/src/Heap/Allocator/RegionManager.cpp:8:
In file included from /root/cj_build/impl_relocation_receipt_queue4-mutant/src/runtime/src/Heap/Allocator/RegionManager.h:25:
In file included from /root/cj_build/impl_relocation_receipt_queue4-mutant/src/runtime/src/Heap/Allocator/FreeRegionManager.h:15:
In file included from /root/cj_build/impl_relocation_receipt_queue4-mutant/src/runtime/src/Common/ScopedObjectAccess.h:11:
In file included from /root/cj_build/impl_relocation_receipt_queue4-mutant/src/runtime/src/Mutator/Mutator.inline.h:11:
In file included from /root/cj_build/impl_relocation_receipt_queue4-mutant/src/runtime/src/Mutator/MutatorManager.h:17:
/root/cj_build/impl_relocation_receipt_queue4-mutant/src/runtime/src/Base/GcLog.h:217:45: warning: format string is not a string literal [-Wformat-nonliteral]
        int n = vsnprintf(buf, sizeof(buf), format, args);
                                            ^~~~~~
In file included from /root/cj_build/impl_relocation_receipt_queue4-mutant/src/runtime/src/Heap/Allocator/RegionManager.cpp:27:
In file included from /root/cj_build/impl_relocation_receipt_queue4-mutant/src/runtime/src/Heap/Collector/CopyCollector.h:13:
/root/cj_build/impl_relocation_receipt_queue4-mutant/src/runtime/src/Heap/Collector/TracingCollector.h:352:20: warning: unused variable 'objSize' [-Wunused-variable]
            size_t objSize = obj->GetSize();
                   ^
In file included from /root/cj_build/impl_relocation_receipt_queue4-mutant/src/runtime/src/Heap/Allocator/RegionManager.cpp:28:
/root/cj_build/impl_relocation_receipt_queue4-mutant/src/runtime/src/Heap/Collector/GcTrigger.h:477:8: warning: constexpr if is a C++17 extension [-Wc++17-extensions]
    if constexpr (kGcTriggerMajorAllocRateEnabled) {
       ^
/root/cj_build/impl_relocation_receipt_queue4-mutant/src/runtime/src/Heap/Collector/GcTrigger.h:496:8: warning: constexpr if is a C++17 extension [-Wc++17-extensions]
    if constexpr (kGcTriggerProactiveEnabled) {
       ^
In file included from /root/cj_build/impl_relocation_receipt_queue4-mutant/src/runtime/src/Heap/Allocator/RegionManager.cpp:43:
/root/cj_build/impl_relocation_receipt_queue4-mutant/src/runtime/src/Heap/WCollector/RelocationSetSelector.h:13:1: warning: inline variables are a C++17 extension [-Wc++17-extensions]
inline constexpr bool kUseRelocationSetSelector = true;
^
/root/cj_build/impl_relocation_receipt_queue4-mutant/src/runtime/src/Heap/WCollector/RelocationSetSelector.h:14:1: warning: inline variables are a C++17 extension [-Wc++17-extensions]
inline constexpr double kRelocationFragmentationLimitPercent = 25.0;
^
/root/cj_build/impl_relocation_receipt_queue4-mutant/src/runtime/src/Heap/WCollector/RelocationSetSelector.h:16:1: warning: inline variables are a C++17 extension [-Wc++17-extensions]
inline constexpr size_t kRelocationMaxSmallRegionBytes = 128 * 1024;
^
/root/cj_build/impl_relocation_receipt_queue4-mutant/src/runtime/src/Heap/WCollector/RelocationSetSelector.h:18:1: warning: inline variables are a C++17 extension [-Wc++17-extensions]
inline constexpr size_t kRelocationObjectSizeLimit = 16 * 1024;
^
/root/cj_build/impl_relocation_receipt_queue4-mutant/src/runtime/src/Heap/Allocator/RegionManager.cpp:439:65: warning: lambda capture 'region' is not used [-Wunused-lambda-capture]
            object->ForEachRefField([&rememberedSet, &recorded, region](RefField<>& field) {
                                                              ~~^~~~~~
/root/cj_build/impl_relocation_receipt_queue4-mutant/src/runtime/src/Heap/Allocator/RegionManager.cpp:1205:8: warning: constexpr if is a C++17 extension [-Wc++17-extensions]
    if constexpr (!kExpireKeptAtCycleStart) {
       ^
/root/cj_build/impl_relocation_receipt_queue4-mutant/src/runtime/src/Heap/Allocator/RegionManager.cpp:1904:16: warning: constexpr if is a C++17 extension [-Wc++17-extensions]
            if constexpr (kGcTriggerProactiveEnabled || kGcTriggerDynamicWorkersEnabled) {
               ^
/root/cj_build/impl_relocation_receipt_queue4-mutant/src/runtime/src/Heap/Allocator/RegionManager.cpp:1908:16: warning: constexpr if is a C++17 extension [-Wc++17-extensions]
            if constexpr (kGcTriggerProactiveEnabled) {
               ^
/root/cj_build/impl_relocation_receipt_queue4-mutant/src/runtime/src/Heap/Allocator/RegionManager.cpp:1916:16: warning: constexpr if is a C++17 extension [-Wc++17-extensions]
            if constexpr (kGcTriggerMajorAllocRateEnabled) {
               ^
/root/cj_build/impl_relocation_receipt_queue4-mutant/src/runtime/src/Heap/Allocator/RegionManager.cpp:1927:16: warning: constexpr if is a C++17 extension [-Wc++17-extensions]
            if constexpr (kGcTriggerDynamicWorkersEnabled) {
               ^
/root/cj_build/impl_relocation_receipt_queue4-mutant/src/runtime/src/Heap/Allocator/RegionManager.cpp:2193:8: warning: constexpr if is a C++17 extension [-Wc++17-extensions]
    if constexpr (!kFinishIncompleteFromRegions) {
       ^
/root/cj_build/impl_relocation_receipt_queue4-mutant/src/runtime/src/Heap/Allocator/RegionManager.cpp:3622:28: warning: unused variable 'liveBefore' [-Wunused-variable]
            const uint64_t liveBefore = region->GetLiveByteCount();
                           ^
/root/cj_build/impl_relocation_receipt_queue4-mutant/src/runtime/src/Heap/Allocator/RegionManager.cpp:3624:20: warning: unused variable 'markedBefore' [-Wunused-variable]
            size_t markedBefore = 0;
                   ^
/root/cj_build/impl_relocation_receipt_queue4-mutant/src/runtime/src/Heap/Allocator/RegionManager.cpp:3630:28: warning: unused variable 'liveAfterReset' [-Wunused-variable]
            const uint64_t liveAfterReset = region->GetLiveByteCount();
                           ^
/root/cj_build/impl_relocation_receipt_queue4-mutant/src/runtime/src/Heap/Allocator/RegionManager.cpp:3632:20: warning: unused variable 'markedAfterReset' [-Wunused-variable]
            size_t markedAfterReset = 0;
                   ^
/root/cj_build/impl_relocation_receipt_queue4-mutant/src/runtime/src/Heap/Allocator/RegionManager.cpp:3637:20: warning: unused variable 'markedAfterInv' [-Wunused-variable]
            size_t markedAfterInv = 0;
                   ^
/root/cj_build/impl_relocation_receipt_queue4-mutant/src/runtime/src/Heap/Allocator/RegionManager.cpp:3399:70: warning: lambda capture 'oldObjForwarded' is not used [-Wunused-lambda-capture]
        [&collector, youngRegion, &rememberedSet, &promotedRecords, &oldObjForwarded,
                                                                     ^
/root/cj_build/impl_relocation_receipt_queue4-mutant/src/runtime/src/Heap/Allocator/RegionManager.cpp:3703:30: note: in instantiation of function template specialization 'MapleRuntime::RegionManager::ForwardRegion<MapleRuntime::Generation::Young>' requested here
template void RegionManager::ForwardRegion<Generation::Young>(RegionInfo*);
                             ^
/root/cj_build/impl_relocation_receipt_queue4-mutant/src/runtime/src/Heap/Allocator/RegionManager.cpp:3400:11: warning: lambda capture 'o2yOnToForOld' is not used [-Wunused-lambda-capture]
         &o2yOnToForOld, &recordedOnToForOld](BaseObject* obj) {
          ^
/root/cj_build/impl_relocation_receipt_queue4-mutant/src/runtime/src/Heap/Allocator/RegionManager.cpp:3399:70: warning: lambda capture 'oldObjForwarded' is not used [-Wunused-lambda-capture]
        [&collector, youngRegion, &rememberedSet, &promotedRecords, &oldObjForwarded,
                                                                     ^
/root/cj_build/impl_relocation_receipt_queue4-mutant/src/runtime/src/Heap/Allocator/RegionManager.cpp:3704:30: note: in instantiation of function template specialization 'MapleRuntime::RegionManager::ForwardRegion<MapleRuntime::Generation::Old>' requested here
template void RegionManager::ForwardRegion<Generation::Old>(RegionInfo*);
                             ^
/root/cj_build/impl_relocation_receipt_queue4-mutant/src/runtime/src/Heap/Allocator/RegionManager.cpp:3400:11: warning: lambda capture 'o2yOnToForOld' is not used [-Wunused-lambda-capture]
         &o2yOnToForOld, &recordedOnToForOld](BaseObject* obj) {
          ^
31 warnings generated.
[ 85%] Linking CXX static library ../../../../output/temp/ar/x86_64_Release/libAllocator.a
[ 89%] Built target Allocator
HEAL_SLOT_GUARD PASS direct_calls=1 escaped=0 enum_sites=72 explicit_uses=87 other=0
[ 89%] Built target check_heal_slot_writes
[ 90%] Linking CXX shared library ../../output/temp/lib/x86_64_Release/libcangjie-runtime.so
Running the deterministic GC unit suite against the runtime just built
[  PASS  ] FnlzRoots.RegisteredFinalizerIsRawPointerButNotStrongRoot
[  PASS  ] FnlzRoots.VisitFinalizersCountMatchesRegister
[  PASS  ] MarkStackEntry.ObjectPoliciesAreIndependent
[  PASS  ] MarkStackEntry.PartialArrayIsASeparateKind
[  PASS  ] MarkStackEntry.StackSplitPreservesPolicy
[  PASS  ] MarkStripe.NoSmrPositiveControlCorruptsHead
[  PASS  ] MarkStripe.SmrHazardPreventsAbaReuse
[  PASS  ] MarkStripe.ConcurrentGlobalStealIsLiveAndLossless
[  PASS  ] PartialArray.EncodeDecodeRoundtrip
[  PASS  ] PartialArray.EmptyAndSingle
[  PASS  ] PartialArray.ThresholdExact
[  PASS  ] PartialArray.ThresholdMinusOne
[  PASS  ] PartialArray.ThresholdPlusOne
[  PASS  ] PartialArray.MultiChunk
[  PASS  ] PartialArray.BoundaryRefs
[  PASS  ] PartialArray.UnalignedStart
[  PASS  ] VerifyRoots.DefaultOffLeavesCorruptRootUnobserved
[  PASS  ] VerifyRoots.EnabledReportsColouredRootBeforeDereference
[========] 325 tests: 324 passed, 1 failed
GC_UNIT_RUN_DONE rc=1 wall_ms=258
GC_UNIT_GATE_FAIL: failures not in known_failures.txt:
  GCThreadPool.ProductSerialEntryRegistersWorkerAndCompletesClaimedOwner
  full log: /root/cj_build/impl_relocation_receipt_queue4-mutant/src/runtime/tests/gc_unit/build_standalone/gate_run.log
gmake[3]: *** [src/CMakeFiles/cangjie-runtime.dir/build.make:443：../output/temp/lib/x86_64_Release/libcangjie-runtime.so] 错误 1
gmake[3]: *** 正在删除文件“../output/temp/lib/x86_64_Release/libcangjie-runtime.so”
gmake[2]: *** [CMakeFiles/Makefile2:755：src/CMakeFiles/cangjie-runtime.dir/all] 错误 2
gmake[1]: *** [CMakeFiles/Makefile2:762：src/CMakeFiles/cangjie-runtime.dir/rule] 错误 2
gmake: *** [Makefile:221：cangjie-runtime] 错误 2
PRODUCT_BUILD_RC=2
[  FAIL  ] GCThreadPool.ProductSerialEntryRegistersWorkerAndCompletesClaimedOwner
[========] 325 tests: 324 passed, 1 failed
GC_UNIT_RUN_DONE rc=1 wall_ms=258
2026-08-23T21:33:37+08:00
 21:33:37 up 32 days, 22:43,  1 user,  load average: 4.16, 5.14, 5.51
FINAL_RC=2
