/root/impl_gcunit3-aa48-run/runtime/tests/gc_unit/run_segmented_array_managed.sh: 第 57 行： 3343702 已中止               LD_LIBRARY_PATH="$RUNTIME_LIB_DIR:$SDK_RUNTIME${LD_LIBRARY_PATH:+:$LD_LIBRARY_PATH}" MRT_GC_UNIT_MANAGED_SEGMENTED=full MRT_LOG_LEVEL=e cjGCInterval=3600s cjHeapSize=64MB timeout 60s "$BIN" > "$FULL_LOG" 2>&1
SEGMENTED_ARRAY_MANAGED_FAIL mode=full rc=134 branch=0 done=0
2026-09-02 03:00:56.661018 3343706 E [GCV2][mutrelo] attempt n=4 retain=3
2026-09-02 03:00:56.661021 3343706 E [GCV2][mutrelo] attempt n=5 retain=4
2026-09-02 03:00:56.661025 3343706 E [GCV2][mutrelo] attempt n=6 retain=5
2026-09-02 03:00:56.661028 3343706 E [GCV2][mutrelo] attempt n=7 retain=6
2026-09-02 03:00:56.661031 3343706 E [GCV2][mutrelo] attempt n=8 retain=7
2026-09-02 03:00:56.661100 3343706 E [COLOURWHO] armed first sc=0
2026-09-02 03:00:56.661120 3343706 E [GCV2][expire-kept] n=1 bytes=65536
2026-09-02 03:00:56.661136 3343706 E [GhostRetention] retained_regions=0 retained_bytes=0
[GCV2][holewho] sample n=1 off=64 len=32 type=1 next_plausible=1 bucket=1 prev=std.core:AtomicBox<std.core:Option<Closure<(std.core:Thread,std.core:Exception)->Unit>>> filler=1
2026-09-02 03:00:56.661288 3343706 E [WHODEAD][oldseed] youngHolders=3 oldSeeded=9 painted=0 stack=0 collect=9
2026-09-02 03:00:56.661293 3343706 E [ZCOLOR2][mark-mask-flip] generation=old count=1 g_cjMarkBadMask=0x5d000000000000
2026-09-02 03:00:56.661306 3343706 E [GCV2][epoch-handshake] source=pre-major-stack epoch=2 requested=1 acked=1 acked_twice=0 self=0 gc_assisted=1 starting=0 running=1 parked=0 exiting=0 deferred_create=0 born_clean=0 exit_transition=0 destroy_deferred=0 stw_calls=0 stack_scanned=1 stack_fallback=0 stack_frames=6 wlock_us=0 timeout_ms=30000 epoch_handshake=required stack_scan=required
2026-09-02 03:00:56.661332 3343706 E [WHODEAD][oldseed] post-assemble pushed=9 stack=2 from=9
2026-09-02 03:00:56.661344 3343706 E [TRACECOV] healed=1
2026-09-02 03:00:56.661347 3343706 E [TRACECOV] healed=2
2026-09-02 03:00:56.661351 3343706 E [TRACECOV] healed=4
2026-09-02 03:00:56.661357 3343706 E [TRACECOV] healed=8
2026-09-02 03:00:56.661375 3343706 E [GCV2][garbregion] armed first n=1 census=0
[GCV2][garbregion][collect] n=1 region=0x767187dff010 start=0x767187e10000 alloc=0x767187e37110 type=12 route=0 routeGen=1 young=0 large=1 live=0 auth=1 knownEmpty=1 neverExamined=1 liveinfo=(nil) faceEp=0 snapEp=2 bitmap=(nil) cls=large_unmarked slots=0 markedH=0 unmarkedH=0 youngH=0 oldH=0 join=0 gc=1 where=none
2026-09-02 03:00:56.661390 3343706 E [GCV2][exempt-kept] n=1 region=0x767187dfff10 start=0x767187e00000 route=0 live=232 identity=0
2026-09-02 03:00:56.661393 3343706 E [GhostRetention] retained_regions=0 retained_bytes=0
2026-09-02 03:00:56.661413 3343706 E [FWDTABLE][reclaim] why=old-remap-young-roots-complete freed=0 deferred=1 coverage_complete=0 retired_total=1 reclaimed_total=0
2026-09-02 03:00:56.661416 3343706 E [A8REMAP] remset seen=0 coloured=0 remapped=0 doubleBad=0 static seen=19 coloured=0 remapped=0 doubleBad=0 stack seen=5 coloured=0 remapped=0 other seen=2 coloured=0 remapped=0 doubleBad=0 flipSeq=3
2026-09-02 03:00:56.661451 3343706 E [GCV2][expire-kept] n=1 bytes=65536
2026-09-02 03:00:56.661530 3343703 F Check failed: (sites & required) == required
2026-09-02 03:00:56.661545 3343703 F language-level segmented-array GC missed managed root consumer: required=0xaa actual=0xa2
3343703 E CJNative Handle signal: 6.
3343703 E signal SIGABRT (6) pc=0x7671902969bc fa=0x330557 si_addr=0x330557
[GCLOG] v=3 rec=crash seq=0 signo=6 signame=SIGABRT si_code=-6 si_codename=SI_TKILL si_addr=0x330557 pc=0x7671902969bc pc_mod=libc.so.6 pc_off=0x969bc sym=pthread_kill rbp=0x330557 gc_phase=reclaim_satb_phase gc_kind=active in_par_fix=0 regs=rax=0x0,rbx=0x76719c76e980,rcx=0x7671902969bc,rdx=0x6,rsi=0x330557,rdi=0x330557,rbp=0x330557,rsp=0x767190505800,r8=0x7671905058d0,r9=0x7f,r10=0x8,r11=0x246,r12=0x6,r13=0x16,r14=0x767190505ae0,r15=0x767190920598,rip=0x7671902969bc insn=4189c541f7dd3d00f0ffffb800000000 assert=language-level_segmented-array_GC_missed_managed_root_consumer:_required=0xaa_actual=0xa2
[GCV2][whozero] CRASH-SCAN hits=0 ring=0 n=0 r13=0x16 rcx=0x7671902969bc rsi=0x330557 rbx=0x76719c76e980 r12=0x6
