/root/impl_gcunit3-aa48-run/runtime/tests/gc_unit/run_segmented_array_managed.sh: 第 74 行： 3345165 已中止               LD_LIBRARY_PATH="$RUNTIME_LIB_DIR:$SDK_RUNTIME${LD_LIBRARY_PATH:+:$LD_LIBRARY_PATH}" MRT_GC_UNIT_MANAGED_SEGMENTED=young MRT_LOG_LEVEL=e cjGCInterval=3600s cjHeapSize=64MB timeout 60s "$BIN" > "$YOUNG_LOG" 2>&1
SEGMENTED_ARRAY_MANAGED_FAIL mode=young rc=134 branch=0 done=0
2026-09-02 03:00:56.943719 3345166 E [FWDTABLE] armed base=0x74162ec00000 size=67108864 unit=4096 entries=16384
2026-09-02 03:00:56.946113 3345168 E [ZCOLOR2][mark-mask-flip] generation=young count=1 g_cjMarkBadMask=0x9e000000000000 g_cjStoreBadMask=0x19e000000000000
2026-09-02 03:00:56.946189 3345168 E [GCV2][epoch-handshake] source=pre-minor-stack epoch=1 requested=1 acked=1 acked_twice=0 self=0 gc_assisted=1 starting=0 running=1 parked=0 exiting=0 deferred_create=0 born_clean=0 exit_transition=0 destroy_deferred=0 stw_calls=0 stack_scanned=1 stack_fallback=0 stack_frames=6 wlock_us=0 timeout_ms=30000 epoch_handshake=required stack_scan=required
2026-09-02 03:00:56.946210 3345168 E [GCV2][stack-scan-fallback] epoch=1 concurrent_done=1 stw_fallback=0 stack_scan=required
2026-09-02 03:00:56.946332 3345168 E [GhostRetention] retained_regions=0 retained_bytes=0
2026-09-02 03:00:56.946339 3345168 E [ENROLTIME] afterFlip=0 n=1 phase=12 before=1 after=0
2026-09-02 03:00:56.946348 3345168 E [FLIPORDER] young flip arm=after-fromspace
2026-09-02 03:00:56.946401 3345168 E [GCV2][mutrelo] attempt n=1 retain=0
2026-09-02 03:00:56.946405 3345168 E [GCV2][mutrelo] attempt n=2 retain=1
2026-09-02 03:00:56.946408 3345168 E [GCV2][mutrelo] attempt n=3 retain=2
2026-09-02 03:00:56.946411 3345168 E [GCV2][mutrelo] attempt n=4 retain=3
2026-09-02 03:00:56.946415 3345168 E [GCV2][mutrelo] attempt n=5 retain=4
2026-09-02 03:00:56.946418 3345168 E [GCV2][mutrelo] attempt n=6 retain=5
2026-09-02 03:00:56.946421 3345168 E [GCV2][mutrelo] attempt n=7 retain=6
2026-09-02 03:00:56.946424 3345168 E [GCV2][mutrelo] attempt n=8 retain=7
2026-09-02 03:00:56.946486 3345168 E [COLOURWHO] armed first sc=0
2026-09-02 03:00:56.946503 3345168 E [GCV2][expire-kept] n=1 bytes=65536
2026-09-02 03:00:56.946518 3345168 E [GhostRetention] retained_regions=0 retained_bytes=0
2026-09-02 03:00:56.946633 3345166 F Check failed: (sites & required) == required
2026-09-02 03:00:56.946642 3345166 F language-level segmented-array GC missed managed root consumer: required=0xaa actual=0xa2
3345166 E CJNative Handle signal: 6.
3345166 E signal SIGABRT (6) pc=0x7416370969bc fa=0x330b0e si_addr=0x330b0e
[GCLOG] v=3 rec=crash seq=0 signo=6 signame=SIGABRT si_code=-6 si_codename=SI_TKILL si_addr=0x330b0e pc=0x7416370969bc pc_mod=libc.so.6 pc_off=0x969bc sym=pthread_kill rbp=0x330b0e gc_phase=reclaim_satb_phase gc_kind=active in_par_fix=0 regs=rax=0x0,rbx=0x741643557980,rcx=0x7416370969bc,rdx=0x6,rsi=0x330b0e,rdi=0x330b0e,rbp=0x330b0e,rsp=0x7416372e4800,r8=0x7416372e48d0,r9=0x7f,r10=0x8,r11=0x246,r12=0x6,r13=0x16,r14=0x7416372e4ae0,r15=0x741637720598,rip=0x7416370969bc insn=4189c541f7dd3d00f0ffffb800000000 assert=language-level_segmented-array_GC_missed_managed_root_consumer:_required=0xaa_actual=0xa2
[GCV2][whozero] CRASH-SCAN hits=0 ring=0 n=0 r13=0x16 rcx=0x7416370969bc rsi=0x330b0e rbx=0x741643557980 r12=0x6
