[  RUN   ] P82HeapIterator.VisitsOnce
[  RUN   ] P82HeapIterator.VisitsOnce
P82_RESULT workers=1 weak=0 verify=0 seen=1025 expected=1025 exact=1 once=0
P82_RESULT workers=1 weak=0 verify=1 seen=1025 expected=1025 exact=1 once=0
P82_RESULT workers=1 weak=1 verify=0 seen=1025 expected=1025 exact=1 once=0
P82_RESULT workers=1 weak=1 verify=1 seen=1025 expected=1025 exact=1 once=0
P82_STEAL_OBSERVATION workers=2 verify=0 visitor=1
P82_RESULT workers=2 weak=0 verify=0 seen=1025 expected=1025 exact=1 once=0
P82_STEAL_OBSERVATION workers=2 verify=1 visitor=0
P82_RESULT workers=2 weak=0 verify=1 seen=1025 expected=1025 exact=1 once=0
P82_STEAL_OBSERVATION workers=2 verify=0 visitor=1
P82_RESULT workers=2 weak=1 verify=0 seen=1025 expected=1025 exact=1 once=0
P82_STEAL_OBSERVATION workers=2 verify=1 visitor=0
P82_RESULT workers=2 weak=1 verify=1 seen=1025 expected=1025 exact=1 once=0
P82_STEAL_OBSERVATION workers=4 verify=0 visitor=1
P82_RESULT workers=4 weak=0 verify=0 seen=1025 expected=1025 exact=1 once=0
P82_STEAL_OBSERVATION workers=4 verify=1 visitor=0
P82_RESULT workers=4 weak=0 verify=1 seen=1025 expected=1025 exact=1 once=0
P82_STEAL_OBSERVATION workers=4 verify=0 visitor=1
P82_RESULT workers=4 weak=1 verify=0 seen=1025 expected=1025 exact=1 once=0
P82_STEAL_OBSERVATION workers=4 verify=1 visitor=0
P82_RESULT workers=4 weak=1 verify=1 seen=1025 expected=1025 exact=1 once=0
P82_VISITS_ONCE_ASSERT once=0
[  FAIL  ] P82HeapIterator.VisitsOnce
  sym_cangjie_runtime_1305_implement_r5892797534/testable/runtime/tests/gc_unit/test_young_weak.cpp:908: EXPECT failed: once
[  FAIL  ] P82HeapIterator.VisitsOnce
  other-vm child did not exit cleanly with sentinel for P82HeapIterator.VisitsOnce: Exited with exit status 1; sentinel=missing; stderr_read=complete; exec_ms=2; body_ms=1057; exit_ms=not-started; pending_phase=body
Child stderr tail (<=4096 bytes):
[  RUN   ] P82HeapIterator.VisitsOnce
P82_RESULT workers=1 weak=0 verify=0 seen=1025 expected=1025 exact=1 once=0
P82_RESULT workers=1 weak=0 verify=1 seen=1025 expected=1025 exact=1 once=0
P82_RESULT workers=1 weak=1 verify=0 seen=1025 expected=1025 exact=1 once=0
P82_RESULT workers=1 weak=1 verify=1 seen=1025 expected=1025 exact=1 once=0
P82_STEAL_OBSERVATION workers=2 verify=0 visitor=1
P82_RESULT workers=2 weak=0 verify=0 seen=1025 expected=1025 exact=1 once=0
P82_STEAL_OBSERVATION workers=2 verify=1 visitor=0
P82_RESULT workers=2 weak=0 verify=1 seen=1025 expected=1025 exact=1 once=0
P82_STEAL_OBSERVATION workers=2 verify=0 visitor=1
P82_RESULT workers=2 weak=1 verify=0 seen=1025 expected=1025 exact=1 once=0
P82_STEAL_OBSERVATION workers=2 verify=1 visitor=0
P82_RESULT workers=2 weak=1 verify=1 seen=1025 expected=1025 exact=1 once=0
P82_STEAL_OBSERVATION workers=4 verify=0 visitor=1
P82_RESULT workers=4 weak=0 verify=0 seen=1025 expected=1025 exact=1 once=0
P82_STEAL_OBSERVATION workers=4 verify=1 visitor=0
P82_RESULT workers=4 weak=0 verify=1 seen=1025 expected=1025 exact=1 once=0
P82_STEAL_OBSERVATION workers=4 verify=0 visitor=1
P82_RESULT workers=4 weak=1 verify=0 seen=1025 expected=1025 exact=1 once=0
P82_STEAL_OBSERVATION workers=4 verify=1 visitor=0
P82_RESULT workers=4 weak=1 verify=1 seen=1025 expected=1025 exact=1 once=0
P82_VISITS_ONCE_ASSERT once=0
[  FAIL  ] P82HeapIterator.VisitsOnce
  sym_cangjie_runtime_1305_implement_r5892797534/testable/runtime/tests/gc_unit/test_young_weak.cpp:908: EXPECT failed: once

[========] 1 tests: 0 passed, 1 failed
