# kkk2_diff cand=96d7b857a7bf79b1f1d6248c9d5d4d1015baaf0a base=b4dd9a5a7484f2773c1c4a80ae2d6c2f6145ce56 2026-09-30T06:03:57+08:00
# pinned runner sha256=fda667008239d4d7212abbd2eac71cf38f33dba373c473eeb08104e3b46dcf70 path=kkk2:/root/diff_harness_708/fda667008239/kkk2_managed.sh
# diff_b4dd9a5a7484: 命中缓存
# diff_96d7b857a7bf: 构建两构型…
== default configure_rc=0 build_rc=0 wall=20s
== testable configure_rc=0 build_rc=0 wall=21s
# diff_96d7b857a7bf: 三臂+managed 并行…
243M
default rc=123 filler rc=123 testable rc=123 
# DIFF 96d7b857a7bf vs b4dd9a5a7484

runner_sha256=fda667008239d4d7212abbd2eac71cf38f33dba373c473eeb08104e3b46dcf70 path=kkk2:/root/diff_harness_708/fda667008239/kkk2_managed.sh
cand_runner_sha256=fda667008239d4d7212abbd2eac71cf38f33dba373c473eeb08104e3b46dcf70 base_runner_sha256=fda667008239d4d7212abbd2eac71cf38f33dba373c473eeb08104e3b46dcf70
CANGJIE_HOME=/root/sdkdepot/b99430a618af-1ecb811801ca
H48=/root/sharedbuild/h48-host-runtime/35da7be2434ad72348ed27e8a0bf599ec4e91524/linux_x86_64_cjnative
stained=/root/diff_96d7b857a7bf/default/build/runtime-staging/lib/x86_64_Release

⛔ 未跑/未完成的臂: [('default', 'NOT_RUN'), ('filler', 'NOT_RUN'), ('testable', 'NOT_RUN'), ('managed', 'NOT_RUN')] ⇒ 本 DIFF 对这些臂不可作为验收证据（0917 实撞：P09 testable 编译失败 rc=123 被读成 CAND-ONLY=0 放行）
## default: status=NOT_RUN · cand rc=123 failed=0 · base rc=123 failed=0 · common=0 · CAND-ONLY=NOT_COMPUTED BASE-ONLY=NOT_COMPUTED · 阳性对照=NOT_RUN（臂未跑，⛔ 不得据此宣称独红为 0）
## filler: status=NOT_RUN · cand rc=123 failed=0 · base rc=123 failed=0 · common=0 · CAND-ONLY=NOT_COMPUTED BASE-ONLY=NOT_COMPUTED · 阳性对照=NOT_RUN（臂未跑，⛔ 不得据此宣称独红为 0）
## testable: status=NOT_RUN · cand rc=123 failed=0 · base rc=123 failed=0 · common=0 · CAND-ONLY=NOT_COMPUTED BASE-ONLY=NOT_COMPUTED · 阳性对照=NOT_RUN（臂未跑，⛔ 不得据此宣称独红为 0）
## managed: status=NOT_RUN · cand rc=0 failed=2 · base rc=0 failed=2 · common=2 · CAND-ONLY=NOT_COMPUTED BASE-ONLY=NOT_COMPUTED · 阳性对照=NOT_RUN（臂未跑，⛔ 不得据此宣称独红为 0）
# 产物: /root/cj_build/reports/DIFF-96d7b857a7bf-vs-b4dd9a5a7484.{json,md}  原始名单: /root/cj_build/agent_scratch/diffout/96d7b857a7bf-vs-b4dd9a5a7484/{cand,base}.txt  kkk2: /root/diff_96d7b857a7bf /root/diff_b4dd9a5a7484
