2026-09-02 02:53:17.513139 3213263 E [FWDTABLE] armed base=0x79cf20000000 size=67108864 unit=4096 entries=16384
2026-09-02 02:53:17.515486 3213265 E [ZCOLOR2][mark-mask-flip] generation=young count=1 g_cjMarkBadMask=0x9e000000000000 g_cjStoreBadMask=0x19e000000000000
2026-09-02 02:53:17.515647 3213265 E [GCV2][epoch-handshake] source=pre-minor-stack epoch=1 requested=1 acked=1 acked_twice=0 self=0 gc_assisted=1 starting=0 running=1 parked=0 exiting=0 deferred_create=0 born_clean=0 exit_transition=0 destroy_deferred=0 stw_calls=0 stack_scanned=1 stack_fallback=0 stack_frames=6 wlock_us=0 timeout_ms=30000 epoch_handshake=required stack_scan=required
2026-09-02 02:53:17.515669 3213265 E [GCV2][stack-scan-fallback] epoch=1 concurrent_done=1 stw_fallback=0 stack_scan=required
2026-09-02 02:53:17.515779 3213265 E [GhostRetention] retained_regions=0 retained_bytes=0
2026-09-02 02:53:17.515788 3213265 E [ENROLTIME] afterFlip=0 n=1 phase=12 before=1 after=0
2026-09-02 02:53:17.515798 3213265 E [FLIPORDER] young flip arm=after-fromspace
2026-09-02 02:53:17.515858 3213265 E [GCV2][mutrelo] attempt n=1 retain=0
2026-09-02 02:53:17.515862 3213265 E [GCV2][mutrelo] attempt n=2 retain=1
2026-09-02 02:53:17.515865 3213265 E [GCV2][mutrelo] attempt n=3 retain=2
2026-09-02 02:53:17.515869 3213265 E [GCV2][mutrelo] attempt n=4 retain=3
2026-09-02 02:53:17.515872 3213265 E [GCV2][mutrelo] attempt n=5 retain=4
2026-09-02 02:53:17.515875 3213265 E [GCV2][mutrelo] attempt n=6 retain=5
2026-09-02 02:53:17.515879 3213265 E [GCV2][mutrelo] attempt n=7 retain=6
2026-09-02 02:53:17.515882 3213265 E [GCV2][mutrelo] attempt n=8 retain=7
2026-09-02 02:53:17.515944 3213265 E [COLOURWHO] armed first sc=0
2026-09-02 02:53:17.515962 3213265 E [GCV2][expire-kept] n=1 bytes=65536
2026-09-02 02:53:17.515977 3213265 E [GhostRetention] retained_regions=0 retained_bytes=0
[SEGMENTED_MANAGED_OK] mode=young root_sites=0xaa
[GCV2][mutrelo] atexit attempt=13 retain=13 alreadyFwd=0 fb_retain=0 fb_copy=0 fb_phase=0 self_mut=0 self_gc=13 self_rt=0 any_mut=0 any_gc=14 any_rt=0 waitEnter=0 waitGiveUp=0 waitReceipt=0 waitFatal=0 regionWait=0 regionGot=0 regionPubMiss=0
[GCV2][fillerzero] atexit
[GCV2][fillerzero] site=slot_extra n=0 bytes=0 dense_n=0 dense_bytes=0 buckets=
[GCV2][fillerzero] site=clear_units n=0 bytes=0 dense_n=0 dense_bytes=0 buckets=
[GCV2][fillerzero] site=take_garbage n=0 bytes=0 dense_n=0 dense_bytes=0 buckets=
[GCV2][fillerzero] site=take_inactive n=0 bytes=0 dense_n=0 dense_bytes=0 buckets=
[GCV2][fillerzero] site=dirty_take n=0 bytes=0 dense_n=0 dense_bytes=0 buckets=
[GCV2][fillerzero] site=released_pre n=0 bytes=0 dense_n=0 dense_bytes=0 buckets=
[GCV2][fillerzero] site=compact n=0 bytes=0 dense_n=0 dense_bytes=0 buckets=
[GCV2][fillerzero] site=compact_partial n=0 bytes=0 dense_n=0 dense_bytes=0 buckets=
[GCV2][fillerzero] site=route_reserve n=1 bytes=720 dense_n=1 dense_bytes=720 buckets= 2^9=1
[GCV2][markwater] atexit armed=0 turned=0
2026-09-02 02:53:17.525274 3213263 E [GCV2][markterm] atexit pauses=1 flushedInPause=0 ncontinue=0
[GCV2][page-owner] point=atexit mismatch_attempts=0 first_paints=0 mode=assert
[GCV2][gctrigger] atexit armed=7 turned=0 timer=0 warmup=0 alloc_rate=0 high_usage=0 major_alloc_rate_armed=0 major_alloc_rate=0 proactive_armed=7 proactive=0 young_workers=1 old_workers=1 samples=1 granule=524288 soft_max=67108864
[FWDTABLE][refuse] atexit full=0 overflow=0 fallbackFull=0 fallbackOverflow=0 armedHit=83 armedMiss=14 unavailable=145 unarmed=0
[GCV2][detach-check] phase=enforce site=collect_from_garbage checks=0 evidence=0 blocked=0 active_table=0 retired_table=0 route_dest_held=0 fwd_positive=0 fwd_readers=0 fwd_claimed=0 fwd_released=0 copy_inflight=0
[GCV2][detach-check] phase=enforce site=take_garbage checks=0 evidence=0 blocked=0 active_table=0 retired_table=0 route_dest_held=0 fwd_positive=0 fwd_readers=0 fwd_claimed=0 fwd_released=0 copy_inflight=0
[GCV2][detach-check] phase=enforce site=take_after_dispel checks=0 evidence=0 blocked=0 active_table=0 retired_table=0 route_dest_held=0 fwd_positive=0 fwd_readers=0 fwd_claimed=0 fwd_released=0 copy_inflight=0
[GCV2][detach-check] phase=enforce site=reclaim_dirty checks=0 evidence=0 blocked=0 active_table=0 retired_table=0 route_dest_held=0 fwd_positive=0 fwd_readers=0 fwd_claimed=0 fwd_released=0 copy_inflight=0
[GCV2][detach-check] phase=enforce site=reclaim_mark_quarantine checks=0 evidence=0 blocked=0 active_table=0 retired_table=0 route_dest_held=0 fwd_positive=0 fwd_readers=0 fwd_claimed=0 fwd_released=0 copy_inflight=0
[GCV2][detach-check] phase=enforce site=release_region checks=0 evidence=0 blocked=0 active_table=0 retired_table=0 route_dest_held=0 fwd_positive=0 fwd_readers=0 fwd_claimed=0 fwd_released=0 copy_inflight=0
[GCV2][detach-check] phase=enforce site=release_garbage_units checks=0 evidence=0 blocked=0 active_table=0 retired_table=0 route_dest_held=0 fwd_positive=0 fwd_readers=0 fwd_claimed=0 fwd_released=0 copy_inflight=0
[GCV2][detach-check] phase=enforce site=take_garbage_reuse checks=0 evidence=0 blocked=0 active_table=0 retired_table=0 route_dest_held=0 fwd_positive=0 fwd_readers=0 fwd_claimed=0 fwd_released=0 copy_inflight=0
[GCV2][detach-check] phase=enforce site=take_dirty_reuse checks=0 evidence=0 blocked=0 active_table=0 retired_table=0 route_dest_held=0 fwd_positive=0 fwd_readers=0 fwd_claimed=0 fwd_released=0 copy_inflight=0
[GCV2][detach-check] phase=enforce site=take_released_reuse checks=0 evidence=0 blocked=0 active_table=0 retired_table=0 route_dest_held=0 fwd_positive=0 fwd_readers=0 fwd_claimed=0 fwd_released=0 copy_inflight=0
[GCV2][detach-check] phase=enforce site=clear_units checks=0 evidence=0 blocked=0 active_table=0 retired_table=0 route_dest_held=0 fwd_positive=0 fwd_readers=0 fwd_claimed=0 fwd_released=0 copy_inflight=0
[GCV2][detach-check] phase=enforce site=release_units checks=0 evidence=0 blocked=0 active_table=0 retired_table=0 route_dest_held=0 fwd_positive=0 fwd_readers=0 fwd_claimed=0 fwd_released=0 copy_inflight=0
[GCV2][detach-check] phase=enforce site=init_free_units checks=0 evidence=0 blocked=0 active_table=0 retired_table=0 route_dest_held=0 fwd_positive=0 fwd_readers=0 fwd_claimed=0 fwd_released=0 copy_inflight=0
[GCV2][detach-check] phase=enforce site=init_region_info checks=8 evidence=0 blocked=0 active_table=0 retired_table=0 route_dest_held=0 fwd_positive=0 fwd_readers=0 fwd_claimed=0 fwd_released=0 copy_inflight=0
[GCV2][detach-check] phase=enforce site=major_recheck checks=0 evidence=0 blocked=0 active_table=0 retired_table=0 route_dest_held=0 fwd_positive=0 fwd_readers=0 fwd_claimed=0 fwd_released=0 copy_inflight=0
[GCV2][detach-quarantine] gate=1 admitted=0 released=0 recheck_held=0 peak_entries=0 max_entries=65536 max_rechecks=8
[GCV2][zlife] atexit refuse_released=0 refuse_claimed=0 detach_waited=0
[ptrcolour][plain-load-heal] attempt=0 success=0 plain_skip=0
SEGMENTED_ARRAY_MANAGED_FIXTURE_OK checksum=37
