[1/47] Refreshing the runtime provenance stamp from the build-time tree state
[2/47] Checking that a diagnostic documenting a gate is not an all-no-op implementation
DIAG_HOLLOW_GUARD PASS gated_subsystems=27
[3/47] Linking CXX static library runtime-staging/ar/x86_64_Release/libConcurrency.a
[4/47] Linking CXX static library runtime-staging/ar/x86_64_Release/libSync.a
[5/47] Linking CXX static library runtime-staging/ar/x86_64_Release/libInterpreter.a
[6/47] Linking CXX static library runtime-staging/ar/x86_64_Release/libSanitizer.a
[7/47] Linking CXX static library runtime-staging/ar/x86_64_Release/libCommon.a
[8/47] Linking CXX static library runtime-staging/ar/x86_64_Release/libCjFileLoader.a
[9/47] Linking CXX static library runtime-staging/ar/x86_64_Release/libException.a
[10/47] Linking CXX static library runtime-staging/ar/x86_64_Release/libCpuProfiler.a
[11/47] Linking CXX static library runtime-staging/ar/x86_64_Release/libHeap.a
[12/47] Linking CXX static library runtime-staging/ar/x86_64_Release/libLoader.a
[13/47] Linking CXX static library runtime-staging/ar/x86_64_Release/libInspector.a
[14/47] Linking CXX static library runtime-staging/ar/x86_64_Release/libBarrier.a
[15/47] Building CXX object CMakeFiles/runtime-provenance.dir/generated/RuntimeProvenance.cpp.o
[16/47] Linking CXX static library runtime-staging/ar/x86_64_Release/libMutator.a
[17/47] Linking CXX static library runtime-staging/ar/x86_64_Release/libObjectModel.a
[18/47] Linking CXX static library runtime-staging/ar/x86_64_Release/libUnwindStack.a
[19/47] Linking CXX static library runtime-staging/ar/x86_64_Release/libAllocator.a
[20/47] Linking CXX static library runtime-staging/ar/x86_64_Release/libVerify.a
[21/47] Linking CXX static library runtime-staging/ar/x86_64_Release/libWCollector.a
[22/47] Linking CXX static library runtime-staging/ar/x86_64_Release/libCollector.a
[23/47] Building CXX object src/Base/CMakeFiles/Base.dir/ZStat.cpp.o
In file included from ../source/runtime/src/Base/ZStat.cpp:14:
In file included from ../source/runtime/src/Heap/Heap.h:18:
In file included from ../source/runtime/src/Heap/Collector/Collector.h:23:
In file included from ../source/runtime/src/Heap/Collector/GcStats.h:18:
In file included from ../source/runtime/src/Base/Panic.h:15:
In file included from ../source/runtime/src/StackManager.h:15:
In file included from ../source/runtime/src/StackMap/StackMap.h:11:
In file included from ../source/runtime/src/StackMap/CompressedStackMap.h:15:
In file included from ../source/runtime/src/StackMap/DerivedPtr.h:11:
In file included from ../source/runtime/src/StackMap/StackMapTable.h:13:
In file included from ../source/runtime/src/Base/LogFile.h:14:
../source/runtime/src/Base/GcLog.h:263:45: warning: format string is not a string literal [-Wformat-nonliteral]
        int n = vsnprintf(buf, sizeof(buf), format, args);
                                            ^~~~~~
In file included from ../source/runtime/src/Base/ZStat.cpp:16:
In file included from ../source/runtime/src/Heap/Allocator/RegionManager.h:19:
In file included from ../source/runtime/src/Heap/Allocator/AllocBuffer.h:18:
In file included from ../source/runtime/src/Heap/Allocator/RegionList.h:11:
In file included from ../source/runtime/src/Heap/Allocator/RegionInfo.h:44:
../source/runtime/src/Heap/Verify/AllocPhaseDiag.h:57:1: warning: inline variables are a C++17 extension [-Wc++17-extensions]
inline Slot g_table[kCap] = {};
^
../source/runtime/src/Heap/Verify/AllocPhaseDiag.h:58:1: warning: inline variables are a C++17 extension [-Wc++17-extensions]
inline NearEntry g_near[kNearCap] = {};
^
In file included from ../source/runtime/src/Base/ZStat.cpp:16:
In file included from ../source/runtime/src/Heap/Allocator/RegionManager.h:19:
In file included from ../source/runtime/src/Heap/Allocator/AllocBuffer.h:18:
In file included from ../source/runtime/src/Heap/Allocator/RegionList.h:11:
In file included from ../source/runtime/src/Heap/Allocator/RegionInfo.h:50:
In file included from ../source/runtime/src/Heap/Allocator/ForwardingTable.h:15:
../source/runtime/src/Heap/Collector/ZForwarding.h:33:1: warning: class 'LiveInfo' was previously declared as a struct; this is valid, but may result in linker errors under the Microsoft C++ ABI [-Wmismatched-tags]
class LiveInfo;
^
../source/runtime/src/Heap/Collector/LiveInfo.h:185:8: note: previous use is here
struct LiveInfo {
       ^
../source/runtime/src/Heap/Collector/ZForwarding.h:33:1: note: did you mean struct here?
class LiveInfo;
^~~~~
struct
In file included from ../source/runtime/src/Base/ZStat.cpp:16:
../source/runtime/src/Heap/Allocator/RegionManager.h:948:12: warning: constexpr if is a C++17 extension [-Wc++17-extensions]
        if constexpr (G == Generation::Old) {
           ^
In file included from ../source/runtime/src/Base/ZStat.cpp:17:
../source/runtime/src/Heap/Collector/GcTrigger.h:216:41: warning: comparing floating point with == or != is unsafe [-Wfloat-equal]
    if (currentYoungGcTimePerBytesFreed == std::numeric_limits<double>::infinity()) {
        ~~~~~~~~~~~~~~~~~~~~~~~~~~~~~~~ ^  ~~~~~~~~~~~~~~~~~~~~~~~~~~~~~~~~~~~~~~~
6 warnings generated.
[24/47] Linking CXX static library runtime-staging/ar/x86_64_Release/libBase.a
[25/47] Checking that HeapSlot compare-exchange writes stay inside HealSlot
HEAL_SLOT_GUARD PASS direct_calls=1 escaped=0 enum_sites=53 explicit_uses=81 other=0
[26/47] Building ASM object src/CMakeFiles/cangjie-runtime.dir/arch/x86_64_linux/ExclusiveScope.S.o
[27/47] Building ASM object src/CMakeFiles/cangjie-runtime.dir/arch/x86_64_linux/I2NStub.S.o
[28/47] Building ASM object src/CMakeFiles/cangjie-runtime.dir/arch/x86_64_linux/StackGrowStub.S.o
[29/47] Building ASM object src/CMakeFiles/cangjie-runtime.dir/arch/x86_64_linux/HandleSafepointStub.S.o
[30/47] Building ASM object src/CMakeFiles/cangjie-runtime.dir/arch/x86_64_linux/N2CStub.S.o
[31/47] Building ASM object src/CMakeFiles/cangjie-runtime.dir/arch/x86_64_linux/CalleeSavedStub.S.o
[32/47] Building ASM object src/CMakeFiles/cangjie-runtime.dir/arch/x86_64_linux/C2NStub.S.o
[33/47] Building CXX object src/CMakeFiles/cangjie-runtime.dir/os/Linux/Path.cpp.o
[34/47] Building CXX object src/CMakeFiles/cangjie-runtime.dir/os/Linux/Loader.cpp.o
[35/47] Building CXX object src/CMakeFiles/cangjie-runtime.dir/LogManager.cpp.o
In file included from ../source/runtime/src/LogManager.cpp:10:
In file included from ../source/runtime/src/Base/LogFile.h:14:
../source/runtime/src/Base/GcLog.h:263:45: warning: format string is not a string literal [-Wformat-nonliteral]
        int n = vsnprintf(buf, sizeof(buf), format, args);
                                            ^~~~~~
1 warning generated.
[36/47] Building CXX object src/CMakeFiles/cangjie-runtime.dir/LoaderManager.cpp.o
[37/47] Building CXX object src/CMakeFiles/cangjie-runtime.dir/CjTimer.cpp.o
In file included from ../source/runtime/src/CjTimer.cpp:10:
In file included from ../source/runtime/src/Base/Panic.h:15:
In file included from ../source/runtime/src/StackManager.h:15:
In file included from ../source/runtime/src/StackMap/StackMap.h:11:
In file included from ../source/runtime/src/StackMap/CompressedStackMap.h:15:
In file included from ../source/runtime/src/StackMap/DerivedPtr.h:11:
In file included from ../source/runtime/src/StackMap/StackMapTable.h:13:
In file included from ../source/runtime/src/Base/LogFile.h:14:
../source/runtime/src/Base/GcLog.h:263:45: warning: format string is not a string literal [-Wformat-nonliteral]
        int n = vsnprintf(buf, sizeof(buf), format, args);
                                            ^~~~~~
1 warning generated.
[38/47] Building CXX object src/CMakeFiles/cangjie-runtime.dir/HeapManager.cpp.o
In file included from ../source/runtime/src/HeapManager.cpp:10:
In file included from ../source/runtime/src/Heap/Heap.h:18:
In file included from ../source/runtime/src/Heap/Collector/Collector.h:23:
In file included from ../source/runtime/src/Heap/Collector/GcStats.h:18:
In file included from ../source/runtime/src/Base/Panic.h:15:
In file included from ../source/runtime/src/StackManager.h:15:
In file included from ../source/runtime/src/StackMap/StackMap.h:11:
In file included from ../source/runtime/src/StackMap/CompressedStackMap.h:15:
In file included from ../source/runtime/src/StackMap/DerivedPtr.h:11:
In file included from ../source/runtime/src/StackMap/StackMapTable.h:13:
In file included from ../source/runtime/src/Base/LogFile.h:14:
../source/runtime/src/Base/GcLog.h:263:45: warning: format string is not a string literal [-Wformat-nonliteral]
        int n = vsnprintf(buf, sizeof(buf), format, args);
                                            ^~~~~~
1 warning generated.
[39/47] Building CXX object src/CMakeFiles/cangjie-runtime.dir/CjScheduler.cpp.o
In file included from ../source/runtime/src/CjScheduler.cpp:20:
In file included from ../source/runtime/src/Base/LogFile.h:14:
../source/runtime/src/Base/GcLog.h:263:45: warning: format string is not a string literal [-Wformat-nonliteral]
        int n = vsnprintf(buf, sizeof(buf), format, args);
                                            ^~~~~~
In file included from ../source/runtime/src/CjScheduler.cpp:26:
In file included from ../source/runtime/src/Mutator/MutatorManager.h:26:
In file included from ../source/runtime/src/Mutator/Mutator.h:16:
In file included from ../source/runtime/src/Heap/Allocator/Allocator.h:11:
In file included from ../source/runtime/src/Heap/Allocator/AllocBufferManager.h:15:
In file included from ../source/runtime/src/Heap/Allocator/AllocBuffer.h:18:
In file included from ../source/runtime/src/Heap/Allocator/RegionList.h:11:
In file included from ../source/runtime/src/Heap/Allocator/RegionInfo.h:44:
../source/runtime/src/Heap/Verify/AllocPhaseDiag.h:57:1: warning: inline variables are a C++17 extension [-Wc++17-extensions]
inline Slot g_table[kCap] = {};
^
../source/runtime/src/Heap/Verify/AllocPhaseDiag.h:58:1: warning: inline variables are a C++17 extension [-Wc++17-extensions]
inline NearEntry g_near[kNearCap] = {};
^
In file included from ../source/runtime/src/CjScheduler.cpp:26:
In file included from ../source/runtime/src/Mutator/MutatorManager.h:26:
In file included from ../source/runtime/src/Mutator/Mutator.h:16:
In file included from ../source/runtime/src/Heap/Allocator/Allocator.h:11:
In file included from ../source/runtime/src/Heap/Allocator/AllocBufferManager.h:15:
In file included from ../source/runtime/src/Heap/Allocator/AllocBuffer.h:18:
In file included from ../source/runtime/src/Heap/Allocator/RegionList.h:11:
In file included from ../source/runtime/src/Heap/Allocator/RegionInfo.h:50:
In file included from ../source/runtime/src/Heap/Allocator/ForwardingTable.h:15:
../source/runtime/src/Heap/Collector/ZForwarding.h:33:1: warning: class 'LiveInfo' was previously declared as a struct; this is valid, but may result in linker errors under the Microsoft C++ ABI [-Wmismatched-tags]
class LiveInfo;
^
../source/runtime/src/Heap/Collector/LiveInfo.h:185:8: note: previous use is here
struct LiveInfo {
       ^
../source/runtime/src/Heap/Collector/ZForwarding.h:33:1: note: did you mean struct here?
class LiveInfo;
^~~~~
struct
4 warnings generated.
[40/47] Building CXX object src/CMakeFiles/cangjie-runtime.dir/ExceptionManager.cpp.o
In file included from ../source/runtime/src/ExceptionManager.cpp:7:
In file included from ../source/runtime/src/Base/LogFile.h:14:
../source/runtime/src/Base/GcLog.h:263:45: warning: format string is not a string literal [-Wformat-nonliteral]
        int n = vsnprintf(buf, sizeof(buf), format, args);
                                            ^~~~~~
In file included from ../source/runtime/src/ExceptionManager.cpp:13:
In file included from ../source/runtime/src/ExceptionManager.inline.h:14:
In file included from ../source/runtime/src/Mutator/Mutator.h:16:
In file included from ../source/runtime/src/Heap/Allocator/Allocator.h:11:
In file included from ../source/runtime/src/Heap/Allocator/AllocBufferManager.h:15:
In file included from ../source/runtime/src/Heap/Allocator/AllocBuffer.h:18:
In file included from ../source/runtime/src/Heap/Allocator/RegionList.h:11:
In file included from ../source/runtime/src/Heap/Allocator/RegionInfo.h:44:
../source/runtime/src/Heap/Verify/AllocPhaseDiag.h:57:1: warning: inline variables are a C++17 extension [-Wc++17-extensions]
inline Slot g_table[kCap] = {};
^
../source/runtime/src/Heap/Verify/AllocPhaseDiag.h:58:1: warning: inline variables are a C++17 extension [-Wc++17-extensions]
inline NearEntry g_near[kNearCap] = {};
^
In file included from ../source/runtime/src/ExceptionManager.cpp:13:
In file included from ../source/runtime/src/ExceptionManager.inline.h:14:
In file included from ../source/runtime/src/Mutator/Mutator.h:16:
In file included from ../source/runtime/src/Heap/Allocator/Allocator.h:11:
In file included from ../source/runtime/src/Heap/Allocator/AllocBufferManager.h:15:
In file included from ../source/runtime/src/Heap/Allocator/AllocBuffer.h:18:
In file included from ../source/runtime/src/Heap/Allocator/RegionList.h:11:
In file included from ../source/runtime/src/Heap/Allocator/RegionInfo.h:50:
In file included from ../source/runtime/src/Heap/Allocator/ForwardingTable.h:15:
../source/runtime/src/Heap/Collector/ZForwarding.h:33:1: warning: class 'LiveInfo' was previously declared as a struct; this is valid, but may result in linker errors under the Microsoft C++ ABI [-Wmismatched-tags]
class LiveInfo;
^
../source/runtime/src/Heap/Collector/LiveInfo.h:185:8: note: previous use is here
struct LiveInfo {
       ^
../source/runtime/src/Heap/Collector/ZForwarding.h:33:1: note: did you mean struct here?
class LiveInfo;
^~~~~
struct
4 warnings generated.
[41/47] Building CXX object src/CMakeFiles/cangjie-runtime.dir/CangjieRuntime.cpp.o
In file included from ../source/runtime/src/CangjieRuntime.cpp:12:
In file included from ../source/runtime/src/Heap/Heap.h:18:
In file included from ../source/runtime/src/Heap/Collector/Collector.h:23:
In file included from ../source/runtime/src/Heap/Collector/GcStats.h:18:
In file included from ../source/runtime/src/Base/Panic.h:15:
In file included from ../source/runtime/src/StackManager.h:15:
In file included from ../source/runtime/src/StackMap/StackMap.h:11:
In file included from ../source/runtime/src/StackMap/CompressedStackMap.h:15:
In file included from ../source/runtime/src/StackMap/DerivedPtr.h:11:
In file included from ../source/runtime/src/StackMap/StackMapTable.h:13:
In file included from ../source/runtime/src/Base/LogFile.h:14:
../source/runtime/src/Base/GcLog.h:263:45: warning: format string is not a string literal [-Wformat-nonliteral]
        int n = vsnprintf(buf, sizeof(buf), format, args);
                                            ^~~~~~
In file included from ../source/runtime/src/CangjieRuntime.cpp:24:
In file included from ../source/runtime/src/Common/ScopedObjectAccess.h:11:
In file included from ../source/runtime/src/Mutator/Mutator.inline.h:11:
In file included from ../source/runtime/src/Mutator/MutatorManager.h:26:
In file included from ../source/runtime/src/Mutator/Mutator.h:16:
In file included from ../source/runtime/src/Heap/Allocator/Allocator.h:11:
In file included from ../source/runtime/src/Heap/Allocator/AllocBufferManager.h:15:
In file included from ../source/runtime/src/Heap/Allocator/AllocBuffer.h:18:
In file included from ../source/runtime/src/Heap/Allocator/RegionList.h:11:
In file included from ../source/runtime/src/Heap/Allocator/RegionInfo.h:44:
../source/runtime/src/Heap/Verify/AllocPhaseDiag.h:57:1: warning: inline variables are a C++17 extension [-Wc++17-extensions]
inline Slot g_table[kCap] = {};
^
../source/runtime/src/Heap/Verify/AllocPhaseDiag.h:58:1: warning: inline variables are a C++17 extension [-Wc++17-extensions]
inline NearEntry g_near[kNearCap] = {};
^
In file included from ../source/runtime/src/CangjieRuntime.cpp:24:
In file included from ../source/runtime/src/Common/ScopedObjectAccess.h:11:
In file included from ../source/runtime/src/Mutator/Mutator.inline.h:11:
In file included from ../source/runtime/src/Mutator/MutatorManager.h:26:
In file included from ../source/runtime/src/Mutator/Mutator.h:16:
In file included from ../source/runtime/src/Heap/Allocator/Allocator.h:11:
In file included from ../source/runtime/src/Heap/Allocator/AllocBufferManager.h:15:
In file included from ../source/runtime/src/Heap/Allocator/AllocBuffer.h:18:
In file included from ../source/runtime/src/Heap/Allocator/RegionList.h:11:
In file included from ../source/runtime/src/Heap/Allocator/RegionInfo.h:50:
In file included from ../source/runtime/src/Heap/Allocator/ForwardingTable.h:15:
../source/runtime/src/Heap/Collector/ZForwarding.h:33:1: warning: class 'LiveInfo' was previously declared as a struct; this is valid, but may result in linker errors under the Microsoft C++ ABI [-Wmismatched-tags]
class LiveInfo;
^
../source/runtime/src/Heap/Collector/LiveInfo.h:185:8: note: previous use is here
struct LiveInfo {
       ^
../source/runtime/src/Heap/Collector/ZForwarding.h:33:1: note: did you mean struct here?
class LiveInfo;
^~~~~
struct
In file included from ../source/runtime/src/CangjieRuntime.cpp:32:
In file included from ../source/runtime/src/Heap/Allocator/RegionSpace.h:22:
../source/runtime/src/Heap/Allocator/RegionManager.h:948:12: warning: constexpr if is a C++17 extension [-Wc++17-extensions]
        if constexpr (G == Generation::Old) {
           ^
5 warnings generated.
[42/47] Building CXX object src/CMakeFiles/cangjie-runtime.dir/SignalManager.cpp.o
In file included from ../source/runtime/src/SignalManager.cpp:8:
In file included from ../source/runtime/src/SignalManager.h:14:
In file included from ../source/runtime/src/Common/PagePool.h:22:
In file included from ../source/runtime/src/Heap/Allocator/CartesianTree.h:14:
In file included from ../source/runtime/src/Base/LogFile.h:14:
../source/runtime/src/Base/GcLog.h:263:45: warning: format string is not a string literal [-Wformat-nonliteral]
        int n = vsnprintf(buf, sizeof(buf), format, args);
                                            ^~~~~~
In file included from ../source/runtime/src/SignalManager.cpp:20:
In file included from ../source/runtime/src/Concurrency/ConcurrencyModel.h:17:
In file included from ../source/runtime/src/Mutator/Mutator.h:16:
In file included from ../source/runtime/src/Heap/Allocator/Allocator.h:11:
In file included from ../source/runtime/src/Heap/Allocator/AllocBufferManager.h:15:
In file included from ../source/runtime/src/Heap/Allocator/AllocBuffer.h:18:
In file included from ../source/runtime/src/Heap/Allocator/RegionList.h:11:
In file included from ../source/runtime/src/Heap/Allocator/RegionInfo.h:44:
../source/runtime/src/Heap/Verify/AllocPhaseDiag.h:57:1: warning: inline variables are a C++17 extension [-Wc++17-extensions]
inline Slot g_table[kCap] = {};
^
../source/runtime/src/Heap/Verify/AllocPhaseDiag.h:58:1: warning: inline variables are a C++17 extension [-Wc++17-extensions]
inline NearEntry g_near[kNearCap] = {};
^
In file included from ../source/runtime/src/SignalManager.cpp:20:
In file included from ../source/runtime/src/Concurrency/ConcurrencyModel.h:17:
In file included from ../source/runtime/src/Mutator/Mutator.h:16:
In file included from ../source/runtime/src/Heap/Allocator/Allocator.h:11:
In file included from ../source/runtime/src/Heap/Allocator/AllocBufferManager.h:15:
In file included from ../source/runtime/src/Heap/Allocator/AllocBuffer.h:18:
In file included from ../source/runtime/src/Heap/Allocator/RegionList.h:11:
In file included from ../source/runtime/src/Heap/Allocator/RegionInfo.h:50:
In file included from ../source/runtime/src/Heap/Allocator/ForwardingTable.h:15:
../source/runtime/src/Heap/Collector/ZForwarding.h:33:1: warning: class 'LiveInfo' was previously declared as a struct; this is valid, but may result in linker errors under the Microsoft C++ ABI [-Wmismatched-tags]
class LiveInfo;
^
../source/runtime/src/Heap/Collector/LiveInfo.h:185:8: note: previous use is here
struct LiveInfo {
       ^
../source/runtime/src/Heap/Collector/ZForwarding.h:33:1: note: did you mean struct here?
class LiveInfo;
^~~~~
struct
In file included from ../source/runtime/src/SignalManager.cpp:21:
In file included from ../source/runtime/src/Heap/Collector/TracingCollector.h:18:
In file included from ../source/runtime/src/Heap/Allocator/RegionSpace.h:22:
../source/runtime/src/Heap/Allocator/RegionManager.h:948:12: warning: constexpr if is a C++17 extension [-Wc++17-extensions]
        if constexpr (G == Generation::Old) {
           ^
In file included from ../source/runtime/src/SignalManager.cpp:21:
../source/runtime/src/Heap/Collector/TracingCollector.h:407:20: warning: unused variable 'objSize' [-Wunused-variable]
            size_t objSize = obj->GetSize();
                   ^
6 warnings generated.
[43/47] Building CXX object src/CMakeFiles/cangjie-runtime.dir/CangjieRuntimeApi.cpp.o
In file included from ../source/runtime/src/CangjieRuntimeApi.cpp:21:
In file included from ../source/runtime/src/Concurrency/Concurrency.h:16:
In file included from ../source/runtime/src/Concurrency/ConcurrencyModel.h:17:
In file included from ../source/runtime/src/Mutator/Mutator.h:15:
In file included from ../source/runtime/src/Exception/Exception.h:17:
In file included from ../source/runtime/src/Common/NativeAllocator.h:15:
In file included from ../source/runtime/src/Common/PagePool.h:22:
In file included from ../source/runtime/src/Heap/Allocator/CartesianTree.h:14:
In file included from ../source/runtime/src/Base/LogFile.h:14:
../source/runtime/src/Base/GcLog.h:263:45: warning: format string is not a string literal [-Wformat-nonliteral]
        int n = vsnprintf(buf, sizeof(buf), format, args);
                                            ^~~~~~
In file included from ../source/runtime/src/CangjieRuntimeApi.cpp:21:
In file included from ../source/runtime/src/Concurrency/Concurrency.h:16:
In file included from ../source/runtime/src/Concurrency/ConcurrencyModel.h:17:
In file included from ../source/runtime/src/Mutator/Mutator.h:16:
In file included from ../source/runtime/src/Heap/Allocator/Allocator.h:11:
In file included from ../source/runtime/src/Heap/Allocator/AllocBufferManager.h:15:
In file included from ../source/runtime/src/Heap/Allocator/AllocBuffer.h:18:
In file included from ../source/runtime/src/Heap/Allocator/RegionList.h:11:
In file included from ../source/runtime/src/Heap/Allocator/RegionInfo.h:44:
../source/runtime/src/Heap/Verify/AllocPhaseDiag.h:57:1: warning: inline variables are a C++17 extension [-Wc++17-extensions]
inline Slot g_table[kCap] = {};
^
../source/runtime/src/Heap/Verify/AllocPhaseDiag.h:58:1: warning: inline variables are a C++17 extension [-Wc++17-extensions]
inline NearEntry g_near[kNearCap] = {};
^
In file included from ../source/runtime/src/CangjieRuntimeApi.cpp:21:
In file included from ../source/runtime/src/Concurrency/Concurrency.h:16:
In file included from ../source/runtime/src/Concurrency/ConcurrencyModel.h:17:
In file included from ../source/runtime/src/Mutator/Mutator.h:16:
In file included from ../source/runtime/src/Heap/Allocator/Allocator.h:11:
In file included from ../source/runtime/src/Heap/Allocator/AllocBufferManager.h:15:
In file included from ../source/runtime/src/Heap/Allocator/AllocBuffer.h:18:
In file included from ../source/runtime/src/Heap/Allocator/RegionList.h:11:
In file included from ../source/runtime/src/Heap/Allocator/RegionInfo.h:50:
In file included from ../source/runtime/src/Heap/Allocator/ForwardingTable.h:15:
../source/runtime/src/Heap/Collector/ZForwarding.h:33:1: warning: class 'LiveInfo' was previously declared as a struct; this is valid, but may result in linker errors under the Microsoft C++ ABI [-Wmismatched-tags]
class LiveInfo;
^
../source/runtime/src/Heap/Collector/LiveInfo.h:185:8: note: previous use is here
struct LiveInfo {
       ^
../source/runtime/src/Heap/Collector/ZForwarding.h:33:1: note: did you mean struct here?
class LiveInfo;
^~~~~
struct
4 warnings generated.
[44/47] Building CXX object src/CMakeFiles/cangjie-runtime.dir/StackManager.cpp.o
In file included from ../source/runtime/src/StackManager.cpp:7:
In file included from ../source/runtime/src/StackManager.h:15:
In file included from ../source/runtime/src/StackMap/StackMap.h:11:
In file included from ../source/runtime/src/StackMap/CompressedStackMap.h:15:
In file included from ../source/runtime/src/StackMap/DerivedPtr.h:11:
In file included from ../source/runtime/src/StackMap/StackMapTable.h:13:
In file included from ../source/runtime/src/Base/LogFile.h:14:
../source/runtime/src/Base/GcLog.h:263:45: warning: format string is not a string literal [-Wformat-nonliteral]
        int n = vsnprintf(buf, sizeof(buf), format, args);
                                            ^~~~~~
In file included from ../source/runtime/src/StackManager.cpp:13:
In file included from ../source/runtime/src/ExceptionManager.inline.h:14:
In file included from ../source/runtime/src/Mutator/Mutator.h:16:
In file included from ../source/runtime/src/Heap/Allocator/Allocator.h:11:
In file included from ../source/runtime/src/Heap/Allocator/AllocBufferManager.h:15:
In file included from ../source/runtime/src/Heap/Allocator/AllocBuffer.h:18:
In file included from ../source/runtime/src/Heap/Allocator/RegionList.h:11:
In file included from ../source/runtime/src/Heap/Allocator/RegionInfo.h:44:
../source/runtime/src/Heap/Verify/AllocPhaseDiag.h:57:1: warning: inline variables are a C++17 extension [-Wc++17-extensions]
inline Slot g_table[kCap] = {};
^
../source/runtime/src/Heap/Verify/AllocPhaseDiag.h:58:1: warning: inline variables are a C++17 extension [-Wc++17-extensions]
inline NearEntry g_near[kNearCap] = {};
^
In file included from ../source/runtime/src/StackManager.cpp:13:
In file included from ../source/runtime/src/ExceptionManager.inline.h:14:
In file included from ../source/runtime/src/Mutator/Mutator.h:16:
In file included from ../source/runtime/src/Heap/Allocator/Allocator.h:11:
In file included from ../source/runtime/src/Heap/Allocator/AllocBufferManager.h:15:
In file included from ../source/runtime/src/Heap/Allocator/AllocBuffer.h:18:
In file included from ../source/runtime/src/Heap/Allocator/RegionList.h:11:
In file included from ../source/runtime/src/Heap/Allocator/RegionInfo.h:50:
In file included from ../source/runtime/src/Heap/Allocator/ForwardingTable.h:15:
../source/runtime/src/Heap/Collector/ZForwarding.h:33:1: warning: class 'LiveInfo' was previously declared as a struct; this is valid, but may result in linker errors under the Microsoft C++ ABI [-Wmismatched-tags]
class LiveInfo;
^
../source/runtime/src/Heap/Collector/LiveInfo.h:185:8: note: previous use is here
struct LiveInfo {
       ^
../source/runtime/src/Heap/Collector/ZForwarding.h:33:1: note: did you mean struct here?
class LiveInfo;
^~~~~
struct
4 warnings generated.
[45/47] Building CXX object src/CMakeFiles/cangjie-runtime.dir/TypeInfoManager.cpp.o
In file included from ../source/runtime/src/TypeInfoManager.cpp:13:
In file included from ../source/runtime/src/Heap/Heap.h:18:
In file included from ../source/runtime/src/Heap/Collector/Collector.h:23:
In file included from ../source/runtime/src/Heap/Collector/GcStats.h:18:
In file included from ../source/runtime/src/Base/Panic.h:15:
In file included from ../source/runtime/src/StackManager.h:15:
In file included from ../source/runtime/src/StackMap/StackMap.h:11:
In file included from ../source/runtime/src/StackMap/CompressedStackMap.h:15:
In file included from ../source/runtime/src/StackMap/DerivedPtr.h:11:
In file included from ../source/runtime/src/StackMap/StackMapTable.h:13:
In file included from ../source/runtime/src/Base/LogFile.h:14:
../source/runtime/src/Base/GcLog.h:263:45: warning: format string is not a string literal [-Wformat-nonliteral]
        int n = vsnprintf(buf, sizeof(buf), format, args);
                                            ^~~~~~
In file included from ../source/runtime/src/TypeInfoManager.cpp:16:
In file included from ../source/runtime/src/ObjectManager.inline.h:18:
In file included from ../source/runtime/src/ObjectModel/MArray.inline.h:16:
In file included from ../source/runtime/src/HeapManager.inline.h:14:
In file included from ../source/runtime/src/Mutator/Mutator.h:16:
In file included from ../source/runtime/src/Heap/Allocator/Allocator.h:11:
In file included from ../source/runtime/src/Heap/Allocator/AllocBufferManager.h:15:
In file included from ../source/runtime/src/Heap/Allocator/AllocBuffer.h:18:
In file included from ../source/runtime/src/Heap/Allocator/RegionList.h:11:
In file included from ../source/runtime/src/Heap/Allocator/RegionInfo.h:44:
../source/runtime/src/Heap/Verify/AllocPhaseDiag.h:57:1: warning: inline variables are a C++17 extension [-Wc++17-extensions]
inline Slot g_table[kCap] = {};
^
../source/runtime/src/Heap/Verify/AllocPhaseDiag.h:58:1: warning: inline variables are a C++17 extension [-Wc++17-extensions]
inline NearEntry g_near[kNearCap] = {};
^
In file included from ../source/runtime/src/TypeInfoManager.cpp:16:
In file included from ../source/runtime/src/ObjectManager.inline.h:18:
In file included from ../source/runtime/src/ObjectModel/MArray.inline.h:16:
In file included from ../source/runtime/src/HeapManager.inline.h:14:
In file included from ../source/runtime/src/Mutator/Mutator.h:16:
In file included from ../source/runtime/src/Heap/Allocator/Allocator.h:11:
In file included from ../source/runtime/src/Heap/Allocator/AllocBufferManager.h:15:
In file included from ../source/runtime/src/Heap/Allocator/AllocBuffer.h:18:
In file included from ../source/runtime/src/Heap/Allocator/RegionList.h:11:
In file included from ../source/runtime/src/Heap/Allocator/RegionInfo.h:50:
In file included from ../source/runtime/src/Heap/Allocator/ForwardingTable.h:15:
../source/runtime/src/Heap/Collector/ZForwarding.h:33:1: warning: class 'LiveInfo' was previously declared as a struct; this is valid, but may result in linker errors under the Microsoft C++ ABI [-Wmismatched-tags]
class LiveInfo;
^
../source/runtime/src/Heap/Collector/LiveInfo.h:185:8: note: previous use is here
struct LiveInfo {
       ^
../source/runtime/src/Heap/Collector/ZForwarding.h:33:1: note: did you mean struct here?
class LiveInfo;
^~~~~
struct
4 warnings generated.
[46/47] Building CXX object src/CMakeFiles/cangjie-runtime.dir/CompilerCalls.cpp.o
In file included from ../source/runtime/src/CompilerCalls.cpp:8:
In file included from ../source/runtime/src/CompilerCalls.h:22:
In file included from ../source/runtime/src/Signal/SignalStack.h:14:
In file included from ../source/runtime/src/Base/LogFile.h:14:
../source/runtime/src/Base/GcLog.h:263:45: warning: format string is not a string literal [-Wformat-nonliteral]
        int n = vsnprintf(buf, sizeof(buf), format, args);
                                            ^~~~~~
In file included from ../source/runtime/src/CompilerCalls.cpp:18:
In file included from ../source/runtime/src/ObjectManager.inline.h:18:
In file included from ../source/runtime/src/ObjectModel/MArray.inline.h:16:
In file included from ../source/runtime/src/HeapManager.inline.h:14:
In file included from ../source/runtime/src/Mutator/Mutator.h:16:
In file included from ../source/runtime/src/Heap/Allocator/Allocator.h:11:
In file included from ../source/runtime/src/Heap/Allocator/AllocBufferManager.h:15:
In file included from ../source/runtime/src/Heap/Allocator/AllocBuffer.h:18:
In file included from ../source/runtime/src/Heap/Allocator/RegionList.h:11:
In file included from ../source/runtime/src/Heap/Allocator/RegionInfo.h:44:
../source/runtime/src/Heap/Verify/AllocPhaseDiag.h:57:1: warning: inline variables are a C++17 extension [-Wc++17-extensions]
inline Slot g_table[kCap] = {};
^
../source/runtime/src/Heap/Verify/AllocPhaseDiag.h:58:1: warning: inline variables are a C++17 extension [-Wc++17-extensions]
inline NearEntry g_near[kNearCap] = {};
^
In file included from ../source/runtime/src/CompilerCalls.cpp:18:
In file included from ../source/runtime/src/ObjectManager.inline.h:18:
In file included from ../source/runtime/src/ObjectModel/MArray.inline.h:16:
In file included from ../source/runtime/src/HeapManager.inline.h:14:
In file included from ../source/runtime/src/Mutator/Mutator.h:16:
In file included from ../source/runtime/src/Heap/Allocator/Allocator.h:11:
In file included from ../source/runtime/src/Heap/Allocator/AllocBufferManager.h:15:
In file included from ../source/runtime/src/Heap/Allocator/AllocBuffer.h:18:
In file included from ../source/runtime/src/Heap/Allocator/RegionList.h:11:
In file included from ../source/runtime/src/Heap/Allocator/RegionInfo.h:50:
In file included from ../source/runtime/src/Heap/Allocator/ForwardingTable.h:15:
../source/runtime/src/Heap/Collector/ZForwarding.h:33:1: warning: class 'LiveInfo' was previously declared as a struct; this is valid, but may result in linker errors under the Microsoft C++ ABI [-Wmismatched-tags]
class LiveInfo;
^
../source/runtime/src/Heap/Collector/LiveInfo.h:185:8: note: previous use is here
struct LiveInfo {
       ^
../source/runtime/src/Heap/Collector/ZForwarding.h:33:1: note: did you mean struct here?
class LiveInfo;
^~~~~
struct
4 warnings generated.
[47/47] Linking CXX shared library runtime-staging/lib/x86_64_Release/libcangjie-runtime.so
RUNTIME_OUTPUT_PUBLISHED config=linux-x86_64-release-default-c31d4149fd2ff2d470676ff6860a0e1bd7ad5cf87567d9c5fa3ee2f270c4dbf3 lib_dir=/root/sym_cangjie_runtime_465_implement_r5651041991/source/runtime/output/temp/linux-x86_64-release-default-c31d4149fd2ff2d470676ff6860a0e1bd7ad5cf87567d9c5fa3ee2f270c4dbf3/lib/x86_64_Release runtime_sha256=cd0261ce08344b02ecaf88c48698ac3c0ea5dd134eccdfbe2cb2e403b7c261c1 boundscheck_sha256=31cec902ab00f30d64aef5d04bdc54a2d91579689d94db4d5bf4108015025514
OHOS header identity: rc=0 mismatch_rc=1 root=/tmp/gc-unit-gate-contract.W7r8AW/selected-output/include
OHOS explicit ELF reuse: rc=0 receipt=PASS
CONFIG selection: rc=0 mismatch_rc=2 id=linux-x86_64-release-default-111111111111
TESTABLE=1 missing fixture: rc=2 reason=STARTED
TESTABLE=0 explicit-skip control: rc=0 reason=EXPLICIT_SKIP
TESTABLE=1 missing hook: rc=2 reason=STARTED
GATE_TESTABLE_CONTRACT_OK
DISCOVERY_RUN single/main/1 rc=0
DISCOVERY_ASSERT_PASS single/main/1 exit-status
DISCOVERY_ASSERT_PASS single/main/1 names
DISCOVERY_ASSERT_PASS single/main/1 invalid-count
DISCOVERY_ASSERT_PASS single/main/1 real-cases-completed
DISCOVERY_ASSERT_PASS single/main/1 complete
DISCOVERY_CASE single/main/1 failed=0
DISCOVERY_RUN clean/main/1 rc=0
DISCOVERY_ASSERT_PASS clean/main/1 exit-status
DISCOVERY_ASSERT_PASS clean/main/1 names
DISCOVERY_ASSERT_PASS clean/main/1 invalid-count
DISCOVERY_ASSERT_PASS clean/main/1 real-cases-completed
DISCOVERY_ASSERT_PASS clean/main/1 complete
DISCOVERY_CASE clean/main/1 failed=0
DISCOVERY_RUN stdout/main/1 rc=0
DISCOVERY_ASSERT_PASS stdout/main/1 exit-status
DISCOVERY_ASSERT_PASS stdout/main/1 names
DISCOVERY_ASSERT_PASS stdout/main/1 invalid-count
DISCOVERY_ASSERT_PASS stdout/main/1 real-cases-completed
DISCOVERY_ASSERT_PASS stdout/main/1 complete
DISCOVERY_ASSERT_PASS stdout/main/1 diagnostic-preserved
DISCOVERY_CASE stdout/main/1 failed=0
DISCOVERY_RUN stdout_plain/main/1 rc=0
DISCOVERY_ASSERT_PASS stdout_plain/main/1 exit-status
DISCOVERY_ASSERT_PASS stdout_plain/main/1 names
DISCOVERY_ASSERT_PASS stdout_plain/main/1 invalid-count
DISCOVERY_ASSERT_PASS stdout_plain/main/1 real-cases-completed
DISCOVERY_ASSERT_PASS stdout_plain/main/1 complete
DISCOVERY_ASSERT_PASS stdout_plain/main/1 diagnostic-preserved
DISCOVERY_CASE stdout_plain/main/1 failed=0
DISCOVERY_RUN stderr/main/1 rc=0
DISCOVERY_ASSERT_PASS stderr/main/1 exit-status
DISCOVERY_ASSERT_PASS stderr/main/1 names
DISCOVERY_ASSERT_PASS stderr/main/1 invalid-count
DISCOVERY_ASSERT_PASS stderr/main/1 real-cases-completed
DISCOVERY_ASSERT_PASS stderr/main/1 complete
DISCOVERY_ASSERT_PASS stderr/main/1 stderr-preserved
DISCOVERY_CASE stderr/main/1 failed=0
DISCOVERY_RUN empty/main/1 rc=2
DISCOVERY_ASSERT_PASS empty/main/1 exit-status
DISCOVERY_ASSERT_PASS empty/main/1 names
DISCOVERY_ASSERT_PASS empty/main/1 invalid-count
DISCOVERY_ASSERT_PASS empty/main/1 empty-rejected
DISCOVERY_CASE empty/main/1 failed=0
DISCOVERY_RUN grammar/main/1 rc=0
DISCOVERY_ASSERT_PASS grammar/main/1 exit-status
DISCOVERY_ASSERT_PASS grammar/main/1 names
DISCOVERY_ASSERT_PASS grammar/main/1 invalid-count
DISCOVERY_ASSERT_PASS grammar/main/1 real-cases-completed
DISCOVERY_ASSERT_PASS grammar/main/1 complete
DISCOVERY_CASE grammar/main/1 failed=0
DISCOVERY_RUN single/main/2 rc=0
DISCOVERY_ASSERT_PASS single/main/2 exit-status
DISCOVERY_ASSERT_PASS single/main/2 names
DISCOVERY_ASSERT_PASS single/main/2 invalid-count
DISCOVERY_ASSERT_PASS single/main/2 real-cases-completed
DISCOVERY_ASSERT_PASS single/main/2 complete
DISCOVERY_CASE single/main/2 failed=0
DISCOVERY_RUN clean/main/2 rc=0
DISCOVERY_ASSERT_PASS clean/main/2 exit-status
DISCOVERY_ASSERT_PASS clean/main/2 names
DISCOVERY_ASSERT_PASS clean/main/2 invalid-count
DISCOVERY_ASSERT_PASS clean/main/2 real-cases-completed
DISCOVERY_ASSERT_PASS clean/main/2 complete
DISCOVERY_CASE clean/main/2 failed=0
DISCOVERY_RUN stdout/main/2 rc=0
DISCOVERY_ASSERT_PASS stdout/main/2 exit-status
DISCOVERY_ASSERT_PASS stdout/main/2 names
DISCOVERY_ASSERT_PASS stdout/main/2 invalid-count
DISCOVERY_ASSERT_PASS stdout/main/2 real-cases-completed
DISCOVERY_ASSERT_PASS stdout/main/2 complete
DISCOVERY_ASSERT_PASS stdout/main/2 diagnostic-preserved
DISCOVERY_CASE stdout/main/2 failed=0
DISCOVERY_RUN stdout_plain/main/2 rc=0
DISCOVERY_ASSERT_PASS stdout_plain/main/2 exit-status
DISCOVERY_ASSERT_PASS stdout_plain/main/2 names
DISCOVERY_ASSERT_PASS stdout_plain/main/2 invalid-count
DISCOVERY_ASSERT_PASS stdout_plain/main/2 real-cases-completed
DISCOVERY_ASSERT_PASS stdout_plain/main/2 complete
DISCOVERY_ASSERT_PASS stdout_plain/main/2 diagnostic-preserved
DISCOVERY_CASE stdout_plain/main/2 failed=0
DISCOVERY_RUN stderr/main/2 rc=0
DISCOVERY_ASSERT_PASS stderr/main/2 exit-status
DISCOVERY_ASSERT_PASS stderr/main/2 names
DISCOVERY_ASSERT_PASS stderr/main/2 invalid-count
DISCOVERY_ASSERT_PASS stderr/main/2 real-cases-completed
DISCOVERY_ASSERT_PASS stderr/main/2 complete
DISCOVERY_ASSERT_PASS stderr/main/2 stderr-preserved
DISCOVERY_CASE stderr/main/2 failed=0
DISCOVERY_RUN empty/main/2 rc=2
DISCOVERY_ASSERT_PASS empty/main/2 exit-status
DISCOVERY_ASSERT_PASS empty/main/2 names
DISCOVERY_ASSERT_PASS empty/main/2 invalid-count
DISCOVERY_ASSERT_PASS empty/main/2 empty-rejected
DISCOVERY_CASE empty/main/2 failed=0
DISCOVERY_RUN grammar/main/2 rc=0
DISCOVERY_ASSERT_PASS grammar/main/2 exit-status
DISCOVERY_ASSERT_PASS grammar/main/2 names
DISCOVERY_ASSERT_PASS grammar/main/2 invalid-count
DISCOVERY_ASSERT_PASS grammar/main/2 real-cases-completed
DISCOVERY_ASSERT_PASS grammar/main/2 complete
DISCOVERY_CASE grammar/main/2 failed=0
DISCOVERY_RUN single/publication/1 rc=0
DISCOVERY_ASSERT_PASS single/publication/1 exit-status
DISCOVERY_ASSERT_PASS single/publication/1 names
DISCOVERY_ASSERT_PASS single/publication/1 invalid-count
DISCOVERY_ASSERT_PASS single/publication/1 real-cases-completed
DISCOVERY_ASSERT_PASS single/publication/1 complete
DISCOVERY_CASE single/publication/1 failed=0
DISCOVERY_RUN clean/publication/1 rc=0
DISCOVERY_ASSERT_PASS clean/publication/1 exit-status
DISCOVERY_ASSERT_PASS clean/publication/1 names
DISCOVERY_ASSERT_PASS clean/publication/1 invalid-count
DISCOVERY_ASSERT_PASS clean/publication/1 real-cases-completed
DISCOVERY_ASSERT_PASS clean/publication/1 complete
DISCOVERY_CASE clean/publication/1 failed=0
DISCOVERY_RUN stdout/publication/1 rc=0
DISCOVERY_ASSERT_PASS stdout/publication/1 exit-status
DISCOVERY_ASSERT_PASS stdout/publication/1 names
DISCOVERY_ASSERT_PASS stdout/publication/1 invalid-count
DISCOVERY_ASSERT_PASS stdout/publication/1 real-cases-completed
DISCOVERY_ASSERT_PASS stdout/publication/1 complete
DISCOVERY_ASSERT_PASS stdout/publication/1 diagnostic-preserved
DISCOVERY_CASE stdout/publication/1 failed=0
DISCOVERY_RUN stdout_plain/publication/1 rc=0
DISCOVERY_ASSERT_PASS stdout_plain/publication/1 exit-status
DISCOVERY_ASSERT_PASS stdout_plain/publication/1 names
DISCOVERY_ASSERT_PASS stdout_plain/publication/1 invalid-count
DISCOVERY_ASSERT_PASS stdout_plain/publication/1 real-cases-completed
DISCOVERY_ASSERT_PASS stdout_plain/publication/1 complete
DISCOVERY_ASSERT_PASS stdout_plain/publication/1 diagnostic-preserved
DISCOVERY_CASE stdout_plain/publication/1 failed=0
DISCOVERY_RUN stderr/publication/1 rc=0
DISCOVERY_ASSERT_PASS stderr/publication/1 exit-status
DISCOVERY_ASSERT_PASS stderr/publication/1 names
DISCOVERY_ASSERT_PASS stderr/publication/1 invalid-count
DISCOVERY_ASSERT_PASS stderr/publication/1 real-cases-completed
DISCOVERY_ASSERT_PASS stderr/publication/1 complete
DISCOVERY_ASSERT_PASS stderr/publication/1 stderr-preserved
DISCOVERY_CASE stderr/publication/1 failed=0
DISCOVERY_RUN empty/publication/1 rc=2
DISCOVERY_ASSERT_PASS empty/publication/1 exit-status
DISCOVERY_ASSERT_PASS empty/publication/1 names
DISCOVERY_ASSERT_PASS empty/publication/1 invalid-count
DISCOVERY_ASSERT_PASS empty/publication/1 empty-rejected
DISCOVERY_CASE empty/publication/1 failed=0
DISCOVERY_RUN grammar/publication/1 rc=0
DISCOVERY_ASSERT_PASS grammar/publication/1 exit-status
DISCOVERY_ASSERT_PASS grammar/publication/1 names
DISCOVERY_ASSERT_PASS grammar/publication/1 invalid-count
DISCOVERY_ASSERT_PASS grammar/publication/1 real-cases-completed
DISCOVERY_ASSERT_PASS grammar/publication/1 complete
DISCOVERY_CASE grammar/publication/1 failed=0
DISCOVERY_RUN single/publication/2 rc=0
DISCOVERY_ASSERT_PASS single/publication/2 exit-status
DISCOVERY_ASSERT_PASS single/publication/2 names
DISCOVERY_ASSERT_PASS single/publication/2 invalid-count
DISCOVERY_ASSERT_PASS single/publication/2 real-cases-completed
DISCOVERY_ASSERT_PASS single/publication/2 complete
DISCOVERY_CASE single/publication/2 failed=0
DISCOVERY_RUN clean/publication/2 rc=0
DISCOVERY_ASSERT_PASS clean/publication/2 exit-status
DISCOVERY_ASSERT_PASS clean/publication/2 names
DISCOVERY_ASSERT_PASS clean/publication/2 invalid-count
DISCOVERY_ASSERT_PASS clean/publication/2 real-cases-completed
DISCOVERY_ASSERT_PASS clean/publication/2 complete
DISCOVERY_CASE clean/publication/2 failed=0
DISCOVERY_RUN stdout/publication/2 rc=0
DISCOVERY_ASSERT_PASS stdout/publication/2 exit-status
DISCOVERY_ASSERT_PASS stdout/publication/2 names
DISCOVERY_ASSERT_PASS stdout/publication/2 invalid-count
DISCOVERY_ASSERT_PASS stdout/publication/2 real-cases-completed
DISCOVERY_ASSERT_PASS stdout/publication/2 complete
DISCOVERY_ASSERT_PASS stdout/publication/2 diagnostic-preserved
DISCOVERY_CASE stdout/publication/2 failed=0
DISCOVERY_RUN stdout_plain/publication/2 rc=0
DISCOVERY_ASSERT_PASS stdout_plain/publication/2 exit-status
DISCOVERY_ASSERT_PASS stdout_plain/publication/2 names
DISCOVERY_ASSERT_PASS stdout_plain/publication/2 invalid-count
DISCOVERY_ASSERT_PASS stdout_plain/publication/2 real-cases-completed
DISCOVERY_ASSERT_PASS stdout_plain/publication/2 complete
DISCOVERY_ASSERT_PASS stdout_plain/publication/2 diagnostic-preserved
DISCOVERY_CASE stdout_plain/publication/2 failed=0
DISCOVERY_RUN stderr/publication/2 rc=0
DISCOVERY_ASSERT_PASS stderr/publication/2 exit-status
DISCOVERY_ASSERT_PASS stderr/publication/2 names
DISCOVERY_ASSERT_PASS stderr/publication/2 invalid-count
DISCOVERY_ASSERT_PASS stderr/publication/2 real-cases-completed
DISCOVERY_ASSERT_PASS stderr/publication/2 complete
DISCOVERY_ASSERT_PASS stderr/publication/2 stderr-preserved
DISCOVERY_CASE stderr/publication/2 failed=0
DISCOVERY_RUN empty/publication/2 rc=2
DISCOVERY_ASSERT_PASS empty/publication/2 exit-status
DISCOVERY_ASSERT_PASS empty/publication/2 names
DISCOVERY_ASSERT_PASS empty/publication/2 invalid-count
DISCOVERY_ASSERT_PASS empty/publication/2 empty-rejected
DISCOVERY_CASE empty/publication/2 failed=0
DISCOVERY_RUN grammar/publication/2 rc=0
DISCOVERY_ASSERT_PASS grammar/publication/2 exit-status
DISCOVERY_ASSERT_PASS grammar/publication/2 names
DISCOVERY_ASSERT_PASS grammar/publication/2 invalid-count
DISCOVERY_ASSERT_PASS grammar/publication/2 real-cases-completed
DISCOVERY_ASSERT_PASS grammar/publication/2 complete
DISCOVERY_CASE grammar/publication/2 failed=0
DISCOVERY_FAILURE_DIAGNOSTIC_PASS
PARALLEL_RUNNER_TEST_OK
GATE_PARALLEL_RUNNER_CONTRACT_OK
GC_UNIT_GATE_NOT_RUN reason=EXPLICIT_SKIP status=/root/sym_cangjie_runtime_465_implement_r5651041991/source/runtime/output/temp/linux-x86_64-release-default-c31d4149fd2ff2d470676ff6860a0e1bd7ad5cf87567d9c5fa3ee2f270c4dbf3/lib/x86_64_Release/gc_unit_gate.status
