[Thread debugging using libthread_db enabled]
Using host libthread_db library "/lib/x86_64-linux-gnu/libthread_db.so.1".
[  RUN   ] RuntimeWorkers.ActivePoolBeforeHarnessShutdown
[New Thread 0x7ffff73ff640 (LWP 3505682)]
[New Thread 0x7ffff6bfe640 (LWP 3505683)]
[New Thread 0x7ffff63fd640 (LWP 3505686)]
[New Thread 0x7ffff5b62640 (LWP 3505730)]
[New Thread 0x7ffff5361640 (LWP 3505754)]
[New Thread 0x7ffff5260640 (LWP 3505771)]
[New Thread 0x7ffff515f640 (LWP 3505791)]
[New Thread 0x7ffff505e640 (LWP 3505810)]
[New Thread 0x7ffff4f5d640 (LWP 3505828)]
[New Thread 0x7ffff4e5c640 (LWP 3505842)]
[New Thread 0x7ffff4d5b640 (LWP 3505854)]
[New Thread 0x7ffff4c5a640 (LWP 3505865)]
[New Thread 0x7ffff4b59640 (LWP 3505874)]
[New Thread 0x7ffff4a58640 (LWP 3505883)]
[New Thread 0x7ffff4957640 (LWP 3505889)]
[New Thread 0x7ffff4856640 (LWP 3505895)]
[New Thread 0x7ffff4755640 (LWP 3505900)]
[New Thread 0x7ffff4654640 (LWP 3505903)]
[New Thread 0x7ffff4553640 (LWP 3505911)]
[New Thread 0x7ffff4452640 (LWP 3505917)]
[New Thread 0x7ffff4351640 (LWP 3505919)]
[New Thread 0x7ffff4250640 (LWP 3505920)]
[New Thread 0x7ffff414f640 (LWP 3505922)]
[New Thread 0x7fff97fff640 (LWP 3505925)]
RUNTIME_WORKERS_LIVE created=20 active=20
TEARDOWN_OBSERVE MapleRuntime::Heap::StopGCWork() workers=20 names=RuntimeWorker#0,RuntimeWorker#1,RuntimeWorker#1,RuntimeWorker#1,RuntimeWorker#1,RuntimeWorker#1,RuntimeWorker#1,RuntimeWorker#1,RuntimeWorker#1,RuntimeWorker#1,RuntimeWorker#1,RuntimeWorker#1,RuntimeWorker#2,RuntimeWorker#3,RuntimeWorker#4,RuntimeWorker#5,RuntimeWorker#6,RuntimeWorker#7,RuntimeWorker#8,RuntimeWorker#9
[Thread 0x7ffff63fd640 (LWP 3505686) exited]
[Thread 0x7ffff6bfe640 (LWP 3505683) exited]
[Thread 0x7ffff73ff640 (LWP 3505682) exited]
[Thread 0x7ffff5b62640 (LWP 3505730) exited]
[Thread 0x7ffff4d5b640 (LWP 3505854) exited]
[Thread 0x7ffff505e640 (LWP 3505810) exited]
[Thread 0x7ffff5260640 (LWP 3505771) exited]
[Thread 0x7ffff4957640 (LWP 3505889) exited]
[Thread 0x7fff97fff640 (LWP 3505925) exited]
[Thread 0x7ffff414f640 (LWP 3505922) exited]
[Thread 0x7ffff4250640 (LWP 3505920) exited]
[Thread 0x7ffff4351640 (LWP 3505919) exited]
[Thread 0x7ffff4452640 (LWP 3505917) exited]
[Thread 0x7ffff4553640 (LWP 3505911) exited]
[Thread 0x7ffff4654640 (LWP 3505903) exited]
[Thread 0x7ffff4755640 (LWP 3505900) exited]
[Thread 0x7ffff4856640 (LWP 3505895) exited]
[Thread 0x7ffff4a58640 (LWP 3505883) exited]
[Thread 0x7ffff4b59640 (LWP 3505874) exited]
[Thread 0x7ffff4c5a640 (LWP 3505865) exited]
[Thread 0x7ffff4e5c640 (LWP 3505842) exited]
[Thread 0x7ffff4f5d640 (LWP 3505828) exited]
[Thread 0x7ffff515f640 (LWP 3505791) exited]
[Thread 0x7ffff5361640 (LWP 3505754) exited]
TEARDOWN_OBSERVE MapleRuntime::GcUnit::CompleteTestRun(int) workers=0 names=
GC_UNIT_OTHER_VM_OKIDOKI RuntimeWorkers.ActivePoolBeforeHarnessShutdown
[Inferior 1 (process 3485228) exited normally]
ASSERT_TEARDOWN_LIVE samples=1 PASS
ASSERT_TEARDOWN_BEFORE_SENTINEL samples=1 PASS
ASSERT_TEARDOWN_EXECUTED exits=[0] errors=[] PASS
