SOURCE_SHA_BEFORE=2a91e1b08bd2564825a05193298f1968c36aa4ba207d8913656820de69e68477
patching file runtime/src/Heap/Allocator/RegionManager.h
FAULT_APPLY_RC=0
FAULT_PRODUCT_BUILD_RC=2
[  FAIL  ] RelocationRequestQueue.ProductPreparationCannotReopenClosedWorkerGeneration
[========] 343 tests: 342 passed, 1 failed
patching file runtime/src/Heap/Allocator/RegionManager.h
FAULT_REVERSE_RC=0
SOURCE_SHA_AFTER=2a91e1b08bd2564825a05193298f1968c36aa4ba207d8913656820de69e68477
SOURCE_RESTORE_MATCH=1
RESTORED_GREEN_RC=0
[  PASS  ] VerifyRoots.DefaultOffLeavesCorruptRootUnobserved
[  PASS  ] VerifyRoots.EnabledReportsColouredRootBeforeDereference
[  PASS  ] MemMapContract.NullAndInvalidInputsDoNotReachOS
[  PASS  ] MemMapContract.AccessorsBoundaryCommitProtectAndDestroy
[  PASS  ] MemMapContract.FallbackRegistryPreservesEveryAcquiredReservation
[  PASS  ] MemMapContract.BudgetRejectsBeforeReserve
[  PASS  ] MemMapContract.TwoNodeOwnershipRejectsCrossNodeFree
[  PASS  ] MemMapContract.RegionManagerInactiveAllocationUsesMemMapOwner
[========] 343 tests: 343 passed, 0 failed
GC_UNIT_RUN_DONE rc=0 wall_ms=277
TEST_RC=0
b65925b173194fb776fb3b0fd35443a8faf5312a1c3cbdc454e8cfbb53c04c6c  /root/cj_build/impl_relocation_receipt_queue6-full/src/runtime/tests/gc_unit/build_queue6_test/cj_gc_unit
TEST_FORWARD_TASK_BINDING_BEGIN
                 U MapleRuntime::ForwardTask<(MapleRuntime::Generation)1>::Execute(unsigned long)@CANGJIE
TEST_FORWARD_TASK_BINDING_END
2026-08-24T03:07:29+08:00
 03:07:29 up 33 days,  4:17,  1 user,  load average: 2.61, 4.33, 3.49
FINAL_RC=0
FAULT_FAIL_COUNT=1
FAULT_TARGET_FAIL_COUNT=1
FAULT_TALLY_OK=1
RED_ARM_FINAL_RC=0
