[  RUN   ] M0Exit.ReadRuntimeEntryFailsClosedOnForwardedWithoutMapping
[  RUN   ] M0Exit.ReadRuntimeEntryFailsClosedOnForwardedWithoutMapping
2026-09-01 21:14:52.482548 2447528 E [FWDTABLE] armed base=0x786f0f125000 size=24576 unit=4096 entries=6
2026-09-01 21:14:52.483085 2447529 F [LOADFC][fail-closed] site=Barrier::ResolveFromCopyForMutator target=0x786f0f125040 verdict=1 slotBits=0 unresolved non-Usable from-address must not be handed out
GC_UNIT_OTHER_VM_OKIDOKI M0Exit.ReadRuntimeEntryFailsClosedOnForwardedWithoutMapping
[FWDTABLE][refuse] atexit full=0 overflow=0 fallbackFull=0 fallbackOverflow=0 armedHit=0 armedMiss=0 unavailable=0 unarmed=0
[GCV2][detach-check] phase=enforce site=collect_from_garbage checks=0 evidence=0 blocked=0 active_table=0 retired_table=0 route_dest_held=0 fwd_positive=0 fwd_readers=0 fwd_claimed=0 fwd_released=0 copy_inflight=0
[GCV2][detach-check] phase=enforce site=take_garbage checks=0 evidence=0 blocked=0 active_table=0 retired_table=0 route_dest_held=0 fwd_positive=0 fwd_readers=0 fwd_claimed=0 fwd_released=0 copy_inflight=0
[GCV2][detach-check] phase=enforce site=take_after_dispel checks=0 evidence=0 blocked=0 active_table=0 retired_table=0 route_dest_held=0 fwd_positive=0 fwd_readers=0 fwd_claimed=0 fwd_released=0 copy_inflight=0
[GCV2][detach-check] phase=enforce site=reclaim_dirty checks=0 evidence=0 blocked=0 active_table=0 retired_table=0 route_dest_held=0 fwd_positive=0 fwd_readers=0 fwd_claimed=0 fwd_released=0 copy_inflight=0
[GCV2][detach-check] phase=enforce site=reclaim_mark_quarantine checks=0 evidence=0 blocked=0 active_table=0 retired_table=0 route_dest_held=0 fwd_positive=0 fwd_readers=0 fwd_claimed=0 fwd_released=0 copy_inflight=0
[GCV2][detach-check] phase=enforce site=release_region checks=0 evidence=0 blocked=0 active_table=0 retired_table=0 route_dest_held=0 fwd_positive=0 fwd_readers=0 fwd_claimed=0 fwd_released=0 copy_inflight=0
[GCV2][detach-check] phase=enforce site=release_garbage_units checks=0 evidence=0 blocked=0 active_table=0 retired_table=0 route_dest_held=0 fwd_positive=0 fwd_readers=0 fwd_claimed=0 fwd_released=0 copy_inflight=0
[GCV2][detach-check] phase=enforce site=take_garbage_reuse checks=0 evidence=0 blocked=0 active_table=0 retired_table=0 route_dest_held=0 fwd_positive=0 fwd_readers=0 fwd_claimed=0 fwd_released=0 copy_inflight=0
[GCV2][detach-check] phase=enforce site=take_dirty_reuse checks=0 evidence=0 blocked=0 active_table=0 retired_table=0 route_dest_held=0 fwd_positive=0 fwd_readers=0 fwd_claimed=0 fwd_released=0 copy_inflight=0
[GCV2][detach-check] phase=enforce site=take_released_reuse checks=0 evidence=0 blocked=0 active_table=0 retired_table=0 route_dest_held=0 fwd_positive=0 fwd_readers=0 fwd_claimed=0 fwd_released=0 copy_inflight=0
[GCV2][detach-check] phase=enforce site=clear_units checks=0 evidence=0 blocked=0 active_table=0 retired_table=0 route_dest_held=0 fwd_positive=0 fwd_readers=0 fwd_claimed=0 fwd_released=0 copy_inflight=0
[GCV2][detach-check] phase=enforce site=release_units checks=0 evidence=0 blocked=0 active_table=0 retired_table=0 route_dest_held=0 fwd_positive=0 fwd_readers=0 fwd_claimed=0 fwd_released=0 copy_inflight=0
[GCV2][detach-check] phase=enforce site=init_free_units checks=0 evidence=0 blocked=0 active_table=0 retired_table=0 route_dest_held=0 fwd_positive=0 fwd_readers=0 fwd_claimed=0 fwd_released=0 copy_inflight=0
[GCV2][detach-check] phase=enforce site=init_region_info checks=2 evidence=0 blocked=0 active_table=0 retired_table=0 route_dest_held=0 fwd_positive=0 fwd_readers=0 fwd_claimed=0 fwd_released=0 copy_inflight=0
[GCV2][detach-check] phase=enforce site=major_recheck checks=0 evidence=0 blocked=0 active_table=0 retired_table=0 route_dest_held=0 fwd_positive=0 fwd_readers=0 fwd_claimed=0 fwd_released=0 copy_inflight=0
[GCV2][detach-quarantine] gate=1 admitted=0 released=0 recheck_held=0 peak_entries=0 max_entries=65536 max_rechecks=8
[GCV2][zlife] atexit refuse_released=0 refuse_claimed=0 detach_waited=0
[ptrcolour][plain-load-heal] attempt=0 success=0 plain_skip=0
[GCV2][detach-check] phase=enforce site=collect_from_garbage checks=0 evidence=0 blocked=0 active_table=0 retired_table=0 route_dest_held=0 fwd_positive=0 fwd_readers=0 fwd_claimed=0 fwd_released=0 copy_inflight=0
[GCV2][detach-check] phase=enforce site=take_garbage checks=0 evidence=0 blocked=0 active_table=0 retired_table=0 route_dest_held=0 fwd_positive=0 fwd_readers=0 fwd_claimed=0 fwd_released=0 copy_inflight=0
[GCV2][detach-check] phase=enforce site=take_after_dispel checks=0 evidence=0 blocked=0 active_table=0 retired_table=0 route_dest_held=0 fwd_positive=0 fwd_readers=0 fwd_claimed=0 fwd_released=0 copy_inflight=0
[GCV2][detach-check] phase=enforce site=reclaim_dirty checks=0 evidence=0 blocked=0 active_table=0 retired_table=0 route_dest_held=0 fwd_positive=0 fwd_readers=0 fwd_claimed=0 fwd_released=0 copy_inflight=0
[GCV2][detach-check] phase=enforce site=reclaim_mark_quarantine checks=0 evidence=0 blocked=0 active_table=0 retired_table=0 route_dest_held=0 fwd_positive=0 fwd_readers=0 fwd_claimed=0 fwd_released=0 copy_inflight=0
[GCV2][detach-check] phase=enforce site=release_region checks=0 evidence=0 blocked=0 active_table=0 retired_table=0 route_dest_held=0 fwd_positive=0 fwd_readers=0 fwd_claimed=0 fwd_released=0 copy_inflight=0
[GCV2][detach-check] phase=enforce site=release_garbage_units checks=0 evidence=0 blocked=0 active_table=0 retired_table=0 route_dest_held=0 fwd_positive=0 fwd_readers=0 fwd_claimed=0 fwd_released=0 copy_inflight=0
[GCV2][detach-check] phase=enforce site=take_garbage_reuse checks=0 evidence=0 blocked=0 active_table=0 retired_table=0 route_dest_held=0 fwd_positive=0 fwd_readers=0 fwd_claimed=0 fwd_released=0 copy_inflight=0
[GCV2][detach-check] phase=enforce site=take_dirty_reuse checks=0 evidence=0 blocked=0 active_table=0 retired_table=0 route_dest_held=0 fwd_positive=0 fwd_readers=0 fwd_claimed=0 fwd_released=0 copy_inflight=0
[GCV2][detach-check] phase=enforce site=take_released_reuse checks=0 evidence=0 blocked=0 active_table=0 retired_table=0 route_dest_held=0 fwd_positive=0 fwd_readers=0 fwd_claimed=0 fwd_released=0 copy_inflight=0
[GCV2][detach-check] phase=enforce site=clear_units checks=0 evidence=0 blocked=0 active_table=0 retired_table=0 route_dest_held=0 fwd_positive=0 fwd_readers=0 fwd_claimed=0 fwd_released=0 copy_inflight=0
[GCV2][detach-check] phase=enforce site=release_units checks=0 evidence=0 blocked=0 active_table=0 retired_table=0 route_dest_held=0 fwd_positive=0 fwd_readers=0 fwd_claimed=0 fwd_released=0 copy_inflight=0
[GCV2][detach-check] phase=enforce site=init_free_units checks=0 evidence=0 blocked=0 active_table=0 retired_table=0 route_dest_held=0 fwd_positive=0 fwd_readers=0 fwd_claimed=0 fwd_released=0 copy_inflight=0
[GCV2][detach-check] phase=enforce site=init_region_info checks=0 evidence=0 blocked=0 active_table=0 retired_table=0 route_dest_held=0 fwd_positive=0 fwd_readers=0 fwd_claimed=0 fwd_released=0 copy_inflight=0
[GCV2][detach-check] phase=enforce site=major_recheck checks=0 evidence=0 blocked=0 active_table=0 retired_table=0 route_dest_held=0 fwd_positive=0 fwd_readers=0 fwd_claimed=0 fwd_released=0 copy_inflight=0
[GCV2][detach-quarantine] gate=1 admitted=0 released=0 recheck_held=0 peak_entries=0 max_entries=65536 max_rechecks=8
[GCV2][zlife] atexit refuse_released=0 refuse_claimed=0 detach_waited=0
[ptrcolour][plain-load-heal] attempt=0 success=0 plain_skip=0
[  PASS  ] M0Exit.ReadRuntimeEntryFailsClosedOnForwardedWithoutMapping
[========] 1 tests: 1 passed, 0 failed
