2026-09-02 03:05:54.725861 3483069 E [FWDTABLE] armed base=0x7f3e92800000 size=67108864 unit=4096 entries=16384
2026-09-02 03:05:54.728329 3483072 E [ZCOLOR2][mark-mask-flip] generation=young count=1 g_cjMarkBadMask=0x9e000000000000 g_cjStoreBadMask=0x19e000000000000
2026-09-02 03:05:54.728406 3483072 E [GCV2][epoch-handshake] source=pre-minor-stack epoch=1 requested=1 acked=1 acked_twice=0 self=0 gc_assisted=1 starting=0 running=1 parked=0 exiting=0 deferred_create=0 born_clean=0 exit_transition=0 destroy_deferred=0 stw_calls=0 stack_scanned=1 stack_fallback=0 stack_frames=6 wlock_us=0 timeout_ms=30000 epoch_handshake=required stack_scan=required
2026-09-02 03:05:54.728429 3483072 E [GCV2][stack-scan-fallback] epoch=1 concurrent_done=1 stw_fallback=0 stack_scan=required
2026-09-02 03:05:54.728559 3483072 E [GhostRetention] retained_regions=0 retained_bytes=0
2026-09-02 03:05:54.728568 3483072 E [ENROLTIME] afterFlip=0 n=1 phase=12 before=1 after=0
2026-09-02 03:05:54.728577 3483072 E [FLIPORDER] young flip arm=after-fromspace
2026-09-02 03:05:54.728630 3483072 E [GCV2][mutrelo] attempt n=1 retain=0
2026-09-02 03:05:54.728635 3483072 E [GCV2][mutrelo] attempt n=2 retain=1
2026-09-02 03:05:54.728638 3483072 E [GCV2][mutrelo] attempt n=3 retain=2
2026-09-02 03:05:54.728641 3483072 E [GCV2][mutrelo] attempt n=4 retain=3
2026-09-02 03:05:54.728644 3483072 E [GCV2][mutrelo] attempt n=5 retain=4
2026-09-02 03:05:54.728648 3483072 E [GCV2][mutrelo] attempt n=6 retain=5
2026-09-02 03:05:54.728651 3483072 E [GCV2][mutrelo] attempt n=7 retain=6
2026-09-02 03:05:54.728654 3483072 E [GCV2][mutrelo] attempt n=8 retain=7
2026-09-02 03:05:54.728716 3483072 E [COLOURWHO] armed first sc=0
2026-09-02 03:05:54.728733 3483072 E [GCV2][expire-kept] n=1 bytes=65536
2026-09-02 03:05:54.728749 3483072 E [GhostRetention] retained_regions=0 retained_bytes=0
[GCV2][holewho] sample n=1 off=64 len=32 type=1 next_plausible=1 bucket=1 prev=std.core:AtomicBox<std.core:Option<Closure<(std.core:Thread,std.core:Exception)->Unit>>> filler=1
2026-09-02 03:05:54.728892 3483072 E [WHODEAD][oldseed] youngHolders=3 oldSeeded=9 painted=0 stack=0 collect=9
2026-09-02 03:05:54.728897 3483072 E [ZCOLOR2][mark-mask-flip] generation=old count=1 g_cjMarkBadMask=0x5d000000000000
2026-09-02 03:05:54.728909 3483072 E [GCV2][epoch-handshake] source=pre-major-stack epoch=2 requested=1 acked=1 acked_twice=0 self=0 gc_assisted=1 starting=0 running=1 parked=0 exiting=0 deferred_create=0 born_clean=0 exit_transition=0 destroy_deferred=0 stw_calls=0 stack_scanned=1 stack_fallback=0 stack_frames=6 wlock_us=0 timeout_ms=30000 epoch_handshake=required stack_scan=required
2026-09-02 03:05:54.728930 3483072 E [WHODEAD][oldseed] post-assemble pushed=9 stack=2 from=9
2026-09-02 03:05:54.728942 3483072 E [TRACECOV] healed=1
2026-09-02 03:05:54.728945 3483072 E [TRACECOV] healed=2
2026-09-02 03:05:54.728951 3483072 E [TRACECOV] healed=4
2026-09-02 03:05:54.728957 3483072 E [TRACECOV] healed=8
2026-09-02 03:05:54.728977 3483072 E [GCV2][exempt-kept] n=1 region=0x7f3e927fff10 start=0x7f3e92800000 route=0 live=232 identity=0
2026-09-02 03:05:54.728980 3483072 E [GhostRetention] retained_regions=0 retained_bytes=0
2026-09-02 03:05:54.728999 3483072 E [FWDTABLE][reclaim] why=old-remap-young-roots-complete freed=0 deferred=1 coverage_complete=0 retired_total=1 reclaimed_total=0
2026-09-02 03:05:54.729002 3483072 E [A8REMAP] remset seen=0 coloured=0 remapped=0 doubleBad=0 static seen=19 coloured=0 remapped=0 doubleBad=0 stack seen=5 coloured=0 remapped=0 other seen=2 coloured=0 remapped=0 doubleBad=0 flipSeq=3
2026-09-02 03:05:54.729038 3483072 E [GCV2][expire-kept] n=1 bytes=65536
2026-09-02 03:05:54.729126 3483069 F Check failed: (sites & required) == required
2026-09-02 03:05:54.729138 3483069 F language-level segmented-array GC missed managed root consumer: required=0xaa actual=0xa8
3483069 E CJNative Handle signal: 6.
3483069 E signal SIGABRT (6) pc=0x7f3e9ac969bc fa=0x3525bd si_addr=0x3525bd
[GCLOG] v=3 rec=crash seq=0 signo=6 signame=SIGABRT si_code=-6 si_codename=SI_TKILL si_addr=0x3525bd pc=0x7f3e9ac969bc pc_mod=libc.so.6 pc_off=0x969bc sym=pthread_kill rbp=0x3525bd gc_phase=reclaim_satb_phase gc_kind=active in_par_fix=0 regs=rax=0x0,rbx=0x7f3ea713e980,rcx=0x7f3e9ac969bc,rdx=0x6,rsi=0x3525bd,rdi=0x3525bd,rbp=0x3525bd,rsp=0x7f3e9aed3800,r8=0x7f3e9aed38d0,r9=0x7f,r10=0x8,r11=0x246,r12=0x6,r13=0x16,r14=0x7f3e9aed3ae0,r15=0x7f3e9b320598,rip=0x7f3e9ac969bc insn=4189c541f7dd3d00f0ffffb800000000 assert=language-level_segmented-array_GC_missed_managed_root_consumer:_required=0xaa_actual=0xa8
[GCV2][whozero] CRASH-SCAN hits=0 ring=0 n=0 r13=0x16 rcx=0x7f3e9ac969bc rsi=0x3525bd rbx=0x7f3ea713e980 r12=0x6
