2026-09-02 03:05:54.934915 3483087 E [FWDTABLE] armed base=0x76cd87000000 size=67108864 unit=4096 entries=16384
2026-09-02 03:05:54.937505 3483090 E [ZCOLOR2][mark-mask-flip] generation=young count=1 g_cjMarkBadMask=0x9e000000000000 g_cjStoreBadMask=0x19e000000000000
2026-09-02 03:05:54.937621 3483090 E [GCV2][epoch-handshake] source=pre-minor-stack epoch=1 requested=1 acked=1 acked_twice=0 self=0 gc_assisted=1 starting=0 running=1 parked=0 exiting=0 deferred_create=0 born_clean=0 exit_transition=0 destroy_deferred=0 stw_calls=0 stack_scanned=1 stack_fallback=0 stack_frames=6 wlock_us=0 timeout_ms=30000 epoch_handshake=required stack_scan=required
2026-09-02 03:05:54.937643 3483090 E [GCV2][stack-scan-fallback] epoch=1 concurrent_done=1 stw_fallback=0 stack_scan=required
2026-09-02 03:05:54.937802 3483090 E [GhostRetention] retained_regions=0 retained_bytes=0
2026-09-02 03:05:54.937810 3483090 E [ENROLTIME] afterFlip=0 n=1 phase=12 before=1 after=0
2026-09-02 03:05:54.937820 3483090 E [FLIPORDER] young flip arm=after-fromspace
2026-09-02 03:05:54.937882 3483090 E [GCV2][mutrelo] attempt n=1 retain=0
2026-09-02 03:05:54.937887 3483090 E [GCV2][mutrelo] attempt n=2 retain=1
2026-09-02 03:05:54.937890 3483090 E [GCV2][mutrelo] attempt n=3 retain=2
2026-09-02 03:05:54.937893 3483090 E [GCV2][mutrelo] attempt n=4 retain=3
2026-09-02 03:05:54.937897 3483090 E [GCV2][mutrelo] attempt n=5 retain=4
2026-09-02 03:05:54.937900 3483090 E [GCV2][mutrelo] attempt n=6 retain=5
2026-09-02 03:05:54.937904 3483090 E [GCV2][mutrelo] attempt n=7 retain=6
2026-09-02 03:05:54.937907 3483090 E [GCV2][mutrelo] attempt n=8 retain=7
2026-09-02 03:05:54.937977 3483090 E [COLOURWHO] armed first sc=0
2026-09-02 03:05:54.937998 3483090 E [GCV2][expire-kept] n=1 bytes=65536
2026-09-02 03:05:54.938014 3483090 E [GhostRetention] retained_regions=0 retained_bytes=0
[GCV2][holewho] sample n=1 off=64 len=32 type=1 next_plausible=1 bucket=1 prev=std.core:AtomicBox<std.core:Option<Closure<(std.core:Thread,std.core:Exception)->Unit>>> filler=1
2026-09-02 03:05:54.938179 3483090 E [WHODEAD][oldseed] youngHolders=3 oldSeeded=9 painted=0 stack=0 collect=9
2026-09-02 03:05:54.938185 3483090 E [ZCOLOR2][mark-mask-flip] generation=old count=1 g_cjMarkBadMask=0x5d000000000000
2026-09-02 03:05:54.938198 3483090 E [GCV2][epoch-handshake] source=pre-major-stack epoch=2 requested=1 acked=1 acked_twice=0 self=0 gc_assisted=1 starting=0 running=1 parked=0 exiting=0 deferred_create=0 born_clean=0 exit_transition=0 destroy_deferred=0 stw_calls=0 stack_scanned=1 stack_fallback=0 stack_frames=6 wlock_us=0 timeout_ms=30000 epoch_handshake=required stack_scan=required
2026-09-02 03:05:54.938231 3483090 E [WHODEAD][oldseed] post-assemble pushed=9 stack=2 from=9
2026-09-02 03:05:54.938244 3483090 E [TRACECOV] healed=1
2026-09-02 03:05:54.938247 3483090 E [TRACECOV] healed=2
2026-09-02 03:05:54.938251 3483090 E [TRACECOV] healed=4
2026-09-02 03:05:54.938257 3483090 E [TRACECOV] healed=8
2026-09-02 03:05:54.938279 3483090 E [GCV2][garbregion] armed first n=1 census=0
[GCV2][garbregion][collect] n=1 region=0x76cd86fff010 start=0x76cd87010000 alloc=0x76cd87037110 type=12 route=0 routeGen=1 young=0 large=1 live=0 auth=1 knownEmpty=1 neverExamined=1 liveinfo=(nil) faceEp=0 snapEp=2 bitmap=(nil) cls=large_unmarked slots=0 markedH=0 unmarkedH=0 youngH=0 oldH=0 join=0 gc=1 where=none
2026-09-02 03:05:54.938295 3483090 E [GCV2][exempt-kept] n=1 region=0x76cd86ffff10 start=0x76cd87000000 route=0 live=232 identity=0
2026-09-02 03:05:54.938298 3483090 E [GhostRetention] retained_regions=0 retained_bytes=0
2026-09-02 03:05:54.938319 3483090 E [FWDTABLE][reclaim] why=old-remap-young-roots-complete freed=0 deferred=1 coverage_complete=0 retired_total=1 reclaimed_total=0
2026-09-02 03:05:54.938322 3483090 E [A8REMAP] remset seen=0 coloured=0 remapped=0 doubleBad=0 static seen=19 coloured=0 remapped=0 doubleBad=0 stack seen=5 coloured=0 remapped=0 other seen=2 coloured=0 remapped=0 doubleBad=0 flipSeq=3
2026-09-02 03:05:54.938375 3483090 E [GCV2][expire-kept] n=1 bytes=65536
2026-09-02 03:05:54.938462 3483087 F Check failed: (sites & required) == required
2026-09-02 03:05:54.938479 3483087 F language-level segmented-array GC missed managed root consumer: required=0xaa actual=0xa2
3483087 E CJNative Handle signal: 6.
3483087 E signal SIGABRT (6) pc=0x76cd8f4969bc fa=0x3525cf si_addr=0x3525cf
[GCLOG] v=3 rec=crash seq=0 signo=6 signame=SIGABRT si_code=-6 si_codename=SI_TKILL si_addr=0x3525cf pc=0x76cd8f4969bc pc_mod=libc.so.6 pc_off=0x969bc sym=pthread_kill rbp=0x3525cf gc_phase=reclaim_satb_phase gc_kind=active in_par_fix=0 regs=rax=0x0,rbx=0x76cd9b8df980,rcx=0x76cd8f4969bc,rdx=0x6,rsi=0x3525cf,rdi=0x3525cf,rbp=0x3525cf,rsp=0x76cd842f7800,r8=0x76cd842f78d0,r9=0x7f,r10=0x8,r11=0x246,r12=0x6,r13=0x16,r14=0x76cd842f7ae0,r15=0x76cd8fb20598,rip=0x76cd8f4969bc insn=4189c541f7dd3d00f0ffffb800000000 assert=language-level_segmented-array_GC_missed_managed_root_consumer:_required=0xaa_actual=0xa2
[GCV2][whozero] CRASH-SCAN hits=0 ring=0 n=0 r13=0x16 rcx=0x76cd8f4969bc rsi=0x3525cf rbx=0x76cd9b8df980 r12=0x6
