2026-09-02 03:05:54.735025 3483076 E [FWDTABLE] armed base=0x7f9782000000 size=67108864 unit=4096 entries=16384
2026-09-02 03:05:54.737522 3483078 E [ZCOLOR2][mark-mask-flip] generation=young count=1 g_cjMarkBadMask=0x9e000000000000 g_cjStoreBadMask=0x19e000000000000
2026-09-02 03:05:54.737630 3483078 E [GCV2][epoch-handshake] source=pre-minor-stack epoch=1 requested=1 acked=1 acked_twice=0 self=0 gc_assisted=1 starting=0 running=1 parked=0 exiting=0 deferred_create=0 born_clean=0 exit_transition=0 destroy_deferred=0 stw_calls=0 stack_scanned=1 stack_fallback=0 stack_frames=6 wlock_us=0 timeout_ms=30000 epoch_handshake=required stack_scan=required
2026-09-02 03:05:54.737672 3483078 E [GCV2][stack-scan-fallback] epoch=1 concurrent_done=1 stw_fallback=0 stack_scan=required
2026-09-02 03:05:54.737872 3483078 E [GhostRetention] retained_regions=0 retained_bytes=0
2026-09-02 03:05:54.737890 3483078 E [ENROLTIME] afterFlip=0 n=1 phase=12 before=1 after=0
2026-09-02 03:05:54.737908 3483078 E [FLIPORDER] young flip arm=after-fromspace
2026-09-02 03:05:54.738017 3483078 E [GCV2][mutrelo] attempt n=1 retain=0
2026-09-02 03:05:54.738027 3483078 E [GCV2][mutrelo] attempt n=2 retain=1
2026-09-02 03:05:54.738035 3483078 E [GCV2][mutrelo] attempt n=3 retain=2
2026-09-02 03:05:54.738043 3483078 E [GCV2][mutrelo] attempt n=4 retain=3
2026-09-02 03:05:54.738052 3483078 E [GCV2][mutrelo] attempt n=5 retain=4
2026-09-02 03:05:54.738076 3483078 E [GCV2][mutrelo] attempt n=6 retain=5
2026-09-02 03:05:54.738084 3483078 E [GCV2][mutrelo] attempt n=7 retain=6
2026-09-02 03:05:54.738092 3483078 E [GCV2][mutrelo] attempt n=8 retain=7
2026-09-02 03:05:54.738229 3483078 E [COLOURWHO] armed first sc=0
2026-09-02 03:05:54.738265 3483078 E [GCV2][expire-kept] n=1 bytes=65536
2026-09-02 03:05:54.738299 3483078 E [GhostRetention] retained_regions=0 retained_bytes=0
2026-09-02 03:05:54.738421 3483076 F Check failed: (sites & required) == required
2026-09-02 03:05:54.738430 3483076 F language-level segmented-array GC missed managed root consumer: required=0xaa actual=0xa8
3483076 E CJNative Handle signal: 6.
3483076 E signal SIGABRT (6) pc=0x7f978a4969bc fa=0x3525c4 si_addr=0x3525c4
[GCLOG] v=3 rec=crash seq=0 signo=6 signame=SIGABRT si_code=-6 si_codename=SI_TKILL si_addr=0x3525c4 pc=0x7f978a4969bc pc_mod=libc.so.6 pc_off=0x969bc sym=pthread_kill rbp=0x3525c4 gc_phase=reclaim_satb_phase gc_kind=active in_par_fix=0 regs=rax=0x0,rbx=0x7f979699d980,rcx=0x7f978a4969bc,rdx=0x6,rsi=0x3525c4,rdi=0x3525c4,rbp=0x3525c4,rsp=0x7f978a2fb800,r8=0x7f978a2fb8d0,r9=0x7f,r10=0x8,r11=0x246,r12=0x6,r13=0x16,r14=0x7f978a2fbae0,r15=0x7f978ab20598,rip=0x7f978a4969bc insn=4189c541f7dd3d00f0ffffb800000000 assert=language-level_segmented-array_GC_missed_managed_root_consumer:_required=0xaa_actual=0xa8
[GCV2][whozero] CRASH-SCAN hits=0 ring=0 n=0 r13=0x16 rcx=0x7f978a4969bc rsi=0x3525c4 rbx=0x7f979699d980 r12=0x6
