[Thread debugging using libthread_db enabled]
Using host libthread_db library "/lib/x86_64-linux-gnu/libthread_db.so.1".
[  RUN   ] RawRemapYoungProduct.MajorWatermarkConsumesYoungTable
[Attaching after Thread 0x7ffff7cbc880 (LWP 3329462) fork to child process 3329465]
[New inferior 2 (process 3329465)]
[Detaching after fork from parent process 3329462]
[Inferior 1 (process 3329462) detached]
[Thread debugging using libthread_db enabled]
Using host libthread_db library "/lib/x86_64-linux-gnu/libthread_db.so.1".
[New Thread 0x7ffff75ff640 (LWP 3329466)]
[New Thread 0x7ffff6dfe640 (LWP 3329467)]
[New Thread 0x7ffff65fd640 (LWP 3329468)]
[New Thread 0x7ffff5dfc640 (LWP 3329469)]
[New Thread 0x7ffff55fb640 (LWP 3329470)]
[New Thread 0x7ffff4477640 (LWP 3329471)]
[New Thread 0x7ffff4376640 (LWP 3329472)]
[New Thread 0x7ffff4275640 (LWP 3329473)]
[New Thread 0x7ffff4174640 (LWP 3329474)]

Thread 2.1 "cj_gc_forwardin" received signal SIGSEGV, Segmentation fault.
[Switching to Thread 0x7ffff7cbc880 (LWP 3329465)]
MapleRuntime::ZBarrier::Mark<false, false, true, false> (addr=(unknown: 0x40000c00000)) at ../../../runtime/src/Heap/z/zBarrier.cpp:359
359	../../../runtime/src/Heap/z/zBarrier.cpp: 没有那个文件或目录.

Thread 2.10 (Thread 0x7ffff4174640 (LWP 3329474) "ZWorkerOld#1"):
#0  __futex_abstimed_wait_common64 (private=0, cancel=true, abstime=0x0, op=393, expected=0, futex_word=0x555555613e28) at ./nptl/futex-internal.c:57
#1  __futex_abstimed_wait_common (cancel=true, private=0, abstime=0x0, clockid=0, expected=0, futex_word=0x555555613e28) at ./nptl/futex-internal.c:87
#2  __GI___futex_abstimed_wait_cancelable64 (futex_word=futex_word@entry=0x555555613e28, expected=expected@entry=0, clockid=clockid@entry=0, abstime=abstime@entry=0x0, private=private@entry=0) at ./nptl/futex-internal.c:139
#3  0x00007ffff7693a01 in __pthread_cond_wait_common (abstime=0x0, clockid=0, mutex=0x555555613dd8, cond=0x555555613e00) at ./nptl/pthread_cond_wait.c:503
#4  ___pthread_cond_wait (cond=0x555555613e00, mutex=0x555555613dd8) at ./nptl/pthread_cond_wait.c:627
#5  0x00007ffff7ef7a4b in std::condition_variable::wait<MapleRuntime::Semaphore::wait()::{lambda()#1}>(std::unique_lock<std::mutex>&, MapleRuntime::Semaphore::wait()::{lambda()#1}) (this=0x555555613e00, __lock=..., __p=...) at /usr/bin/../lib/gcc/x86_64-linux-gnu/11/../../../../include/c++/11/condition_variable:103
#6  MapleRuntime::Semaphore::wait (this=<optimized out>) at ../../../runtime/src/Base/Semaphore.h:40
#7  MapleRuntime::WorkerTaskDispatcher::worker_run_task (this=0x555555613dc8) at ../../../runtime/src/Heap/z/workerThread.cpp:55
#8  0x00007ffff7ef81c8 in MapleRuntime::WorkerThread::run (this=<optimized out>) at ../../../runtime/src/Heap/z/workerThread.cpp:230
#9  MapleRuntime::WorkerThread::entry (arg=0x555555614090) at ../../../runtime/src/Heap/z/workerThread.cpp:219

Thread 2.9 (Thread 0x7ffff4275640 (LWP 3329473) "ZWorkerOld#0"):
#0  __futex_abstimed_wait_common64 (private=0, cancel=true, abstime=0x0, op=393, expected=0, futex_word=0x555555613e28) at ./nptl/futex-internal.c:57
#1  __futex_abstimed_wait_common (cancel=true, private=0, abstime=0x0, clockid=0, expected=0, futex_word=0x555555613e28) at ./nptl/futex-internal.c:87
#2  __GI___futex_abstimed_wait_cancelable64 (futex_word=futex_word@entry=0x555555613e28, expected=expected@entry=0, clockid=clockid@entry=0, abstime=abstime@entry=0x0, private=private@entry=0) at ./nptl/futex-internal.c:139
#3  0x00007ffff7693a01 in __pthread_cond_wait_common (abstime=0x0, clockid=0, mutex=0x555555613dd8, cond=0x555555613e00) at ./nptl/pthread_cond_wait.c:503
#4  ___pthread_cond_wait (cond=0x555555613e00, mutex=0x555555613dd8) at ./nptl/pthread_cond_wait.c:627
#5  0x00007ffff7ef7a4b in std::condition_variable::wait<MapleRuntime::Semaphore::wait()::{lambda()#1}>(std::unique_lock<std::mutex>&, MapleRuntime::Semaphore::wait()::{lambda()#1}) (this=0x555555613e00, __lock=..., __p=...) at /usr/bin/../lib/gcc/x86_64-linux-gnu/11/../../../../include/c++/11/condition_variable:103
#6  MapleRuntime::Semaphore::wait (this=<optimized out>) at ../../../runtime/src/Base/Semaphore.h:40
#7  MapleRuntime::WorkerTaskDispatcher::worker_run_task (this=0x555555613dc8) at ../../../runtime/src/Heap/z/workerThread.cpp:55
#8  0x00007ffff7ef81c8 in MapleRuntime::WorkerThread::run (this=<optimized out>) at ../../../runtime/src/Heap/z/workerThread.cpp:230
#9  MapleRuntime::WorkerThread::entry (arg=0x555555613f10) at ../../../runtime/src/Heap/z/workerThread.cpp:219

Thread 2.8 (Thread 0x7ffff4376640 (LWP 3329472) "ZWorkerYoung#1"):
#0  __futex_abstimed_wait_common64 (private=0, cancel=true, abstime=0x0, op=393, expected=0, futex_word=0x5555556139b8) at ./nptl/futex-internal.c:57
#1  __futex_abstimed_wait_common (cancel=true, private=0, abstime=0x0, clockid=0, expected=0, futex_word=0x5555556139b8) at ./nptl/futex-internal.c:87
#2  __GI___futex_abstimed_wait_cancelable64 (futex_word=futex_word@entry=0x5555556139b8, expected=expected@entry=0, clockid=clockid@entry=0, abstime=abstime@entry=0x0, private=private@entry=0) at ./nptl/futex-internal.c:139
#3  0x00007ffff7693a01 in __pthread_cond_wait_common (abstime=0x0, clockid=0, mutex=0x555555613968, cond=0x555555613990) at ./nptl/pthread_cond_wait.c:503
#4  ___pthread_cond_wait (cond=0x555555613990, mutex=0x555555613968) at ./nptl/pthread_cond_wait.c:627
#5  0x00007ffff7ef7a4b in std::condition_variable::wait<MapleRuntime::Semaphore::wait()::{lambda()#1}>(std::unique_lock<std::mutex>&, MapleRuntime::Semaphore::wait()::{lambda()#1}) (this=0x555555613990, __lock=..., __p=...) at /usr/bin/../lib/gcc/x86_64-linux-gnu/11/../../../../include/c++/11/condition_variable:103
#6  MapleRuntime::Semaphore::wait (this=<optimized out>) at ../../../runtime/src/Base/Semaphore.h:40
#7  MapleRuntime::WorkerTaskDispatcher::worker_run_task (this=0x555555613958) at ../../../runtime/src/Heap/z/workerThread.cpp:55
#8  0x00007ffff7ef81c8 in MapleRuntime::WorkerThread::run (this=<optimized out>) at ../../../runtime/src/Heap/z/workerThread.cpp:230
#9  MapleRuntime::WorkerThread::entry (arg=0x555555613c20) at ../../../runtime/src/Heap/z/workerThread.cpp:219

Thread 2.7 (Thread 0x7ffff4477640 (LWP 3329471) "ZWorkerYoung#0"):
#0  __futex_abstimed_wait_common64 (private=0, cancel=true, abstime=0x0, op=393, expected=0, futex_word=0x5555556139b8) at ./nptl/futex-internal.c:57
#1  __futex_abstimed_wait_common (cancel=true, private=0, abstime=0x0, clockid=0, expected=0, futex_word=0x5555556139b8) at ./nptl/futex-internal.c:87
#2  __GI___futex_abstimed_wait_cancelable64 (futex_word=futex_word@entry=0x5555556139b8, expected=expected@entry=0, clockid=clockid@entry=0, abstime=abstime@entry=0x0, private=private@entry=0) at ./nptl/futex-internal.c:139
#3  0x00007ffff7693a01 in __pthread_cond_wait_common (abstime=0x0, clockid=0, mutex=0x555555613968, cond=0x555555613990) at ./nptl/pthread_cond_wait.c:503
#4  ___pthread_cond_wait (cond=0x555555613990, mutex=0x555555613968) at ./nptl/pthread_cond_wait.c:627
#5  0x00007ffff7ef7a4b in std::condition_variable::wait<MapleRuntime::Semaphore::wait()::{lambda()#1}>(std::unique_lock<std::mutex>&, MapleRuntime::Semaphore::wait()::{lambda()#1}) (this=0x555555613990, __lock=..., __p=...) at /usr/bin/../lib/gcc/x86_64-linux-gnu/11/../../../../include/c++/11/condition_variable:103
#6  MapleRuntime::Semaphore::wait (this=<optimized out>) at ../../../runtime/src/Base/Semaphore.h:40
#7  MapleRuntime::WorkerTaskDispatcher::worker_run_task (this=0x555555613958) at ../../../runtime/src/Heap/z/workerThread.cpp:55
#8  0x00007ffff7ef81c8 in MapleRuntime::WorkerThread::run (this=<optimized out>) at ../../../runtime/src/Heap/z/workerThread.cpp:230
#9  MapleRuntime::WorkerThread::entry (arg=0x555555613aa0) at ../../../runtime/src/Heap/z/workerThread.cpp:219

Thread 2.6 (Thread 0x7ffff55fb640 (LWP 3329470) "RuntimeWorker#0"):
#0  __futex_abstimed_wait_common64 (private=0, cancel=true, abstime=0x0, op=393, expected=0, futex_word=0x7ffff7fb4b88 <MapleRuntime::ZCollectedHeap::heap()::collected+10592>) at ./nptl/futex-internal.c:57
#1  __futex_abstimed_wait_common (cancel=true, private=0, abstime=0x0, clockid=0, expected=0, futex_word=0x7ffff7fb4b88 <MapleRuntime::ZCollectedHeap::heap()::collected+10592>) at ./nptl/futex-internal.c:87
#2  __GI___futex_abstimed_wait_cancelable64 (futex_word=futex_word@entry=0x7ffff7fb4b88 <MapleRuntime::ZCollectedHeap::heap()::collected+10592>, expected=expected@entry=0, clockid=clockid@entry=0, abstime=abstime@entry=0x0, private=private@entry=0) at ./nptl/futex-internal.c:139
#3  0x00007ffff7693a01 in __pthread_cond_wait_common (abstime=0x0, clockid=0, mutex=0x7ffff7fb4b38 <MapleRuntime::ZCollectedHeap::heap()::collected+10512>, cond=0x7ffff7fb4b60 <MapleRuntime::ZCollectedHeap::heap()::collected+10552>) at ./nptl/pthread_cond_wait.c:503
#4  ___pthread_cond_wait (cond=0x7ffff7fb4b60 <MapleRuntime::ZCollectedHeap::heap()::collected+10552>, mutex=0x7ffff7fb4b38 <MapleRuntime::ZCollectedHeap::heap()::collected+10512>) at ./nptl/pthread_cond_wait.c:627
#5  0x00007ffff7ef7a4b in std::condition_variable::wait<MapleRuntime::Semaphore::wait()::{lambda()#1}>(std::unique_lock<std::mutex>&, MapleRuntime::Semaphore::wait()::{lambda()#1}) (this=0x7ffff7fb4b60 <MapleRuntime::ZCollectedHeap::heap()::collected+10552>, __lock=..., __p=...) at /usr/bin/../lib/gcc/x86_64-linux-gnu/11/../../../../include/c++/11/condition_variable:103
#6  MapleRuntime::Semaphore::wait (this=<optimized out>) at ../../../runtime/src/Base/Semaphore.h:40
#7  MapleRuntime::WorkerTaskDispatcher::worker_run_task (this=0x7ffff7fb4b28 <MapleRuntime::ZCollectedHeap::heap()::collected+10496>) at ../../../runtime/src/Heap/z/workerThread.cpp:55
#8  0x00007ffff7ef81c8 in MapleRuntime::WorkerThread::run (this=<optimized out>) at ../../../runtime/src/Heap/z/workerThread.cpp:230
#9  MapleRuntime::WorkerThread::entry (arg=0x5555555c1110) at ../../../runtime/src/Heap/z/workerThread.cpp:219

Thread 2.5 (Thread 0x7ffff5dfc640 (LWP 3329469) "ZStat"):
#0  __futex_abstimed_wait_common64 (private=0, cancel=true, abstime=0x0, op=393, expected=0, futex_word=0x7ffff7fb1cd0 <MapleRuntime::(anonymous namespace)::RuntimeInit()::initialization+80>) at ./nptl/futex-internal.c:57
#1  __futex_abstimed_wait_common (cancel=true, private=0, abstime=0x0, clockid=0, expected=0, futex_word=0x7ffff7fb1cd0 <MapleRuntime::(anonymous namespace)::RuntimeInit()::initialization+80>) at ./nptl/futex-internal.c:87
#2  __GI___futex_abstimed_wait_cancelable64 (futex_word=futex_word@entry=0x7ffff7fb1cd0 <MapleRuntime::(anonymous namespace)::RuntimeInit()::initialization+80>, expected=expected@entry=0, clockid=clockid@entry=0, abstime=abstime@entry=0x0, private=private@entry=0) at ./nptl/futex-internal.c:139
#3  0x00007ffff7693a01 in __pthread_cond_wait_common (abstime=0x0, clockid=0, mutex=0x7ffff7fb1c80 <MapleRuntime::(anonymous namespace)::RuntimeInit()::initialization>, cond=0x7ffff7fb1ca8 <MapleRuntime::(anonymous namespace)::RuntimeInit()::initialization+40>) at ./nptl/pthread_cond_wait.c:503
#4  ___pthread_cond_wait (cond=0x7ffff7fb1ca8 <MapleRuntime::(anonymous namespace)::RuntimeInit()::initialization+40>, mutex=0x7ffff7fb1c80 <MapleRuntime::(anonymous namespace)::RuntimeInit()::initialization>) at ./nptl/pthread_cond_wait.c:627
#5  0x00007ffff7ea1183 in std::condition_variable::wait<MapleRuntime::ConcurrentGCThread::run()::$_0>(std::unique_lock<std::mutex>&, MapleRuntime::ConcurrentGCThread::run()::$_0) (__lock=..., __p=..., this=<optimized out>) at /usr/bin/../lib/gcc/x86_64-linux-gnu/11/../../../../include/c++/11/condition_variable:103
#6  MapleRuntime::ConcurrentGCThread::run (this=0x5555555c0ea0) at ../../../runtime/src/Heap/z/concurrentGCThread.cpp:89
#7  0x00007ffff7ea10fe in MapleRuntime::ConcurrentGCThread::entry (arg=0x5555555c0ea0) at ../../../runtime/src/Heap/z/concurrentGCThread.cpp:78
#8  0x00007ffff7694a83 in start_thread (arg=<optimized out>) at ./nptl/pthread_create.c:442
#9  0x00007ffff77268e0 in clone3 () at ../sysdeps/unix/sysv/linux/x86_64/clone3.S:81

Thread 2.4 (Thread 0x7ffff65fd640 (LWP 3329468) "ZDirector"):
#0  __futex_abstimed_wait_common64 (private=0, cancel=true, abstime=0x0, op=393, expected=0, futex_word=0x7ffff7fb1cd0 <MapleRuntime::(anonymous namespace)::RuntimeInit()::initialization+80>) at ./nptl/futex-internal.c:57
#1  __futex_abstimed_wait_common (cancel=true, private=0, abstime=0x0, clockid=0, expected=0, futex_word=0x7ffff7fb1cd0 <MapleRuntime::(anonymous namespace)::RuntimeInit()::initialization+80>) at ./nptl/futex-internal.c:87
#2  __GI___futex_abstimed_wait_cancelable64 (futex_word=futex_word@entry=0x7ffff7fb1cd0 <MapleRuntime::(anonymous namespace)::RuntimeInit()::initialization+80>, expected=expected@entry=0, clockid=clockid@entry=0, abstime=abstime@entry=0x0, private=private@entry=0) at ./nptl/futex-internal.c:139
#3  0x00007ffff7693a01 in __pthread_cond_wait_common (abstime=0x0, clockid=0, mutex=0x7ffff7fb1c80 <MapleRuntime::(anonymous namespace)::RuntimeInit()::initialization>, cond=0x7ffff7fb1ca8 <MapleRuntime::(anonymous namespace)::RuntimeInit()::initialization+40>) at ./nptl/pthread_cond_wait.c:503
#4  ___pthread_cond_wait (cond=0x7ffff7fb1ca8 <MapleRuntime::(anonymous namespace)::RuntimeInit()::initialization+40>, mutex=0x7ffff7fb1c80 <MapleRuntime::(anonymous namespace)::RuntimeInit()::initialization>) at ./nptl/pthread_cond_wait.c:627
#5  0x00007ffff7ea1183 in std::condition_variable::wait<MapleRuntime::ConcurrentGCThread::run()::$_0>(std::unique_lock<std::mutex>&, MapleRuntime::ConcurrentGCThread::run()::$_0) (__lock=..., __p=..., this=<optimized out>) at /usr/bin/../lib/gcc/x86_64-linux-gnu/11/../../../../include/c++/11/condition_variable:103
#6  MapleRuntime::ConcurrentGCThread::run (this=0x5555555c0c60) at ../../../runtime/src/Heap/z/concurrentGCThread.cpp:89
#7  0x00007ffff7ea10fe in MapleRuntime::ConcurrentGCThread::entry (arg=0x5555555c0c60) at ../../../runtime/src/Heap/z/concurrentGCThread.cpp:78
#8  0x00007ffff7694a83 in start_thread (arg=<optimized out>) at ./nptl/pthread_create.c:442
#9  0x00007ffff77268e0 in clone3 () at ../sysdeps/unix/sysv/linux/x86_64/clone3.S:81

Thread 2.3 (Thread 0x7ffff6dfe640 (LWP 3329467) "ZDriverMajor"):
#0  __futex_abstimed_wait_common64 (private=0, cancel=true, abstime=0x0, op=393, expected=0, futex_word=0x7ffff7fb1cd0 <MapleRuntime::(anonymous namespace)::RuntimeInit()::initialization+80>) at ./nptl/futex-internal.c:57
#1  __futex_abstimed_wait_common (cancel=true, private=0, abstime=0x0, clockid=0, expected=0, futex_word=0x7ffff7fb1cd0 <MapleRuntime::(anonymous namespace)::RuntimeInit()::initialization+80>) at ./nptl/futex-internal.c:87
#2  __GI___futex_abstimed_wait_cancelable64 (futex_word=futex_word@entry=0x7ffff7fb1cd0 <MapleRuntime::(anonymous namespace)::RuntimeInit()::initialization+80>, expected=expected@entry=0, clockid=clockid@entry=0, abstime=abstime@entry=0x0, private=private@entry=0) at ./nptl/futex-internal.c:139
#3  0x00007ffff7693a01 in __pthread_cond_wait_common (abstime=0x0, clockid=0, mutex=0x7ffff7fb1c80 <MapleRuntime::(anonymous namespace)::RuntimeInit()::initialization>, cond=0x7ffff7fb1ca8 <MapleRuntime::(anonymous namespace)::RuntimeInit()::initialization+40>) at ./nptl/pthread_cond_wait.c:503
#4  ___pthread_cond_wait (cond=0x7ffff7fb1ca8 <MapleRuntime::(anonymous namespace)::RuntimeInit()::initialization+40>, mutex=0x7ffff7fb1c80 <MapleRuntime::(anonymous namespace)::RuntimeInit()::initialization>) at ./nptl/pthread_cond_wait.c:627
#5  0x00007ffff7ea1183 in std::condition_variable::wait<MapleRuntime::ConcurrentGCThread::run()::$_0>(std::unique_lock<std::mutex>&, MapleRuntime::ConcurrentGCThread::run()::$_0) (__lock=..., __p=..., this=<optimized out>) at /usr/bin/../lib/gcc/x86_64-linux-gnu/11/../../../../include/c++/11/condition_variable:103
#6  MapleRuntime::ConcurrentGCThread::run (this=0x5555555c09f0) at ../../../runtime/src/Heap/z/concurrentGCThread.cpp:89
#7  0x00007ffff7ea10fe in MapleRuntime::ConcurrentGCThread::entry (arg=0x5555555c09f0) at ../../../runtime/src/Heap/z/concurrentGCThread.cpp:78
#8  0x00007ffff7694a83 in start_thread (arg=<optimized out>) at ./nptl/pthread_create.c:442
#9  0x00007ffff77268e0 in clone3 () at ../sysdeps/unix/sysv/linux/x86_64/clone3.S:81

Thread 2.2 (Thread 0x7ffff75ff640 (LWP 3329466) "ZDriverMinor"):
#0  __futex_abstimed_wait_common64 (private=0, cancel=true, abstime=0x0, op=393, expected=0, futex_word=0x7ffff7fb1cd0 <MapleRuntime::(anonymous namespace)::RuntimeInit()::initialization+80>) at ./nptl/futex-internal.c:57
#1  __futex_abstimed_wait_common (cancel=true, private=0, abstime=0x0, clockid=0, expected=0, futex_word=0x7ffff7fb1cd0 <MapleRuntime::(anonymous namespace)::RuntimeInit()::initialization+80>) at ./nptl/futex-internal.c:87
#2  __GI___futex_abstimed_wait_cancelable64 (futex_word=futex_word@entry=0x7ffff7fb1cd0 <MapleRuntime::(anonymous namespace)::RuntimeInit()::initialization+80>, expected=expected@entry=0, clockid=clockid@entry=0, abstime=abstime@entry=0x0, private=private@entry=0) at ./nptl/futex-internal.c:139
#3  0x00007ffff7693a01 in __pthread_cond_wait_common (abstime=0x0, clockid=0, mutex=0x7ffff7fb1c80 <MapleRuntime::(anonymous namespace)::RuntimeInit()::initialization>, cond=0x7ffff7fb1ca8 <MapleRuntime::(anonymous namespace)::RuntimeInit()::initialization+40>) at ./nptl/pthread_cond_wait.c:503
#4  ___pthread_cond_wait (cond=0x7ffff7fb1ca8 <MapleRuntime::(anonymous namespace)::RuntimeInit()::initialization+40>, mutex=0x7ffff7fb1c80 <MapleRuntime::(anonymous namespace)::RuntimeInit()::initialization>) at ./nptl/pthread_cond_wait.c:627
#5  0x00007ffff7ea11RAW_REMAP_OUTCOME_ASSERT promoted=0 managed=0 old=0 status=9 completed=0
[  FAIL  ] RawRemapYoungProduct.MajorWatermarkConsumesYoungTable
  sym_cangjie_runtime_627_implement_r5747848521/testable/runtime/tests/gc_unit/clear_entries_product_unit.cpp:1395: EXPECT failed: completed
83 in std::condition_variable::wait<MapleRuntime::ConcurrentGCThread::run()::$_0>(std::unique_lock<std::mutex>&, MapleRuntime::ConcurrentGCThread::run()::$_0) (__lock=..., __p=..., this=<optimized out>) at /usr/bin/../lib/gcc/x86_64-linux-gnu/11/../../../../include/c++/11/condition_variable:103
#6  MapleRuntime::ConcurrentGCThread::run (this=0x5555555c0780) at ../../../runtime/src/Heap/z/concurrentGCThread.cpp:89
#7  0x00007ffff7ea10fe in MapleRuntime::ConcurrentGCThread::entry (arg=0x5555555c0780) at ../../../runtime/src/Heap/z/concurrentGCThread.cpp:78
#8  0x00007ffff7694a83 in start_thread (arg=<optimized out>) at ./nptl/pthread_create.c:442
#9  0x00007ffff77268e0 in clone3 () at ../sysdeps/unix/sysv/linux/x86_64/clone3.S:81

Thread 2.1 (Thread 0x7ffff7cbc880 (LWP 3329465) "cj_gc_forwardin"):
#0  MapleRuntime::ZBarrier::Mark<false, false, true, false> (addr=(unknown: 0x40000c00000)) at ../../../runtime/src/Heap/z/zBarrier.cpp:359
#1  0x00007ffff7f03644 in MapleRuntime::ZUncoloredRoot::mark_object (addr=(unknown: 0x40000c00000)) at ../../../runtime/src/Heap/z/zUncoloredRoot.inline.hpp:37
#2  MapleRuntime::ZUncoloredRoot::barrier<void (*)(MapleRuntime::zaddress)> (p=0x555555612ef0, color=<optimized out>, function=<optimized out>) at ../../../runtime/src/Heap/z/zUncoloredRoot.inline.hpp:22
#3  MapleRuntime::ZUncoloredRoot::mark (p=0x555555612ef0, color=<optimized out>) at ../../../runtime/src/Heap/z/zUncoloredRoot.inline.hpp:57
#4  MapleRuntime::PushHeapRoot (root=..., young=<optimized out>, color=<optimized out>, follow=<optimized out>) at ../../../runtime/src/Mutator/Mutator.cpp:788
#5  0x00007ffff7f02052 in std::function<void (MapleRuntime::RootSlot&)>::operator()(MapleRuntime::RootSlot&) const (this=0x7fffffffcda8, __args=...) at /usr/bin/../lib/gcc/x86_64-linux-gnu/11/../../../../include/c++/11/bits/std_function.h:590
#6  MapleRuntime::Mutator::VisitHeapRootSlots(MapleRuntime::RootSlot&, std::function<void (MapleRuntime::RootSlot&)> const&) (this=0x555555612020, root=..., visitor=...) at ../../../runtime/src/Mutator/Mutator.cpp:734
#7  0x00007ffff7f03460 in MapleRuntime::Mutator::GcPhaseEnum(bool, unsigned long, bool, unsigned long*)::$_5::operator()(MapleRuntime::RootSlot&) const (this=<optimized out>, root=...) at ../../../runtime/src/Mutator/Mutator.cpp:841
#8  std::__invoke_impl<void, MapleRuntime::Mutator::GcPhaseEnum(bool, unsigned long, bool, unsigned long*)::$_5&, MapleRuntime::RootSlot&>(std::__invoke_other, MapleRuntime::Mutator::GcPhaseEnum(bool, unsigned long, bool, unsigned long*)::$_5&, MapleRuntime::RootSlot&) (__f=..., __args=...) at /usr/bin/../lib/gcc/x86_64-linux-gnu/11/../../../../include/c++/11/bits/invoke.h:61
#9  std::__invoke_r<void, MapleRuntime::Mutator::GcPhaseEnum(bool, unsigned long, bool, unsigned long*)::$_5&, MapleRuntime::RootSlot&>(MapleRuntime::Mutator::GcPhaseEnum(bool, unsigned long, bool, unsigned long*)::$_5&, MapleRuntime::RootSlot&) (__fn=..., __args=...) at /usr/bin/../lib/gcc/x86_64-linux-gnu/11/../../../../include/c++/11/bits/invoke.h:154
