[Thread debugging using libthread_db enabled]
Using host libthread_db library "/lib/x86_64-linux-gnu/libthread_db.so.1".
[  RUN   ] RawRemapYoungProduct.MajorWatermarkConsumesYoungTable
[Attaching after Thread 0x7ffff7cbc880 (LWP 3410590) fork to child process 3410604]
[New inferior 2 (process 3410604)]
[Detaching after fork from parent process 3410590]
[Inferior 1 (process 3410590) detached]
[Thread debugging using libthread_db enabled]
Using host libthread_db library "/lib/x86_64-linux-gnu/libthread_db.so.1".
[New Thread 0x7ffff75ff640 (LWP 3410605)]
[New Thread 0x7ffff6dfe640 (LWP 3410606)]
[New Thread 0x7ffff65fd640 (LWP 3410607)]
[New Thread 0x7ffff5dfc640 (LWP 3410608)]
[New Thread 0x7ffff55fb640 (LWP 3410609)]
[New Thread 0x7ffff4477640 (LWP 3410610)]
[New Thread 0x7ffff4376640 (LWP 3410611)]
[New Thread 0x7ffff4275640 (LWP 3410612)]
[New Thread 0x7ffff4174640 (LWP 3410613)]

Thread 2.1 "cj_gc_forwardin" received signal SIGSEGV, Segmentation fault.
[Switching to Thread 0x7ffff7cbc880 (LWP 3410604)]
MapleRuntime::ZBarrier::Mark<false, false, true, false> (addr=(unknown: 0x40000c00000)) at ../../../runtime/src/Heap/z/zBarrier.cpp:359
359	../../../runtime/src/Heap/z/zBarrier.cpp: 没有那个文件或目录.
#0  MapleRuntime::ZBarrier::Mark<false, false, true, false> (addr=(unknown: 0x40000c00000)) at ../../../runtime/src/Heap/z/zBarrier.cpp:359
#1  0x00007ffff7f03644 in MapleRuntime::ZUncoloredRoot::mark_object (addr=(unknown: 0x40000c00000)) at ../../../runtime/src/Heap/z/zUncoloredRoot.inline.hpp:37
#2  MapleRuntime::ZUncoloredRoot::barrier<void (*)(MapleRuntime::zaddress)> (p=0x555555612ef0, color=<optimized out>, function=<optimized out>) at ../../../runtime/src/Heap/z/zUncoloredRoot.inline.hpp:22
#3  MapleRuntime::ZUncoloredRoot::mark (p=0x555555612ef0, color=<optimized out>) at ../../../runtime/src/Heap/z/zUncoloredRoot.inline.hpp:57
#4  MapleRuntime::PushHeapRoot (root=..., young=<optimized out>, color=<optimized out>, follow=<optimized out>) at ../../../runtime/src/Mutator/Mutator.cpp:788
#5  0x00007ffff7f02052 in std::function<void (MapleRuntime::RootSlot&)>::operator()(MapleRuntime::RootSlot&) const (this=0x7fffffffcda8, __args=...) at /usr/bin/../lib/gcc/x86_64-linux-gnu/11/../../../../include/c++/11/bits/std_function.h:590
#6  MapleRuntime::Mutator::VisitHeapRootSlots(MapleRuntime::RootSlot&, std::function<void (MapleRuntime::RootSlot&)> const&) (this=0x555555612020, root=..., visitor=...) at ../../../runtime/src/Mutator/Mutator.cpp:734
#7  0x00007ffff7f03460 in MapleRuntime::Mutator::GcPhaseEnum(bool, unsigned long, bool, unsigned long*)::$_5::operator()(MapleRuntime::RootSlot&) const (this=<optimized out>, root=...) at ../../../runtime/src/Mutator/Mutator.cpp:841
#8  std::__invoke_impl<void, MapleRuntime::Mutator::GcPhaseEnum(bool, unsigned long, bool, unsigned long*)::$_5&, MapleRuntime::RootSlot&>(std::__invoke_other, MapleRuntime::Mutator::GcPhaseEnum(bool, unsigned long, bool, unsigned long*)::$_5&, MapleRuntime::RootSlot&) (__f=..., __args=...) at /usr/bin/../lib/gcc/x86_64-linux-gnu/11/../../../../include/c++/11/bits/invoke.h:61
#9  std::__invoke_r<void, MapleRuntime::Mutator::GcPhaseEnum(bool, unsigned long, bool, unsigned long*)::$_5&, MapleRuntime::RootSlot&>(MapleRuntime::Mutator::GcPhaseEnum(bool, unsigned long, bool, unsigned long*)::$_5&, MapleRuntime::RootSlot&) (__fn=..., __args=...) at /usr/bin/../lib/gcc/x86_64-linux-gnu/11/../../../../include/c++/11/bits/invoke.h:154
#10 std::_Function_handler<void (MapleRuntime::RootSlot&), MapleRuntime::Mutator::GcPhaseEnum(bool, unsigned long, bool, unsigned long*)::$_5>::_M_invoke(std::_Any_data const&, MapleRuntime::RootSlot&) (__functor=..., __args=...) at /usr/bin/../lib/gcc/x86_64-linux-gnu/11/../../../../include/c++/11/bits/std_function.h:290
#11 0x00007ffff7f013a1 in std::function<void (MapleRuntime::RootSlot&)>::operator()(MapleRuntime::RootSlot&) const (this=0x7fffffffd0a0, __args=...) at /usr/bin/../lib/gcc/x86_64-linux-gnu/11/../../../../include/c++/11/bits/std_function.h:590
#12 MapleRuntime::Mutator::VisitNativeFrameRoots(std::function<void (MapleRuntime::RootSlot&)> const&) (this=<optimized out>, func=...) at ../../../runtime/src/Mutator/Mutator.cpp:326
#13 0x00007ffff7f1d72e in MapleRuntime::StackWatermark::process_head(MapleRuntime::Mutator&, void*, std::function<void (MapleRuntime::RootSlot&)> const&, std::function<void (MapleRuntime::RootSlot&)> const&) (mutator=..., visitor=..., this=<optimized out>, context=<optimized out>, invisibleRootVisitor=...) at ../../../runtime/src/Heap/z/zStackWatermark.cpp:78
#14 MapleRuntime::StackWatermark::start_processing_impl(MapleRuntime::Mutator&, void*, unsigned long, unsigned long, std::function<void (MapleRuntime::RootSlot&)> const&, std::function<void (MapleRuntime::RootSlot&)> const&) (this=this@entry=0x555555612260, mutator=..., context=<optimized out>, epoch=epoch@entry=9488, totalFrames=totalFrames@entry=0, visitor=..., invisibleRootVisitor=...) at ../../../runtime/src/Heap/z/zStackWatermark.cpp:98
#15 0x00007ffff7f1d94c in MapleRuntime::StackWatermarkSet::finish_processing(MapleRuntime::Mutator&, std::function<void (MapleRuntime::RootSlot&)> const&, std::function<void (MapleRuntime::RootSlot&)> const&, unsigned long, std::function<void (MapleRuntime::zaddress_unsafe, MapleRuntime::DerivedSlot&)> const*, unsigned long&, void*) (mutator=..., visitor=..., invisibleRootVisitor=..., epoch=9488, derivedPtrVisitor=0x7fffffffd060, scannedFrames=@0x7fffffffd058: 0, context=0x0) at ../../../runtime/src/Heap/z/zStackWatermark.cpp:134
#16 0x00007ffff7f0248f in MapleRuntime::Mutator::GcPhaseEnum (this=0x555555612020, young=false, stackScanEpoch=9488, bySelf=<optimized out>, scannedFrames=0x0) at ../../../runtime/src/Mutator/Mutator.cpp:855
#17 0x00007ffff7ee2188 in MapleRuntime::ZGenerationOld::concurrent_mark()::$_6::operator()(MapleRuntime::Mutator&) const (this=0x7fffffffd210, mutator=...) at ../../../runtime/src/Heap/z/zGeneration.cpp:1096
#18 std::__invoke_impl<void, MapleRuntime::ZGenerationOld::concurrent_mark()::$_6&, MapleRuntime::Mutator&>(std::__invoke_other, MapleRuntime::ZGenerationOld::concurrent_mark()::$_6&, MapleRuntime::Mutator&) (__f=..., __args=...) at /usr/bin/../lib/gcc/x86_64-linux-gnu/11/../../../../include/c++/11/bits/invoke.h:61
#19 std::__invoke_r<void, MapleRuntime::ZGenerationOld::concurrent_mark()::$_6&, MapleRuntime::Mutator&>(MapleRuntime::ZGenerationOld::concurrent_mark()::$_6&, MapleRuntime::Mutator&) (__fn=..., __args=...) at /usr/bin/../lib/gcc/x86_64-linux-gnu/11/../../../../include/c++/11/bits/invoke.h:154
#20 std::_Function_handler<void (MapleRuntime::Mutator&), MapleRuntime::ZGenerationOld::concurrent_mark()::$_6>::_M_invoke(std::_Any_data const&, MapleRuntime::Mutator&) (__functor=..., __args=...) at /usr/bin/../lib/gcc/x86_64-linux-gnu/11/../../../../include/c++/11/bits/std_function.h:290
#21 0x00007ffff7f0722c in std::function<void (MapleRuntime::Mutator&)>::operator()(MapleRuntime::Mutator&) const (this=0x7ffff7fb2570 <MapleRuntime::ZCollectedHeap::heap()::collected+840>, __args=...) at /usr/bin/../lib/gcc/x86_64-linux-gnu/11/../../../../include/c++/11/bits/std_function.h:590
#22 MapleRuntime::MutatorManager::VisitAllMutators(std::function<void (MapleRuntime::Mutator&)>)::$_0::operator()(MapleRuntime::Mutator&) const (this=0x7fffffffd170, mutator=...) at ../../../runtime/src/Mutator/MutatorManager.cpp:309
#23 std::__invoke_impl<void, MapleRuntime::MutatorManager::VisitAllMutators(std::function<void (MapleRuntime::Mutator&)>)::$_0&, MapleRuntime::Mutator&>(std::__invoke_other, MapleRuntime::MutatorManager::VisitAllMutators(std::function<void (MapleRuntime::Mutator&)>)::$_0&, MapleRuntime::Mutator&) (__f=..., __args=...) at /usr/bin/../lib/gcc/x86_64-linux-gnu/11/../../../../include/c++/11/bits/invoke.h:61
#24 std::__invoke_r<void, MapleRuntime::MutatorManager::VisitAllMutators(std::function<void (MapleRuntime::Mutator&)>)::$_0&, MapleRuntime::Mutator&>(MapleRuntime::MutatorManager::VisitAllMutators(std::function<void (MapleRuntime::Mutator&)>)::$_0&, MapleRuntime::Mutator&) (__fn=..., __args=...) at /usr/bin/../lib/gcc/x86_64-linux-gnu/11/../../../../include/c++/11/bits/invoke.h:154
#25 std::_Function_handler<void (MapleRuntime::Mutator&), MapleRuntime::MutatorManager::VisitAllMutators(std::function<void (MapleRuntime::Mutator&)>)::$_0>::_M_invoke(std::_Any_data const&, MapleRuntime::Mutator&) (__functor=..., __args=...) at /usr/bin/../lib/gcc/x86_64-linux-gnu/11/../../../../include/c++/11/bits/std_function.h:290
#26 0x00007ffff7f05776 in std::function<void (MapleRuntime::Mutator&)>::operator()(MapleRuntime::Mutator&) const (this=0x7fffffffd170, __args=...) at /usr/bin/../lib/gcc/x86_64-linux-gnu/11/../../../../include/c++/11/bits/std_function.h:590
#27 MapleRuntime::MutatorManager::VisitAllMutators(std::function<void (MapleRuntime::Mutator&)>) (this=<optimized out>, func=...) at ../../../runtime/src/Mutator/MutatorManager.cpp:317
#28 0x00007ffff7ee014e in MapleRuntime::ZGenerationOld::concurrent_mark (this=this@entry=0x7ffff7fb2b88 <MapleRuntime::ZCollectedHeap::heap()::collected+2400>) at ../../../runtime/src/Heap/z/zGeneration.cpp:1094
#29 0x00007ffff7edff06 in MapleRuntime::ZGenerationOld::collect (this=0x7ffff7fb2b88 <MapleRuntime::ZCollectedHeap::heap()::collected+2400>) at ../../../runtime/src/Heap/z/zGeneration.cpp:1049
#30 0x00007ffff7ecb1aa in MapleRuntime::ZDriver::RunGarbageCollection (gcIndex=1, reason=MapleRuntime::GC_REASON_USER) at ../../../runtime/src/Heap/z/zDriver.cpp:280
#31 0x000055555555f24d in RunMajorRawRemap (promoted=false, managed=false, oldPending=false, fallback=false, nestedKind=0) at sym_cangjie_runtime_627_implement_r5747848521/testable/runtime/tests/gc_unit/clear_entries_product_unit.cpp:1361
RAW_REMAP_OUTCOME_ASSERT promoted=0 managed=0 old=0 status=9 completed=0
rip            0x7ffff7eba043      0x7ffff7eba043 <MapleRuntime::ZBarrier::Mark<false, false, true, false>(MapleRuntime::zaddress)+115>
rax            0x0                 0
rdi            0x7ffff7fb2570      140737353819504
[  FAIL  ] RawRemapYoungProduct.MajorWatermarkConsumesYoungTable
  sym_cangjie_runtime_627_implement_r5747848521/testable/runtime/tests/gc_unit/clear_entries_product_unit.cpp:1395: EXPECT failed: completed
