# kkk2_diff cand=18e25f469bc210d296ea3d3b1d901272fa8f453a base=0189f2e0151506709f4ea9f2100956402f5c0e28 2026-09-20T19:28:02+08:00
# pinned runner sha256=458eb18d058a23f6cb21bad108242776593be387a077847f7285a698558c8316 path=kkk2:/root/diff_harness_708/458eb18d058a/kkk2_managed.sh
# diff_0189f2e01515: 命中缓存
# diff_18e25f469bc2: 构建两构型…
== default configure_rc=0 build_rc=0 wall=11s
== testable configure_rc=0 build_rc=0 wall=11s
# diff_18e25f469bc2: 三臂+managed 并行…
348M
default rc=1 filler rc=1 testable rc=1 
# DIFF 18e25f469bc2 vs 0189f2e01515

runner_sha256=458eb18d058a23f6cb21bad108242776593be387a077847f7285a698558c8316 path=kkk2:/root/diff_harness_708/458eb18d058a/kkk2_managed.sh
cand_runner_sha256=458eb18d058a23f6cb21bad108242776593be387a077847f7285a698558c8316 base_runner_sha256=458eb18d058a23f6cb21bad108242776593be387a077847f7285a698558c8316
CANGJIE_HOME=/root/sdkdepot/b99430a618af-1ecb811801ca
H48=/root/sym_cjcj_48_implement_r5685150408/host/runtime/lib/linux_x86_64_cjnative
stained=/root/diff_18e25f469bc2/default/build/runtime-staging/lib/x86_64_Release

## default: status=ran · cand rc=1 failed=1 · base rc=1 failed=1 · common=1 · CAND-ONLY=0 BASE-ONLY=0 · 阳性对照=identical sets
## filler: status=ran · cand rc=1 failed=1 · base rc=1 failed=1 · common=1 · CAND-ONLY=0 BASE-ONLY=0 · 阳性对照=identical sets
## testable: status=ran · cand rc=1 failed=4 · base rc=1 failed=8 · common=4 · CAND-ONLY=0 BASE-ONLY=4 · 阳性对照=sets differ
- base-only MarkPort203Entries.FinalizableArrayClosureAccountsWithoutStrongUpgrade
- base-only MarkPort203Entries.MajorExportCollectionConsumesArrayTails
- base-only MarkPort203Entries.MajorParallelCollectionConsumesArrayTails
- base-only MarkPort203Entries.MajorSerialCollectionConsumesArrayTails
## managed: status=ran · cand rc=0 failed=0 · base rc=0 failed=0 · common=0 · CAND-ONLY=0 BASE-ONLY=0 · 阳性对照=both empty
# 产物: /root/cj_build/reports/DIFF-18e25f469bc2-vs-0189f2e01515.{json,md}  原始名单: /root/cj_build/agent_scratch/diffout/18e25f469bc2-vs-0189f2e01515/{cand,base}.txt  kkk2: /root/diff_18e25f469bc2 /root/diff_0189f2e01515
