arm.rc
build
build-final-ohos.sh
build.log
build.rc
configure.log
configure.rc
run-uptime-after.txt
run-uptime-before.txt
run.log
run.rc
so.sha256
source
unit
uptime-after.txt
uptime-before.txt
wall.txt
0
0
1
266:/root/sym_cangjie_runtime_627_implement_r5747848521-final-ohos/source/runtime/tests/gc_unit/root_publication_snapshot.hpp:31:32: error: 'head' is a private member of 'MapleRuntime::MarkStripeStackList'
273:/root/sym_cangjie_runtime_627_implement_r5747848521-final-ohos/source/runtime/tests/gc_unit/root_publication_snapshot.hpp:33:52: error: 'entries' is a private member of 'MapleRuntime::MarkStripeStack'
280:/root/sym_cangjie_runtime_627_implement_r5747848521-final-ohos/source/runtime/tests/gc_unit/root_publication_snapshot.hpp:34:43: error: 'top' is a private member of 'MapleRuntime::MarkStripeStack'
287:/root/sym_cangjie_runtime_627_implement_r5747848521-final-ohos/source/runtime/tests/gc_unit/root_publication_snapshot.hpp:46:30: error: 'published' is a private member of 'MapleRuntime::MarkStripe'
294:/root/sym_cangjie_runtime_627_implement_r5747848521-final-ohos/source/runtime/tests/gc_unit/root_publication_snapshot.hpp:47:30: error: 'overflowed' is a private member of 'MapleRuntime::MarkStripe'
300:/root/sym_cangjie_runtime_627_implement_r5747848521-final-ohos/source/runtime/tests/gc_unit/ohos_host/ohos_cycle_unit.cpp:28:69: error: 'cycleWorkStackMtx' is a private member of 'MapleRuntime::ZCrossVM'
306:/root/sym_cangjie_runtime_627_implement_r5747848521-final-ohos/source/runtime/tests/gc_unit/ohos_host/ohos_cycle_unit.cpp:29:36: error: 'cycleRefWorkStack' is a private member of 'MapleRuntime::ZCrossVM'
315:/root/sym_cangjie_runtime_627_implement_r5747848521-final-ohos/source/runtime/tests/gc_unit/ohos_host/ohos_cycle_unit.cpp:35:69: error: 'cycleWorkStackMtx' is a private member of 'MapleRuntime::ZCrossVM'
321:/root/sym_cangjie_runtime_627_implement_r5747848521-final-ohos/source/runtime/tests/gc_unit/ohos_host/ohos_cycle_unit.cpp:36:36: error: 'cycleRefWorkStack' is a private member of 'MapleRuntime::ZCrossVM'
