# kkk2_build_two lane=sym_cangjie_runtime_700_implement_r5723534433-owner-mark2 head=f49bd78712f5cd31043a1456f85292050f3bc8ce dirty_files=35 source_sha256=e7a918ad42641838…
== default configure_rc=1 build_rc=NOT_RUN wall=4s
-- first errors (default):
default-configure.log:414:/root/sym_cangjie_runtime_700_implement_r5723534433-owner-mark2/default/runtime/src/CJThread/../../src/CjScheduler.h:12:10: fatal error: 'sema.h' file not found
default-configure.log:430:/root/sym_cangjie_runtime_700_implement_r5723534433-owner-mark2/default/runtime/src/CJThread/../../src/CjScheduler.h:12:10: fatal error: 'sema.h' file not found
default-configure.log:445:/root/sym_cangjie_runtime_700_implement_r5723534433-owner-mark2/default/runtime/src/CJThread/../../src/CjScheduler.h:12:10: fatal error: 'sema.h' file not found
default-configure.log:460:/root/sym_cangjie_runtime_700_implement_r5723534433-owner-mark2/default/runtime/src/CJThread/../../src/CjScheduler.h:12:10: fatal error: 'sema.h' file not found
default-configure.log:475:/root/sym_cangjie_runtime_700_implement_r5723534433-owner-mark2/default/runtime/src/CJThread/../../src/CjScheduler.h:12:10: fatal error: 'sema.h' file not found
default-configure.log:526:/root/sym_cangjie_runtime_700_implement_r5723534433-owner-mark2/default/runtime/src/CJThread/../../src/CjScheduler.h:12:10: fatal error: 'sema.h' file not found
default-configure.log:545:/root/sym_cangjie_runtime_700_implement_r5723534433-owner-mark2/default/runtime/src/CJThread/../../src/CjScheduler.h:12:10: fatal error: 'sema.h' file not found
-- SO (default):
== testable configure_rc=1 build_rc=NOT_RUN wall=3s
-- first errors (testable):
testable-configure.log:450:/root/sym_cangjie_runtime_700_implement_r5723534433-owner-mark2/testable/runtime/src/CJThread/../../src/CjScheduler.h:12:10: fatal error: 'sema.h' file not found
testable-configure.log:465:/root/sym_cangjie_runtime_700_implement_r5723534433-owner-mark2/testable/runtime/src/CJThread/../../src/CjScheduler.h:12:10: fatal error: 'sema.h' file not found
testable-configure.log:480:/root/sym_cangjie_runtime_700_implement_r5723534433-owner-mark2/testable/runtime/src/CJThread/../../src/CjScheduler.h:12:10: fatal error: 'sema.h' file not found
testable-configure.log:495:/root/sym_cangjie_runtime_700_implement_r5723534433-owner-mark2/testable/runtime/src/CJThread/../../src/CjScheduler.h:12:10: fatal error: 'sema.h' file not found
testable-configure.log:511:/root/sym_cangjie_runtime_700_implement_r5723534433-owner-mark2/testable/runtime/src/CJThread/../../src/CjScheduler.h:12:10: fatal error: 'sema.h' file not found
testable-configure.log:526:/root/sym_cangjie_runtime_700_implement_r5723534433-owner-mark2/testable/runtime/src/CJThread/../../src/CjScheduler.h:12:10: fatal error: 'sema.h' file not found
testable-configure.log:541:/root/sym_cangjie_runtime_700_implement_r5723534433-owner-mark2/testable/runtime/src/CJThread/../../src/CjScheduler.h:12:10: fatal error: 'sema.h' file not found
-- SO (testable):
-- logs: /root/sym_cangjie_runtime_700_implement_r5723534433-owner-mark2/{default,testable}-{configure,build}.log
