# kkk2_build_two lane=sym_cangjie_runtime_700_implement_r5723534433-owner-crossvm2 head=f49bd78712f5cd31043a1456f85292050f3bc8ce dirty_files=42 source_sha256=d7daf80ff1ca1650…
== default configure_rc=0 build_rc=2 wall=22s
-- first errors (default):
default-build.log:7805:/usr/src/cangjie-runtime/build/src/Heap/../../../runtime/src/Heap/z/zCrossVM.cpp:289: undefined reference to `MapleRuntime::gMinorRootOrigin'
default-build.log:7806:/usr/bin/ld: /usr/src/cangjie-runtime/build/src/Heap/../../../runtime/src/Heap/z/zCrossVM.cpp:293: undefined reference to `MapleRuntime::gMinorRootOrigin'
default-build.log:7807:/usr/bin/ld: /usr/src/cangjie-runtime/build/src/Heap/../../../runtime/src/Heap/z/zCrossVM.cpp:300: undefined reference to `MapleRuntime::gMinorRootOrigin'
default-build.log:7808:/usr/bin/ld: /usr/src/cangjie-runtime/build/src/Heap/../../../runtime/src/Heap/z/zCrossVM.cpp:307: undefined reference to `MapleRuntime::gMinorRootOrigin'
default-build.log:7810:/usr/src/cangjie-runtime/build/src/Heap/../../../runtime/src/Heap/z/zCrossVM.cpp:336: undefined reference to `void MapleRuntime::ZGeneration::MarkObjectIfActive<false, true, true, false>(MapleRunti
default-build.log:7811:clang: error: linker command failed with exit code 1 (use -v to see invocation)
-- SO (default):
5e25ea529f9a963956fe0c814058b4ddd5ab741bd39693b0ae73e406ffaab2b5  build/runtime-staging/lib/x86_64_Release/libcangjie-trace.so
f18a1393f84d56a455c71c0c28bf1752c1778af06c0648c1b7cffa91c585c883  build/runtime-staging/lib/x86_64_Release/libboundscheck.so
== testable configure_rc=0 build_rc=2 wall=22s
-- first errors (testable):
testable-build.log:7801:/usr/src/cangjie-runtime/build/src/Heap/../../../runtime/src/Heap/z/zCrossVM.cpp:289: undefined reference to `MapleRuntime::gMinorRootOrigin'
testable-build.log:7802:/usr/bin/ld: /usr/src/cangjie-runtime/build/src/Heap/../../../runtime/src/Heap/z/zCrossVM.cpp:293: undefined reference to `MapleRuntime::gMinorRootOrigin'
testable-build.log:7803:/usr/bin/ld: /usr/src/cangjie-runtime/build/src/Heap/../../../runtime/src/Heap/z/zCrossVM.cpp:300: undefined reference to `MapleRuntime::gMinorRootOrigin'
testable-build.log:7804:/usr/bin/ld: /usr/src/cangjie-runtime/build/src/Heap/../../../runtime/src/Heap/z/zCrossVM.cpp:307: undefined reference to `MapleRuntime::gMinorRootOrigin'
testable-build.log:7805:clang: error: linker command failed with exit code 1 (use -v to see invocation)
-- SO (testable):
5e25ea529f9a963956fe0c814058b4ddd5ab741bd39693b0ae73e406ffaab2b5  build/runtime-staging/lib/x86_64_Release/libcangjie-trace.so
f18a1393f84d56a455c71c0c28bf1752c1778af06c0648c1b7cffa91c585c883  build/runtime-staging/lib/x86_64_Release/libboundscheck.so
-- logs: /root/sym_cangjie_runtime_700_implement_r5723534433-owner-crossvm2/{default,testable}-{configure,build}.log
