# kkk2_build_two lane=sym_cangjie_runtime_700_implement_r5723534433-no-collector2 head=379aae5a86ca54c690134fa9fabcdfad91aa21ec dirty_files=57 source_sha256=701b1892849f2d5c…
== default configure_rc=0 build_rc=2 wall=12s
-- first errors (default):
default-build.log:7719:/usr/src/cangjie-runtime/build/src/Heap/../../../runtime/src/Heap/z/zGeneration.cpp:1273: undefined reference to `MapleRuntime::ResetSkippedStackMapCounts()'
default-build.log:7721:/usr/src/cangjie-runtime/build/src/Heap/../../../runtime/src/Heap/z/zGeneration.cpp:1457: undefined reference to `MapleRuntime::ReportSkippedStackMapCounts()'
default-build.log:7723:/usr/src/cangjie-runtime/build/src/UnwindStack/../../../runtime/src/UnwindStack/StackFrameCursor.cpp:164: undefined reference to `MapleRuntime::RecordRootMapMiss(MapleRuntime::StackMapInvalidReason
default-build.log:7724:clang: error: linker command failed with exit code 1 (use -v to see invocation)
-- SO (default):
5e25ea529f9a963956fe0c814058b4ddd5ab741bd39693b0ae73e406ffaab2b5  build/runtime-staging/lib/x86_64_Release/libcangjie-trace.so
f18a1393f84d56a455c71c0c28bf1752c1778af06c0648c1b7cffa91c585c883  build/runtime-staging/lib/x86_64_Release/libboundscheck.so
== testable configure_rc=0 build_rc=2 wall=12s
-- first errors (testable):
testable-build.log:7705:/usr/src/cangjie-runtime/build/src/Heap/../../../runtime/src/Heap/z/zGeneration.cpp:1273: undefined reference to `MapleRuntime::ResetSkippedStackMapCounts()'
testable-build.log:7707:/usr/src/cangjie-runtime/build/src/Heap/../../../runtime/src/Heap/z/zGeneration.cpp:1457: undefined reference to `MapleRuntime::ReportSkippedStackMapCounts()'
testable-build.log:7709:/usr/src/cangjie-runtime/build/src/UnwindStack/../../../runtime/src/UnwindStack/StackFrameCursor.cpp:164: undefined reference to `MapleRuntime::RecordRootMapMiss(MapleRuntime::StackMapInvalidReaso
testable-build.log:7710:clang: error: linker command failed with exit code 1 (use -v to see invocation)
-- SO (testable):
5e25ea529f9a963956fe0c814058b4ddd5ab741bd39693b0ae73e406ffaab2b5  build/runtime-staging/lib/x86_64_Release/libcangjie-trace.so
f18a1393f84d56a455c71c0c28bf1752c1778af06c0648c1b7cffa91c585c883  build/runtime-staging/lib/x86_64_Release/libboundscheck.so
-- logs: /root/sym_cangjie_runtime_700_implement_r5723534433-no-collector2/{default,testable}-{configure,build}.log
