# kkk2_diff cand=b3d29c1e9b01a83eed4507744de844b952cb2bdc base=8da2396b88608f0ab3ddbc65ddf7b05a414abc0c 2026-09-18T21:58:01+08:00
# diff_8da2396b8860: 命中缓存
# diff_b3d29c1e9b01: 构建两构型…
== default configure_rc=0 build_rc=0 wall=11s
== testable configure_rc=0 build_rc=0 wall=11s
# diff_b3d29c1e9b01: 三臂并行…
77M
default rc=1 filler rc=1 testable rc=1 
# DIFF b3d29c1e9b01 vs 8da2396b8860

## default: status=ran · cand rc=1 failed=90 · base rc=1 failed=73 · common=71 · CAND-ONLY=19 BASE-ONLY=2 · 阳性对照=sets differ
- CAND-ONLY StoreBarrierBuffer.DetachPublishesBothGenerationsWithoutAllocator
- CAND-ONLY StoreBuf.AddConsumesPreviousPhaseBeforeCurrentEntry
- CAND-ONLY StoreBuf.CompilerStoreGoodOverwriteSkipsMarkAndBuffer
- CAND-ONLY StoreBuf.EntryCarriesPairedPrevAndInstallColour
- CAND-ONLY StoreBuf.FlushBeforeMinorDoesNotLoseEdges
- CAND-ONLY StoreBuf.FlushBeforeRelocateSnapshotPublishesPending
- CAND-ONLY StoreBuf.GcAssistedPhaseFlushDefersStoreBuffer
- CAND-ONLY StoreBuf.MarkEndSnapshotLeavesCurrentForNextMinor
- CAND-ONLY StoreBuf.NonNullPrevPublishesMarkBeforeRememberingSlot
- CAND-ONLY StoreBuf.NullAndPreMarkPreviousAreNormalSkips
- CAND-ONLY StoreBuf.NullPrevOnlyRemembersSlot
- CAND-ONLY StoreBuf.PendingEntryFromOldEpochIsRejectedAfterOldMarkFlip
- CAND-ONLY StoreBuf.PendingOldMarkEntrySurvivesYoungMarkFlip
- CAND-ONLY StoreBuf.ProductNonHeapHolderBypassesPendingRelocationEntry
- CAND-ONLY StoreBuf.ProductNullHolderBypassesPendingRelocationEntry
- CAND-ONLY StoreBuf.ResolvedInvalidPreviousIsClassifiedAndCleared
- CAND-ONLY StoreBuf.ThreadExitFlushRedeems
- CAND-ONLY StoreBuf.UnflushedPendingInvisibleToDrain
- CAND-ONLY StoreBuf.YoungHolderRetiresPrevWithoutRememberingSlot
- base-only RelocateWorkers.ProductParallelEntryRegistersWorkersAndClosesGeneration
- base-only RelocateWorkers.ProductSerialEntryRegistersWorkerAndClosesGeneration
## filler: status=ran · cand rc=1 failed=90 · base rc=1 failed=73 · common=71 · CAND-ONLY=19 BASE-ONLY=2 · 阳性对照=sets differ
- CAND-ONLY StoreBarrierBuffer.DetachPublishesBothGenerationsWithoutAllocator
- CAND-ONLY StoreBuf.AddConsumesPreviousPhaseBeforeCurrentEntry
- CAND-ONLY StoreBuf.CompilerStoreGoodOverwriteSkipsMarkAndBuffer
- CAND-ONLY StoreBuf.EntryCarriesPairedPrevAndInstallColour
- CAND-ONLY StoreBuf.FlushBeforeMinorDoesNotLoseEdges
- CAND-ONLY StoreBuf.FlushBeforeRelocateSnapshotPublishesPending
- CAND-ONLY StoreBuf.GcAssistedPhaseFlushDefersStoreBuffer
- CAND-ONLY StoreBuf.MarkEndSnapshotLeavesCurrentForNextMinor
- CAND-ONLY StoreBuf.NonNullPrevPublishesMarkBeforeRememberingSlot
- CAND-ONLY StoreBuf.NullAndPreMarkPreviousAreNormalSkips
- CAND-ONLY StoreBuf.NullPrevOnlyRemembersSlot
- CAND-ONLY StoreBuf.PendingEntryFromOldEpochIsRejectedAfterOldMarkFlip
- CAND-ONLY StoreBuf.PendingOldMarkEntrySurvivesYoungMarkFlip
- CAND-ONLY StoreBuf.ProductNonHeapHolderBypassesPendingRelocationEntry
- CAND-ONLY StoreBuf.ProductNullHolderBypassesPendingRelocationEntry
# 产物: /root/cj_build/reports/DIFF-b3d29c1e9b01-vs-8da2396b8860.{json,md}  原始名单: /root/cj_build/agent_scratch/diffout/b3d29c1e9b01-vs-8da2396b8860/{cand,base}.txt  kkk2: /root/diff_b3d29c1e9b01 /root/diff_8da2396b8860
