# kkk2_diff cand=f49bd78712f5cd31043a1456f85292050f3bc8ce base=8da2396b88608f0ab3ddbc65ddf7b05a414abc0c 2026-09-18T21:24:26+08:00
# diff_8da2396b8860: 命中缓存
# diff_f49bd78712f5: 构建两构型…
== default configure_rc=0 build_rc=0 wall=11s
== testable configure_rc=0 build_rc=0 wall=11s
# diff_f49bd78712f5: 三臂并行…
78M
default rc=1 filler rc=1 testable rc=1 
# DIFF f49bd78712f5 vs 8da2396b8860

## default: status=ran · cand rc=1 failed=61 · base rc=1 failed=73 · common=61 · CAND-ONLY=0 BASE-ONLY=12 · 阳性对照=sets differ
- base-only ForwardingNoGeometry.ForwardImplTryLockCopiesWithoutPrebuiltMapping
- base-only ForwardingPublicationProduct.BarrierResolvesForwardedFromThroughCollector
- base-only ForwardingPublicationProduct.CompactRegionDeadFromHasNoForwardingAndIsNotTlab
- base-only ForwardingPublicationProduct.CompactRequestReturnsReceiptBeforeFromClear
- base-only ForwardingPublicationProduct.CompactedWithoutFwdDoneWaitsInProductSO
- base-only ForwardingPublicationProduct.ForwardingIdentityWinnerSurvivesDoneAndRelease
- base-only ForwardingPublicationProduct.ForwardingMovedWinnerSurvivesDoneAndRelease
- base-only ForwardingPublicationProduct.PartialCompactSelfFallbackKeepsReceipt
- base-only ForwardingPublicationProduct.ResolveStoreValueSafeAddrAfterForwardingTableGone
- base-only LoadHealDeliveryProduct.DualCarrierProducerCapturesOldTopAndLivemap
- base-only RelocateWorkers.ProductParallelEntryRegistersWorkersAndClosesGeneration
- base-only RelocateWorkers.ProductSerialEntryRegistersWorkerAndClosesGeneration
## filler: status=ran · cand rc=1 failed=61 · base rc=1 failed=73 · common=61 · CAND-ONLY=0 BASE-ONLY=12 · 阳性对照=sets differ
- base-only ForwardingNoGeometry.ForwardImplTryLockCopiesWithoutPrebuiltMapping
- base-only ForwardingPublicationProduct.BarrierResolvesForwardedFromThroughCollector
- base-only ForwardingPublicationProduct.CompactRegionDeadFromHasNoForwardingAndIsNotTlab
- base-only ForwardingPublicationProduct.CompactRequestReturnsReceiptBeforeFromClear
- base-only ForwardingPublicationProduct.CompactedWithoutFwdDoneWaitsInProductSO
- base-only ForwardingPublicationProduct.ForwardingIdentityWinnerSurvivesDoneAndRelease
- base-only ForwardingPublicationProduct.ForwardingMovedWinnerSurvivesDoneAndRelease
- base-only ForwardingPublicationProduct.PartialCompactSelfFallbackKeepsReceipt
- base-only ForwardingPublicationProduct.ResolveStoreValueSafeAddrAfterForwardingTableGone
- base-only LoadHealDeliveryProduct.DualCarrierProducerCapturesOldTopAndLivemap
- base-only RelocateWorkers.ProductParallelEntryRegistersWorkersAndClosesGeneration
- base-only RelocateWorkers.ProductSerialEntryRegistersWorkerAndClosesGeneration
## testable: status=ran · cand rc=1 failed=128 · base rc=1 failed=141 · common=128 · CAND-ONLY=0 BASE-ONLY=13 · 阳性对照=sets differ
- base-only ForwardingNoGeometry.ForwardImplTryLockCopiesWithoutPrebuiltMapping
- base-only ForwardingPublicationProduct.BarrierResolvesForwardedFromThroughCollector
- base-only ForwardingPublicationProduct.CompactRegionDeadFromHasNoForwardingAndIsNotTlab
- base-only ForwardingPublicationProduct.CompactRequestReturnsReceiptBeforeFromClear
- base-only ForwardingPublicationProduct.CompactedWithoutFwdDoneWaitsInProductSO
- base-only ForwardingPublicationProduct.ForwardingIdentityWinnerSurvivesDoneAndRelease
- base-only ForwardingPublicationProduct.ForwardingMovedWinnerSurvivesDoneAndRelease
- base-only ForwardingPublicationProduct.PageWaitThenLookupReadsOriginalCompactReceipt
- base-only ForwardingPublicationProduct.PartialCompactSelfFallbackKeepsReceipt
- base-only ForwardingPublicationProduct.ResolveStoreValueSafeAddrAfterForwardingTableGone
- base-only LoadHealDeliveryProduct.DualCarrierProducerCapturesOldTopAndLivemap
# 产物: /root/cj_build/reports/DIFF-f49bd78712f5-vs-8da2396b8860.{json,md}  原始名单: /root/cj_build/agent_scratch/diffout/f49bd78712f5-vs-8da2396b8860/{cand,base}.txt  kkk2: /root/diff_f49bd78712f5 /root/diff_8da2396b8860
