# kkk2_diff cand=8fb6aae46c637b28f92e0c94c75fbd5a6b3f4621 base=8da2396b88608f0ab3ddbc65ddf7b05a414abc0c 2026-09-18T22:09:41+08:00
# diff_8da2396b8860: 命中缓存
# diff_8fb6aae46c63: 构建两构型…
== default configure_rc=0 build_rc=0 wall=11s
== testable configure_rc=0 build_rc=0 wall=11s
# diff_8fb6aae46c63: 三臂并行…
35M
default rc=123 filler rc=123 testable rc=1 
# DIFF 8fb6aae46c63 vs 8da2396b8860

⛔ 未跑/未完成的臂: [('default', 'BROKEN(cand_rc=123,base_rc=1)'), ('filler', 'BROKEN(cand_rc=123,base_rc=1)')] ⇒ 本 DIFF 对这些臂不可作为验收证据（0917 实撞：P09 testable 编译失败 rc=123 被读成 CAND-ONLY=0 放行）
## default: status=BROKEN(cand_rc=123,base_rc=1) · cand rc=123 failed=0 · base rc=1 failed=73 · common=0 · CAND-ONLY=0 BASE-ONLY=73 · 阳性对照=BROKEN（构建/运行未完成，failed=0 是假的，⛔ 不得据此宣称独红为 0）
- base-only BarrierOldAtomic.AllocBufferOverwriteRetiresOldValueControl
- base-only BarrierOldAtomic.NoAllocBufferOverwriteRetiresOldValue
- base-only BarrierOldAtomic.ReflectionStaticAggregateStoreRetiresNativeOldValue
- base-only FindToPublicState.QueryableMissIsObservable
- base-only ForwardingLookupWitness.ActiveHitIdentifiesPublisher
- base-only ForwardingLookupWitness.ActiveMissKeepsCandidateIdentity
- base-only ForwardingNoGeometry.ForwardImplTryLockCopiesWithoutPrebuiltMapping
- base-only ForwardingPublicationProduct.BarrierResolvesForwardedFromThroughCollector
- base-only ForwardingPublicationProduct.CompactRegionDeadFromHasNoForwardingAndIsNotTlab
- base-only ForwardingPublicationProduct.CompactRequestReturnsReceiptBeforeFromClear
- base-only ForwardingPublicationProduct.CompactedWithoutFwdDoneWaitsInProductSO
- base-only ForwardingPublicationProduct.CompletedForwardingMissRejectsOriginalAddress
- base-only ForwardingPublicationProduct.ExclusiveCopyPublishesProductReceipt
- base-only ForwardingPublicationProduct.ForwardUpdateRawRefFailClosedWhenUnresolved
- base-only ForwardingPublicationProduct.ForwardUpdateRawRefWritesBackMappedTo
- base-only ForwardingPublicationProduct.ForwardingIdentityWinnerSurvivesDoneAndRelease
- base-only ForwardingPublicationProduct.ForwardingMovedWinnerSurvivesDoneAndRelease
- base-only ForwardingPublicationProduct.MutatorRuntimeEntryReachesCopyAdmission
- base-only ForwardingPublicationProduct.PartialCompactFirstDestinationKeepsReceipt
- base-only ForwardingPublicationProduct.PartialCompactSelfFallbackKeepsReceipt
## filler: status=BROKEN(cand_rc=123,base_rc=1) · cand rc=123 failed=0 · base rc=1 failed=73 · common=0 · CAND-ONLY=0 BASE-ONLY=73 · 阳性对照=BROKEN（构建/运行未完成，failed=0 是假的，⛔ 不得据此宣称独红为 0）
- base-only BarrierOldAtomic.AllocBufferOverwriteRetiresOldValueControl
- base-only BarrierOldAtomic.NoAllocBufferOverwriteRetiresOldValue
- base-only BarrierOldAtomic.ReflectionStaticAggregateStoreRetiresNativeOldValue
- base-only FindToPublicState.QueryableMissIsObservable
- base-only ForwardingLookupWitness.ActiveHitIdentifiesPublisher
- base-only ForwardingLookupWitness.ActiveMissKeepsCandidateIdentity
- base-only ForwardingNoGeometry.ForwardImplTryLockCopiesWithoutPrebuiltMapping
- base-only ForwardingPublicationProduct.BarrierResolvesForwardedFromThroughCollector
- base-only ForwardingPublicationProduct.CompactRegionDeadFromHasNoForwardingAndIsNotTlab
- base-only ForwardingPublicationProduct.CompactRequestReturnsReceiptBeforeFromClear
- base-only ForwardingPublicationProduct.CompactedWithoutFwdDoneWaitsInProductSO
- base-only ForwardingPublicationProduct.CompletedForwardingMissRejectsOriginalAddress
- base-only ForwardingPublicationProduct.ExclusiveCopyPublishesProductReceipt
- base-only ForwardingPublicationProduct.ForwardUpdateRawRefFailClosedWhenUnresolved
- base-only ForwardingPublicationProduct.ForwardUpdateRawRefWritesBackMappedTo
# 产物: /root/cj_build/reports/DIFF-8fb6aae46c63-vs-8da2396b8860.{json,md}  原始名单: /root/cj_build/agent_scratch/diffout/8fb6aae46c63-vs-8da2396b8860/{cand,base}.txt  kkk2: /root/diff_8fb6aae46c63 /root/diff_8da2396b8860
