[  RUN   ] ForwardingPublicationProduct.BarrierResolvesForwardedFromThroughCollector
2026-09-02 02:43:16.498301 3192111 E [FWDTABLE] armed base=0x72dd61bca000 size=24576 unit=4096 entries=6
2026-09-02 02:43:16.498373 3192111 E [ENROLTIME] afterFlip=0 n=1 phase=1 before=1 after=0
2026-09-02 02:43:16.498396 3192111 E [FWDTABLE][cmp] why=dest-periodic total=0 agree=0 tableOnly=0 legacyOnly=0
2026-09-02 02:43:16.498399 3192111 E [FWDENT][dest] why=dest-periodic total=1 agree=0 disagree=0 pending=1
2026-09-02 02:43:16.498401 3192111 E [FWDENT][sole] why=dest-periodic armedHit=0 armedMiss=1 unarmed=0
2026-09-02 02:43:16.498410 3192111 E [FWDTABLE][reclaim] why=gc-unit-explicit-coverage freed=1 deferred=0 coverage_complete=1 retired_total=1 reclaimed_total=1
[  PASS  ] ForwardingPublicationProduct.BarrierResolvesForwardedFromThroughCollector
[  RUN   ] ForwardingPublicationProduct.MutatorRuntimeEntryReachesCopyAdmission
[GCV2][holewho] sample n=1 off=0 len=64 type=3 next_plausible=1 bucket=1 prev=? filler=1
2026-09-02 02:43:16.498440 3192111 E [ENROLTIME] afterFlip=1 n=1 phase=14 before=1 after=1
2026-09-02 02:43:16.498496 3192111 E [GCV2][mutrelo] attempt n=1 retain=0
2026-09-02 02:43:16.498508 3192111 E [FWDTABLE][reclaim] why=gc-unit-mutator-entry freed=1 deferred=0 coverage_complete=1 retired_total=2 reclaimed_total=2
[  PASS  ] ForwardingPublicationProduct.MutatorRuntimeEntryReachesCopyAdmission
[  RUN   ] ForwardingPublicationProduct.LateWaitBackfillCannotReopenSealedGeneration
2026-09-02 02:43:16.498517 3192111 E [ENROLTIME] afterFlip=0 n=2 phase=1 before=2 after=1
2026-09-02 02:43:16.498882 3192112 F Check failed: false
2026-09-02 02:43:16.498941 3192112 F WCollector::WaitRoutedTipReady.published-without-receipt
2026-09-02 02:43:16.499152 3192111 E [FWDTABLE][reclaim] why=gc-unit-explicit-coverage freed=1 deferred=0 coverage_complete=1 retired_total=3 reclaimed_total=3
[  PASS  ] ForwardingPublicationProduct.LateWaitBackfillCannotReopenSealedGeneration
[  RUN   ] ForwardingPublicationProduct.LateGetForwardPointerCannotReopenSealedGeneration
2026-09-02 02:43:16.499223 3192111 E [FWDTABLE][reclaim] why=gc-unit-explicit-coverage freed=1 deferred=0 coverage_complete=1 retired_total=4 reclaimed_total=4
[  PASS  ] ForwardingPublicationProduct.LateGetForwardPointerCannotReopenSealedGeneration
[  RUN   ] ForwardingPublicationProduct.LateFindToVersionCannotReopenSealedGeneration
2026-09-02 02:43:16.499231 3192111 E [ENROLTIME] afterFlip=0 n=4 phase=1 before=4 after=1
FINDTO_PRODUCT_SO=/root/sodepot/impl_gcunit3/r4-current-green/libcangjie-runtime.so
2026-09-02 02:43:16.499278 3192111 E [FWDTABLE][reclaim] why=gc-unit-explicit-coverage freed=1 deferred=0 coverage_complete=1 retired_total=5 reclaimed_total=5
[  PASS  ] ForwardingPublicationProduct.LateFindToVersionCannotReopenSealedGeneration
[  RUN   ] FindToPublicState.NotManagedIsObservable
[  RUN   ] FindToPublicState.NotManagedIsObservable
FINDTO_PRODUCT_SO=/root/sodepot/impl_gcunit3/r4-current-green/libcangjie-runtime.so
GC_UNIT_OTHER_VM_OKIDOKI FindToPublicState.NotManagedIsObservable
[GCV2][detach-check] phase=enforce site=collect_from_garbage checks=0 evidence=0 blocked=0 active_table=0 retired_table=0 route_dest_held=0 fwd_positive=0 fwd_readers=0 fwd_claimed=0 fwd_released=0 copy_inflight=0
[GCV2][detach-check] phase=enforce site=take_garbage checks=0 evidence=0 blocked=0 active_table=0 retired_table=0 route_dest_held=0 fwd_positive=0 fwd_readers=0 fwd_claimed=0 fwd_released=0 copy_inflight=0
[GCV2][detach-check] phase=enforce site=take_after_dispel checks=0 evidence=0 blocked=0 active_table=0 retired_table=0 route_dest_held=0 fwd_positive=0 fwd_readers=0 fwd_claimed=0 fwd_released=0 copy_inflight=0
[GCV2][detach-check] phase=enforce site=reclaim_dirty checks=0 evidence=0 blocked=0 active_table=0 retired_table=0 route_dest_held=0 fwd_positive=0 fwd_readers=0 fwd_claimed=0 fwd_released=0 copy_inflight=0
[GCV2][detach-check] phase=enforce site=reclaim_mark_quarantine checks=0 evidence=0 blocked=0 active_table=0 retired_table=0 route_dest_held=0 fwd_positive=0 fwd_readers=0 fwd_claimed=0 fwd_released=0 copy_inflight=0
[GCV2][detach-check] phase=enforce site=release_region checks=0 evidence=0 blocked=0 active_table=0 retired_table=0 route_dest_held=0 fwd_positive=0 fwd_readers=0 fwd_claimed=0 fwd_released=0 copy_inflight=0
[GCV2][detach-check] phase=enforce site=release_garbage_units checks=0 evidence=0 blocked=0 active_table=0 retired_table=0 route_dest_held=0 fwd_positive=0 fwd_readers=0 fwd_claimed=0 fwd_released=0 copy_inflight=0
[GCV2][detach-check] phase=enforce site=take_garbage_reuse checks=0 evidence=0 blocked=0 active_table=0 retired_table=0 route_dest_held=0 fwd_positive=0 fwd_readers=0 fwd_claimed=0 fwd_released=0 copy_inflight=0
[GCV2][detach-check] phase=enforce site=take_dirty_reuse checks=0 evidence=0 blocked=0 active_table=0 retired_table=0 route_dest_held=0 fwd_positive=0 fwd_readers=0 fwd_claimed=0 fwd_released=0 copy_inflight=0
[GCV2][detach-check] phase=enforce site=take_released_reuse checks=0 evidence=0 blocked=0 active_table=0 retired_table=0 route_dest_held=0 fwd_positive=0 fwd_readers=0 fwd_claimed=0 fwd_released=0 copy_inflight=0
[GCV2][detach-check] phase=enforce site=clear_units checks=0 evidence=0 blocked=0 active_table=0 retired_table=0 route_dest_held=0 fwd_positive=0 fwd_readers=0 fwd_claimed=0 fwd_released=0 copy_inflight=0
[GCV2][detach-check] phase=enforce site=release_units checks=0 evidence=0 blocked=0 active_table=0 retired_table=0 route_dest_held=0 fwd_positive=0 fwd_readers=0 fwd_claimed=0 fwd_released=0 copy_inflight=0
[GCV2][detach-check] phase=enforce site=init_free_units checks=0 evidence=0 blocked=0 active_table=0 retired_table=0 route_dest_held=0 fwd_positive=0 fwd_readers=0 fwd_claimed=0 fwd_released=0 copy_inflight=0
[GCV2][detach-check] phase=enforce site=init_region_info checks=0 evidence=0 blocked=0 active_table=0 retired_table=0 route_dest_held=0 fwd_positive=0 fwd_readers=0 fwd_claimed=0 fwd_released=0 copy_inflight=0
[GCV2][detach-check] phase=enforce site=major_recheck checks=0 evidence=0 blocked=0 active_table=0 retired_table=0 route_dest_held=0 fwd_positive=0 fwd_readers=0 fwd_claimed=0 fwd_released=0 copy_inflight=0
[GCV2][detach-quarantine] gate=1 admitted=0 released=0 recheck_held=0 peak_entries=0 max_entries=65536 max_rechecks=8
[GCV2][zlife] atexit refuse_released=0 refuse_claimed=0 detach_waited=0
[ptrcolour][plain-load-heal] attempt=0 success=0 plain_skip=0
[  PASS  ] FindToPublicState.NotManagedIsObservable
[  RUN   ] FindToPublicState.QueryableMissIsObservable
[  RUN   ] FindToPublicState.QueryableMissIsObservable
2026-09-02 02:43:16.504318 3192114 E [FWDTABLE] armed base=0x77adecf8b000 size=24576 unit=4096 entries=6
[GCV2][holewho] sample n=1 off=0 len=64 type=3 next_plausible=1 bucket=1 prev=? filler=1
2026-09-02 02:43:16.504393 3192114 E [ENROLTIME] afterFlip=0 n=1 phase=1 before=1 after=0
FINDTO_PRODUCT_SO=/root/sodepot/impl_gcunit3/r4-current-green/libcangjie-runtime.so
2026-09-02 02:43:16.504455 3192114 E [FWDTABLE][reclaim] why=gc-unit-explicit-coverage freed=2 deferred=0 coverage_complete=1 retired_total=2 reclaimed_total=2
GC_UNIT_OTHER_VM_OKIDOKI FindToPublicState.QueryableMissIsObservable
[GCV2][holewho] atexit n=1 bytes=64 never=0 after_neighbor=1 header_cleared=0 next_plausible=1 tl=0 rf=0
[FWDTABLE][refuse] atexit full=0 overflow=0 fallbackFull=0 fallbackOverflow=0 armedHit=0 armedMiss=1 unavailable=0 unarmed=0
[GCV2][detach-check] phase=enforce site=collect_from_garbage checks=0 evidence=0 blocked=0 active_table=0 retired_table=0 route_dest_held=0 fwd_positive=0 fwd_readers=0 fwd_claimed=0 fwd_released=0 copy_inflight=0
[GCV2][detach-check] phase=enforce site=take_garbage checks=0 evidence=0 blocked=0 active_table=0 retired_table=0 route_dest_held=0 fwd_positive=0 fwd_readers=0 fwd_claimed=0 fwd_released=0 copy_inflight=0
[GCV2][detach-check] phase=enforce site=take_after_dispel checks=0 evidence=0 blocked=0 active_table=0 retired_table=0 route_dest_held=0 fwd_positive=0 fwd_readers=0 fwd_claimed=0 fwd_released=0 copy_inflight=0
[GCV2][detach-check] phase=enforce site=reclaim_dirty checks=0 evidence=0 blocked=0 active_table=0 retired_table=0 route_dest_held=0 fwd_positive=0 fwd_readers=0 fwd_claimed=0 fwd_released=0 copy_inflight=0
[GCV2][detach-check] phase=enforce site=reclaim_mark_quarantine checks=0 evidence=0 blocked=0 active_table=0 retired_table=0 route_dest_held=0 fwd_positive=0 fwd_readers=0 fwd_claimed=0 fwd_released=0 copy_inflight=0
[GCV2][detach-check] phase=enforce site=release_region checks=0 evidence=0 blocked=0 active_table=0 retired_table=0 route_dest_held=0 fwd_positive=0 fwd_readers=0 fwd_claimed=0 fwd_released=0 copy_inflight=0
[GCV2][detach-check] phase=enforce site=release_garbage_units checks=0 evidence=0 blocked=0 active_table=0 retired_table=0 route_dest_held=0 fwd_positive=0 fwd_readers=0 fwd_claimed=0 fwd_released=0 copy_inflight=0
[GCV2][detach-check] phase=enforce site=take_garbage_reuse checks=0 evidence=0 blocked=0 active_table=0 retired_table=0 route_dest_held=0 fwd_positive=0 fwd_readers=0 fwd_claimed=0 fwd_released=0 copy_inflight=0
[GCV2][detach-check] phase=enforce site=take_dirty_reuse checks=0 evidence=0 blocked=0 active_table=0 retired_table=0 route_dest_held=0 fwd_positive=0 fwd_readers=0 fwd_claimed=0 fwd_released=0 copy_inflight=0
[GCV2][detach-check] phase=enforce site=take_released_reuse checks=0 evidence=0 blocked=0 active_table=0 retired_table=0 route_dest_held=0 fwd_positive=0 fwd_readers=0 fwd_claimed=0 fwd_released=0 copy_inflight=0
[GCV2][detach-check] phase=enforce site=clear_units checks=0 evidence=0 blocked=0 active_table=0 retired_table=0 route_dest_held=0 fwd_positive=0 fwd_readers=0 fwd_claimed=0 fwd_released=0 copy_inflight=0
[GCV2][detach-check] phase=enforce site=release_units checks=0 evidence=0 blocked=0 active_table=0 retired_table=0 route_dest_held=0 fwd_positive=0 fwd_readers=0 fwd_claimed=0 fwd_released=0 copy_inflight=0
[GCV2][detach-check] phase=enforce site=init_free_units checks=0 evidence=0 blocked=0 active_table=0 retired_table=0 route_dest_held=0 fwd_positive=0 fwd_readers=0 fwd_claimed=0 fwd_released=0 copy_inflight=0
[GCV2][detach-check] phase=enforce site=init_region_info checks=2 evidence=0 blocked=0 active_table=0 retired_table=0 route_dest_held=0 fwd_positive=0 fwd_readers=0 fwd_claimed=0 fwd_released=0 copy_inflight=0
[GCV2][detach-check] phase=enforce site=major_recheck checks=0 evidence=0 blocked=0 active_table=0 retired_table=0 route_dest_held=0 fwd_positive=0 fwd_readers=0 fwd_claimed=0 fwd_released=0 copy_inflight=0
[GCV2][detach-quarantine] gate=1 admitted=0 released=0 recheck_held=0 peak_entries=0 max_entries=65536 max_rechecks=8
[GCV2][zlife] atexit refuse_released=0 refuse_claimed=0 detach_waited=0
[ptrcolour][plain-load-heal] attempt=0 success=0 plain_skip=0
[  PASS  ] FindToPublicState.QueryableMissIsObservable
[  RUN   ] FindToPublicState.UnavailableIsObservable
[  RUN   ] FindToPublicState.UnavailableIsObservable
2026-09-02 02:43:16.506384 3192115 E [FWDTABLE] armed base=0x7a2ae51bb000 size=24576 unit=4096 entries=6
[GCV2][holewho] sample n=1 off=0 len=64 type=3 next_plausible=1 bucket=1 prev=? filler=1
2026-09-02 02:43:16.506469 3192115 E [ENROLTIME] afterFlip=0 n=1 phase=1 before=1 after=0
2026-09-02 02:43:16.506476 3192115 E [FWDTABLE][reclaim] why=gc-unit-explicit-coverage freed=2 deferred=0 coverage_complete=1 retired_total=2 reclaimed_total=2
FINDTO_PRODUCT_SO=/root/sodepot/impl_gcunit3/r4-current-green/libcangjie-runtime.so
GC_UNIT_OTHER_VM_OKIDOKI FindToPublicState.UnavailableIsObservable
[GCV2][holewho] atexit n=1 bytes=64 never=0 after_neighbor=1 header_cleared=0 next_plausible=1 tl=0 rf=0
[FWDTABLE][refuse] atexit full=0 overflow=0 fallbackFull=0 fallbackOverflow=0 armedHit=0 armedMiss=0 unavailable=1 unarmed=0
[GCV2][detach-check] phase=enforce site=collect_from_garbage checks=0 evidence=0 blocked=0 active_table=0 retired_table=0 route_dest_held=0 fwd_positive=0 fwd_readers=0 fwd_claimed=0 fwd_released=0 copy_inflight=0
[GCV2][detach-check] phase=enforce site=take_garbage checks=0 evidence=0 blocked=0 active_table=0 retired_table=0 route_dest_held=0 fwd_positive=0 fwd_readers=0 fwd_claimed=0 fwd_released=0 copy_inflight=0
[GCV2][detach-check] phase=enforce site=take_after_dispel checks=0 evidence=0 blocked=0 active_table=0 retired_table=0 route_dest_held=0 fwd_positive=0 fwd_readers=0 fwd_claimed=0 fwd_released=0 copy_inflight=0
[GCV2][detach-check] phase=enforce site=reclaim_dirty checks=0 evidence=0 blocked=0 active_table=0 retired_table=0 route_dest_held=0 fwd_positive=0 fwd_readers=0 fwd_claimed=0 fwd_released=0 copy_inflight=0
[GCV2][detach-check] phase=enforce site=reclaim_mark_quarantine checks=0 evidence=0 blocked=0 active_table=0 retired_table=0 route_dest_held=0 fwd_positive=0 fwd_readers=0 fwd_claimed=0 fwd_released=0 copy_inflight=0
[GCV2][detach-check] phase=enforce site=release_region checks=0 evidence=0 blocked=0 active_table=0 retired_table=0 route_dest_held=0 fwd_positive=0 fwd_readers=0 fwd_claimed=0 fwd_released=0 copy_inflight=0
[GCV2][detach-check] phase=enforce site=release_garbage_units checks=0 evidence=0 blocked=0 active_table=0 retired_table=0 route_dest_held=0 fwd_positive=0 fwd_readers=0 fwd_claimed=0 fwd_released=0 copy_inflight=0
[GCV2][detach-check] phase=enforce site=take_garbage_reuse checks=0 evidence=0 blocked=0 active_table=0 retired_table=0 route_dest_held=0 fwd_positive=0 fwd_readers=0 fwd_claimed=0 fwd_released=0 copy_inflight=0
[GCV2][detach-check] phase=enforce site=take_dirty_reuse checks=0 evidence=0 blocked=0 active_table=0 retired_table=0 route_dest_held=0 fwd_positive=0 fwd_readers=0 fwd_claimed=0 fwd_released=0 copy_inflight=0
[GCV2][detach-check] phase=enforce site=take_released_reuse checks=0 evidence=0 blocked=0 active_table=0 retired_table=0 route_dest_held=0 fwd_positive=0 fwd_readers=0 fwd_claimed=0 fwd_released=0 copy_inflight=0
[GCV2][detach-check] phase=enforce site=clear_units checks=0 evidence=0 blocked=0 active_table=0 retired_table=0 route_dest_held=0 fwd_positive=0 fwd_readers=0 fwd_claimed=0 fwd_released=0 copy_inflight=0
[GCV2][detach-check] phase=enforce site=release_units checks=0 evidence=0 blocked=0 active_table=0 retired_table=0 route_dest_held=0 fwd_positive=0 fwd_readers=0 fwd_claimed=0 fwd_released=0 copy_inflight=0
[GCV2][detach-check] phase=enforce site=init_free_units checks=0 evidence=0 blocked=0 active_table=0 retired_table=0 route_dest_held=0 fwd_positive=0 fwd_readers=0 fwd_claimed=0 fwd_released=0 copy_inflight=0
[GCV2][detach-check] phase=enforce site=init_region_info checks=2 evidence=0 blocked=0 active_table=0 retired_table=0 route_dest_held=0 fwd_positive=0 fwd_readers=0 fwd_claimed=0 fwd_released=0 copy_inflight=0
[GCV2][detach-check] phase=enforce site=major_recheck checks=0 evidence=0 blocked=0 active_table=0 retired_table=0 route_dest_held=0 fwd_positive=0 fwd_readers=0 fwd_claimed=0 fwd_released=0 copy_inflight=0
[GCV2][detach-quarantine] gate=1 admitted=0 released=0 recheck_held=0 peak_entries=0 max_entries=65536 max_rechecks=8
[GCV2][zlife] atexit refuse_released=0 refuse_claimed=0 detach_waited=0
[ptrcolour][plain-load-heal] attempt=0 success=0 plain_skip=0
[  PASS  ] FindToPublicState.UnavailableIsObservable
[  RUN   ] FindToRouteDiagnostics.DistinguishesLookupUnavailableFromNoGhostForwarded
[  RUN   ] FindToRouteDiagnostics.DistinguishesLookupUnavailableFromNoGhostForwarded
2026-09-02 02:43:16.508482 3192116 E [FWDTABLE] armed base=0x7defc49bb000 size=24576 unit=4096 entries=6
[GCV2][holewho] sample n=1 off=0 len=64 type=3 next_plausible=1 bucket=1 prev=? filler=1
2026-09-02 02:43:16.508552 3192116 E [ENROLTIME] afterFlip=0 n=1 phase=1 before=1 after=0
2026-09-02 02:43:16.508558 3192116 E [FWDTABLE][reclaim] why=gc-unit-route-diagnostics-lookup freed=2 deferred=0 coverage_complete=1 retired_total=2 reclaimed_total=2
FINDTO_PRODUCT_SO=/root/sodepot/impl_gcunit3/r4-current-green/libcangjie-runtime.so
FINDTO_PRODUCT_SO=/root/sodepot/impl_gcunit3/r4-current-green/libcangjie-runtime.so
GC_UNIT_OTHER_VM_OKIDOKI FindToRouteDiagnostics.DistinguishesLookupUnavailableFromNoGhostForwarded
[GCV2][holewho] atexit n=1 bytes=64 never=0 after_neighbor=1 header_cleared=0 next_plausible=1 tl=0 rf=0
[FWDTABLE][refuse] atexit full=0 overflow=0 fallbackFull=0 fallbackOverflow=0 armedHit=0 armedMiss=0 unavailable=1 unarmed=1
[GCV2][detach-check] phase=enforce site=collect_from_garbage checks=0 evidence=0 blocked=0 active_table=0 retired_table=0 route_dest_held=0 fwd_positive=0 fwd_readers=0 fwd_claimed=0 fwd_released=0 copy_inflight=0
[GCV2][detach-check] phase=enforce site=take_garbage checks=0 evidence=0 blocked=0 active_table=0 retired_table=0 route_dest_held=0 fwd_positive=0 fwd_readers=0 fwd_claimed=0 fwd_released=0 copy_inflight=0
[GCV2][detach-check] phase=enforce site=take_after_dispel checks=0 evidence=0 blocked=0 active_table=0 retired_table=0 route_dest_held=0 fwd_positive=0 fwd_readers=0 fwd_claimed=0 fwd_released=0 copy_inflight=0
[GCV2][detach-check] phase=enforce site=reclaim_dirty checks=0 evidence=0 blocked=0 active_table=0 retired_table=0 route_dest_held=0 fwd_positive=0 fwd_readers=0 fwd_claimed=0 fwd_released=0 copy_inflight=0
[GCV2][detach-check] phase=enforce site=reclaim_mark_quarantine checks=0 evidence=0 blocked=0 active_table=0 retired_table=0 route_dest_held=0 fwd_positive=0 fwd_readers=0 fwd_claimed=0 fwd_released=0 copy_inflight=0
[GCV2][detach-check] phase=enforce site=release_region checks=0 evidence=0 blocked=0 active_table=0 retired_table=0 route_dest_held=0 fwd_positive=0 fwd_readers=0 fwd_claimed=0 fwd_released=0 copy_inflight=0
[GCV2][detach-check] phase=enforce site=release_garbage_units checks=0 evidence=0 blocked=0 active_table=0 retired_table=0 route_dest_held=0 fwd_positive=0 fwd_readers=0 fwd_claimed=0 fwd_released=0 copy_inflight=0
[GCV2][detach-check] phase=enforce site=take_garbage_reuse checks=0 evidence=0 blocked=0 active_table=0 retired_table=0 route_dest_held=0 fwd_positive=0 fwd_readers=0 fwd_claimed=0 fwd_released=0 copy_inflight=0
[GCV2][detach-check] phase=enforce site=take_dirty_reuse checks=0 evidence=0 blocked=0 active_table=0 retired_table=0 route_dest_held=0 fwd_positive=0 fwd_readers=0 fwd_claimed=0 fwd_released=0 copy_inflight=0
[GCV2][detach-check] phase=enforce site=take_released_reuse checks=0 evidence=0 blocked=0 active_table=0 retired_table=0 route_dest_held=0 fwd_positive=0 fwd_readers=0 fwd_claimed=0 fwd_released=0 copy_inflight=0
[GCV2][detach-check] phase=enforce site=clear_units checks=0 evidence=0 blocked=0 active_table=0 retired_table=0 route_dest_held=0 fwd_positive=0 fwd_readers=0 fwd_claimed=0 fwd_released=0 copy_inflight=0
[GCV2][detach-check] phase=enforce site=release_units checks=0 evidence=0 blocked=0 active_table=0 retired_table=0 route_dest_held=0 fwd_positive=0 fwd_readers=0 fwd_claimed=0 fwd_released=0 copy_inflight=0
[GCV2][detach-check] phase=enforce site=init_free_units checks=0 evidence=0 blocked=0 active_table=0 retired_table=0 route_dest_held=0 fwd_positive=0 fwd_readers=0 fwd_claimed=0 fwd_released=0 copy_inflight=0
[GCV2][detach-check] phase=enforce site=init_region_info checks=2 evidence=0 blocked=0 active_table=0 retired_table=0 route_dest_held=0 fwd_positive=0 fwd_readers=0 fwd_claimed=0 fwd_released=0 copy_inflight=0
[GCV2][detach-check] phase=enforce site=major_recheck checks=0 evidence=0 blocked=0 active_table=0 retired_table=0 route_dest_held=0 fwd_positive=0 fwd_readers=0 fwd_claimed=0 fwd_released=0 copy_inflight=0
[GCV2][detach-quarantine] gate=1 admitted=0 released=0 recheck_held=0 peak_entries=0 max_entries=65536 max_rechecks=8
[GCV2][zlife] atexit refuse_released=0 refuse_claimed=0 detach_waited=0
[ptrcolour][plain-load-heal] attempt=0 success=0 plain_skip=0
[  PASS  ] FindToRouteDiagnostics.DistinguishesLookupUnavailableFromNoGhostForwarded
[  RUN   ] LookupDecisionSnapshot.SurvivesPostReturnGhostAndHeaderMutation
[  RUN   ] LookupDecisionSnapshot.SurvivesPostReturnGhostAndHeaderMutation
2026-09-02 02:43:16.510772 3192117 E [FWDTABLE] armed base=0x77354a578000 size=24576 unit=4096 entries=6
[GCV2][holewho] sample n=1 off=0 len=64 type=3 next_plausible=1 bucket=1 prev=? filler=1
2026-09-02 02:43:16.510840 3192117 E [ENROLTIME] afterFlip=0 n=1 phase=1 before=1 after=0
2026-09-02 02:43:16.510845 3192117 E [FWDTABLE][reclaim] why=gc-unit-lookup-decision-snapshot freed=2 deferred=0 coverage_complete=1 retired_total=2 reclaimed_total=2
GC_UNIT_OTHER_VM_OKIDOKI LookupDecisionSnapshot.SurvivesPostReturnGhostAndHeaderMutation
[GCV2][holewho] atexit n=1 bytes=64 never=0 after_neighbor=1 header_cleared=0 next_plausible=1 tl=0 rf=0
[FWDTABLE][refuse] atexit full=0 overflow=0 fallbackFull=0 fallbackOverflow=0 armedHit=0 armedMiss=0 unavailable=1 unarmed=0
[GCV2][detach-check] phase=enforce site=collect_from_garbage checks=0 evidence=0 blocked=0 active_table=0 retired_table=0 route_dest_held=0 fwd_positive=0 fwd_readers=0 fwd_claimed=0 fwd_released=0 copy_inflight=0
[GCV2][detach-check] phase=enforce site=take_garbage checks=0 evidence=0 blocked=0 active_table=0 retired_table=0 route_dest_held=0 fwd_positive=0 fwd_readers=0 fwd_claimed=0 fwd_released=0 copy_inflight=0
[GCV2][detach-check] phase=enforce site=take_after_dispel checks=0 evidence=0 blocked=0 active_table=0 retired_table=0 route_dest_held=0 fwd_positive=0 fwd_readers=0 fwd_claimed=0 fwd_released=0 copy_inflight=0
[GCV2][detach-check] phase=enforce site=reclaim_dirty checks=0 evidence=0 blocked=0 active_table=0 retired_table=0 route_dest_held=0 fwd_positive=0 fwd_readers=0 fwd_claimed=0 fwd_released=0 copy_inflight=0
[GCV2][detach-check] phase=enforce site=reclaim_mark_quarantine checks=0 evidence=0 blocked=0 active_table=0 retired_table=0 route_dest_held=0 fwd_positive=0 fwd_readers=0 fwd_claimed=0 fwd_released=0 copy_inflight=0
[GCV2][detach-check] phase=enforce site=release_region checks=0 evidence=0 blocked=0 active_table=0 retired_table=0 route_dest_held=0 fwd_positive=0 fwd_readers=0 fwd_claimed=0 fwd_released=0 copy_inflight=0
[GCV2][detach-check] phase=enforce site=release_garbage_units checks=0 evidence=0 blocked=0 active_table=0 retired_table=0 route_dest_held=0 fwd_positive=0 fwd_readers=0 fwd_claimed=0 fwd_released=0 copy_inflight=0
[GCV2][detach-check] phase=enforce site=take_garbage_reuse checks=0 evidence=0 blocked=0 active_table=0 retired_table=0 route_dest_held=0 fwd_positive=0 fwd_readers=0 fwd_claimed=0 fwd_released=0 copy_inflight=0
[GCV2][detach-check] phase=enforce site=take_dirty_reuse checks=0 evidence=0 blocked=0 active_table=0 retired_table=0 route_dest_held=0 fwd_positive=0 fwd_readers=0 fwd_claimed=0 fwd_released=0 copy_inflight=0
[GCV2][detach-check] phase=enforce site=take_released_reuse checks=0 evidence=0 blocked=0 active_table=0 retired_table=0 route_dest_held=0 fwd_positive=0 fwd_readers=0 fwd_claimed=0 fwd_released=0 copy_inflight=0
[GCV2][detach-check] phase=enforce site=clear_units checks=0 evidence=0 blocked=0 active_table=0 retired_table=0 route_dest_held=0 fwd_positive=0 fwd_readers=0 fwd_claimed=0 fwd_released=0 copy_inflight=0
[GCV2][detach-check] phase=enforce site=release_units checks=0 evidence=0 blocked=0 active_table=0 retired_table=0 route_dest_held=0 fwd_positive=0 fwd_readers=0 fwd_claimed=0 fwd_released=0 copy_inflight=0
[GCV2][detach-check] phase=enforce site=init_free_units checks=0 evidence=0 blocked=0 active_table=0 retired_table=0 route_dest_held=0 fwd_positive=0 fwd_readers=0 fwd_claimed=0 fwd_released=0 copy_inflight=0
[GCV2][detach-check] phase=enforce site=init_region_info checks=2 evidence=0 blocked=0 active_table=0 retired_table=0 route_dest_held=0 fwd_positive=0 fwd_readers=0 fwd_claimed=0 fwd_released=0 copy_inflight=0
[GCV2][detach-check] phase=enforce site=major_recheck checks=0 evidence=0 blocked=0 active_table=0 retired_table=0 route_dest_held=0 fwd_positive=0 fwd_readers=0 fwd_claimed=0 fwd_released=0 copy_inflight=0
[GCV2][detach-quarantine] gate=1 admitted=0 released=0 recheck_held=0 peak_entries=0 max_entries=65536 max_rechecks=8
[GCV2][zlife] atexit refuse_released=0 refuse_claimed=0 detach_waited=0
[ptrcolour][plain-load-heal] attempt=0 success=0 plain_skip=0
[  PASS  ] LookupDecisionSnapshot.SurvivesPostReturnGhostAndHeaderMutation
[  RUN   ] FindToRetainWindow.ActiveLookupPinsCarrierUntilQueryReturns
[  RUN   ] FindToRetainWindow.ActiveLookupPinsCarrierUntilQueryReturns
2026-09-02 02:43:16.512662 3192118 E [FWDTABLE] armed base=0x749ea010b000 size=24576 unit=4096 entries=6
[GCV2][holewho] sample n=1 off=0 len=64 type=3 next_plausible=1 bucket=1 prev=? filler=1
2026-09-02 02:43:16.512736 3192118 E [ENROLTIME] afterFlip=0 n=1 phase=1 before=1 after=0
FINDTO_PRODUCT_SO=/root/sodepot/impl_gcunit3/r4-current-green/libcangjie-runtime.so
2026-09-02 02:43:16.613142 3192118 E [FWDTABLE][reclaim] why=gc-unit-explicit-coverage freed=2 deferred=0 coverage_complete=1 retired_total=2 reclaimed_total=2
GC_UNIT_OTHER_VM_OKIDOKI FindToRetainWindow.ActiveLookupPinsCarrierUntilQueryReturns
[GCV2][holewho] atexit n=1 bytes=64 never=0 after_neighbor=1 header_cleared=0 next_plausible=1 tl=0 rf=0
[FWDTABLE][refuse] atexit full=0 overflow=0 fallbackFull=0 fallbackOverflow=0 armedHit=0 armedMiss=0 unavailable=1 unarmed=0
[GCV2][detach-check] phase=enforce site=collect_from_garbage checks=0 evidence=0 blocked=0 active_table=0 retired_table=0 route_dest_held=0 fwd_positive=0 fwd_readers=0 fwd_claimed=0 fwd_released=0 copy_inflight=0
[GCV2][detach-check] phase=enforce site=take_garbage checks=0 evidence=0 blocked=0 active_table=0 retired_table=0 route_dest_held=0 fwd_positive=0 fwd_readers=0 fwd_claimed=0 fwd_released=0 copy_inflight=0
[GCV2][detach-check] phase=enforce site=take_after_dispel checks=0 evidence=0 blocked=0 active_table=0 retired_table=0 route_dest_held=0 fwd_positive=0 fwd_readers=0 fwd_claimed=0 fwd_released=0 copy_inflight=0
[GCV2][detach-check] phase=enforce site=reclaim_dirty checks=0 evidence=0 blocked=0 active_table=0 retired_table=0 route_dest_held=0 fwd_positive=0 fwd_readers=0 fwd_claimed=0 fwd_released=0 copy_inflight=0
[GCV2][detach-check] phase=enforce site=reclaim_mark_quarantine checks=0 evidence=0 blocked=0 active_table=0 retired_table=0 route_dest_held=0 fwd_positive=0 fwd_readers=0 fwd_claimed=0 fwd_released=0 copy_inflight=0
[GCV2][detach-check] phase=enforce site=release_region checks=0 evidence=0 blocked=0 active_table=0 retired_table=0 route_dest_held=0 fwd_positive=0 fwd_readers=0 fwd_claimed=0 fwd_released=0 copy_inflight=0
[GCV2][detach-check] phase=enforce site=release_garbage_units checks=0 evidence=0 blocked=0 active_table=0 retired_table=0 route_dest_held=0 fwd_positive=0 fwd_readers=0 fwd_claimed=0 fwd_released=0 copy_inflight=0
[GCV2][detach-check] phase=enforce site=take_garbage_reuse checks=0 evidence=0 blocked=0 active_table=0 retired_table=0 route_dest_held=0 fwd_positive=0 fwd_readers=0 fwd_claimed=0 fwd_released=0 copy_inflight=0
[GCV2][detach-check] phase=enforce site=take_dirty_reuse checks=0 evidence=0 blocked=0 active_table=0 retired_table=0 route_dest_held=0 fwd_positive=0 fwd_readers=0 fwd_claimed=0 fwd_released=0 copy_inflight=0
[GCV2][detach-check] phase=enforce site=take_released_reuse checks=0 evidence=0 blocked=0 active_table=0 retired_table=0 route_dest_held=0 fwd_positive=0 fwd_readers=0 fwd_claimed=0 fwd_released=0 copy_inflight=0
[GCV2][detach-check] phase=enforce site=clear_units checks=0 evidence=0 blocked=0 active_table=0 retired_table=0 route_dest_held=0 fwd_positive=0 fwd_readers=0 fwd_claimed=0 fwd_released=0 copy_inflight=0
[GCV2][detach-check] phase=enforce site=release_units checks=0 evidence=0 blocked=0 active_table=0 retired_table=0 route_dest_held=0 fwd_positive=0 fwd_readers=0 fwd_claimed=0 fwd_released=0 copy_inflight=0
[GCV2][detach-check] phase=enforce site=init_free_units checks=0 evidence=0 blocked=0 active_table=0 retired_table=0 route_dest_held=0 fwd_positive=0 fwd_readers=0 fwd_claimed=0 fwd_released=0 copy_inflight=0
[GCV2][detach-check] phase=enforce site=init_region_info checks=2 evidence=0 blocked=0 active_table=0 retired_table=0 route_dest_held=0 fwd_positive=0 fwd_readers=0 fwd_claimed=0 fwd_released=0 copy_inflight=0
[GCV2][detach-check] phase=enforce site=major_recheck checks=0 evidence=0 blocked=0 active_table=0 retired_table=0 route_dest_held=0 fwd_positive=0 fwd_readers=0 fwd_claimed=0 fwd_released=0 copy_inflight=0
[GCV2][detach-quarantine] gate=1 admitted=0 released=0 recheck_held=0 peak_entries=0 max_entries=65536 max_rechecks=8
[GCV2][zlife] atexit refuse_released=0 refuse_claimed=0 detach_waited=0
[ptrcolour][plain-load-heal] attempt=0 success=0 plain_skip=0
[  PASS  ] FindToRetainWindow.ActiveLookupPinsCarrierUntilQueryReturns
[  RUN   ] ForwardingPublicationProduct.ClearEntriesRetiresAndDropsWholeSpan
2026-09-02 02:43:16.613640 3192111 E [FWDTABLE][reclaim] why=gc-unit-explicit-coverage freed=1 deferred=0 coverage_complete=1 retired_total=6 reclaimed_total=6
[  PASS  ] ForwardingPublicationProduct.ClearEntriesRetiresAndDropsWholeSpan
[  RUN   ] ForwardingPublicationProduct.KeptInPlacePublishesIdentityBeforeRetire
2026-09-02 02:43:16.613664 3192111 E [GCV2][exempt-kept] n=1 region=0x72dd61bc9b50 start=0x72dd61bce000 route=3 live=16 identity=1
2026-09-02 02:43:16.613673 3192111 E [COLOURWHO] armed first sc=0
2026-09-02 02:43:16.613678 3192111 E [FWDTABLE][reclaim] why=gc-unit-explicit-coverage freed=1 deferred=0 coverage_complete=1 retired_total=7 reclaimed_total=7
[  PASS  ] ForwardingPublicationProduct.KeptInPlacePublishesIdentityBeforeRetire
[  RUN   ] ForwardingPublicationProduct.KeptActiveReceiptRemainsRequiredAfterTableRetires
2026-09-02 02:43:16.613693 3192111 E [GCV2][exempt-kept] n=2 region=0x72dd61bc9b50 start=0x72dd61bce000 route=3 live=16 identity=0
2026-09-02 02:43:16.613696 3192111 E [FWDTABLE][reclaim] why=gc-unit-kept-active-receipt freed=0 deferred=1 coverage_complete=0 retired_total=8 reclaimed_total=7
FINDTO_PRODUCT_SO=/root/sodepot/impl_gcunit3/r4-current-green/libcangjie-runtime.so
2026-09-02 02:43:16.613751 3192111 E [FWDTABLE][reclaim] why=gc-unit-kept-active-receipt-cleanup freed=1 deferred=0 coverage_complete=1 retired_total=8 reclaimed_total=8
[  PASS  ] ForwardingPublicationProduct.KeptActiveReceiptRemainsRequiredAfterTableRetires
[  RUN   ] ForwardingPublicationProduct.KeptInPlaceLivemapStartsSurviveOverwrittenPrefix
[GCV2][holewho] sample n=2 off=16 len=48 type=3 next_plausible=1 bucket=1 prev=? filler=1
2026-09-02 02:43:16.613764 3192111 E [ENROLTIME] afterFlip=0 n=8 phase=1 before=8 after=1
2026-09-02 02:43:16.613768 3192111 E [GCV2][exempt-kept] n=3 region=0x72dd61bc9b50 start=0x72dd61bce000 route=3 live=32 identity=1
2026-09-02 02:43:16.613772 3192111 E [FWDTABLE][reclaim] why=gc-unit-explicit-coverage freed=1 deferred=0 coverage_complete=1 retired_total=9 reclaimed_total=9
[  PASS  ] ForwardingPublicationProduct.KeptInPlaceLivemapStartsSurviveOverwrittenPrefix
[  RUN   ] ForwardingPublicationProduct.PrepareForwardableClearsNormalRouteResidualHeader
2026-09-02 02:43:16.613786 3192111 E [FWDTABLE][reclaim] why=gc-unit-normal-route-residual freed=2 deferred=0 coverage_complete=1 retired_total=11 reclaimed_total=11
[  PASS  ] ForwardingPublicationProduct.PrepareForwardableClearsNormalRouteResidualHeader
[  RUN   ] ForwardingPublicationProduct.ExemptPreservesRetiredReceiptAcrossActiveGeneration
2026-09-02 02:43:16.613795 3192111 E [GCV2][exempt-kept] n=4 region=0x72dd61bc9b50 start=0x72dd61bce000 route=1 live=16 identity=0
FINDTO_PRODUCT_SO=/root/sodepot/impl_gcunit3/r4-current-green/libcangjie-runtime.so
MUTUALWAIT_DETAIL from=0x72dd61bce000 expected_to=0x72dd61bcd000 active=(nil) retired=0x72dd61bcd000 consumer=0x72dd61bcd000
2026-09-02 02:43:16.613847 3192111 E [FWDTABLE][reclaim] why=gc-unit-explicit-coverage freed=2 deferred=0 coverage_complete=1 retired_total=13 reclaimed_total=13
[  PASS  ] ForwardingPublicationProduct.ExemptPreservesRetiredReceiptAcrossActiveGeneration
[  RUN   ] ForwardingPublicationProduct.ReclaimRetiredDefersResidualUntilActiveReceipt
2026-09-02 02:43:16.613858 3192111 E [GCV2][exempt-kept] n=5 region=0x72dd61bc9b50 start=0x72dd61bce000 route=1 live=16 identity=0
2026-09-02 02:43:16.613861 3192111 E [FWDTABLE][reclaim] why=gc-unit-last-receipt freed=0 deferred=1 coverage_complete=0 retired_total=14 reclaimed_total=13
FINDTO_PRODUCT_SO=/root/sodepot/impl_gcunit3/r4-current-green/libcangjie-runtime.so
2026-09-02 02:43:16.613892 3192111 E [FWDTABLE][reclaim] why=gc-unit-successor-receipt freed=1 deferred=0 coverage_complete=1 retired_total=14 reclaimed_total=14
2026-09-02 02:43:16.613895 3192111 E [FWDTABLE][reclaim] why=gc-unit-last-receipt-cleanup freed=1 deferred=0 coverage_complete=1 retired_total=15 reclaimed_total=15
[  PASS  ] ForwardingPublicationProduct.ReclaimRetiredDefersResidualUntilActiveReceipt
[  RUN   ] ForwardingPublicationProduct.ReclaimRetiredPreservesNewActiveReceiptHeader
2026-09-02 02:43:16.613909 3192111 E [ENROLTIME] afterFlip=0 n=16 phase=1 before=16 after=1
2026-09-02 02:43:16.613912 3192111 E [FWDTABLE][reclaim] why=gc-unit-active-receipt freed=1 deferred=0 coverage_complete=1 retired_total=16 reclaimed_total=16
FINDTO_PRODUCT_SO=/root/sodepot/impl_gcunit3/r4-current-green/libcangjie-runtime.so
2026-09-02 02:43:16.613930 3192111 E [FWDTABLE][reclaim] why=gc-unit-active-receipt-cleanup freed=1 deferred=0 coverage_complete=1 retired_total=17 reclaimed_total=17
[  PASS  ] ForwardingPublicationProduct.ReclaimRetiredPreservesNewActiveReceiptHeader
[  RUN   ] ForwardingPublicationProduct.FinishIncompleteUnmovablePublishesIdentityBeforeDone
2026-09-02 02:43:16.613940 3192111 E [GCV2][zombie] finished=0 kept=1 tot_finished=0 tot_kept=1
FINDTO_PRODUCT_SO=/root/sodepot/impl_gcunit3/r4-current-green/libcangjie-runtime.so
2026-09-02 02:43:16.613956 3192111 E [FWDTABLE][reclaim] why=gc-unit-finish-unmovable freed=1 deferred=0 coverage_complete=1 retired_total=18 reclaimed_total=18
[  PASS  ] ForwardingPublicationProduct.FinishIncompleteUnmovablePublishesIdentityBeforeDone
[  RUN   ] ForwardingPublicationProduct.FinishIncompleteNonFromResidualPublishesIdentityBeforeDone
2026-09-02 02:43:16.613965 3192111 E [GCV2][zombie] finished=0 kept=1 tot_finished=0 tot_kept=2
FINDTO_PRODUCT_SO=/root/sodepot/impl_gcunit3/r4-current-green/libcangjie-runtime.so
2026-09-02 02:43:16.613980 3192111 E [FWDTABLE][reclaim] why=gc-unit-finish-nonfrom freed=1 deferred=0 coverage_complete=1 retired_total=19 reclaimed_total=19
[  PASS  ] ForwardingPublicationProduct.FinishIncompleteNonFromResidualPublishesIdentityBeforeDone
[  RUN   ] ForwardingPublicationProduct.ResolveStoreValueSafeAddrAfterForwardingTableGone
2026-09-02 02:43:16.613988 3192111 E [FWDTABLE][reclaim] why=gc-unit-explicit-coverage freed=1 deferred=0 coverage_complete=1 retired_total=20 reclaimed_total=20
[  PASS  ] ForwardingPublicationProduct.ResolveStoreValueSafeAddrAfterForwardingTableGone
[  RUN   ] ForwardingPublicationProduct.CompactRegionDeadFromHasNoForwardingAndIsNotTlab
[GCV2][holewho] sample n=3 off=16 len=48 type=3 next_plausible=1 bucket=1 prev=? filler=1
2026-09-02 02:43:16.614023 3192111 E [FWDTABLE][reclaim] why=gc-unit-explicit-coverage freed=1 deferred=0 coverage_complete=1 retired_total=21 reclaimed_total=21
[  PASS  ] ForwardingPublicationProduct.CompactRegionDeadFromHasNoForwardingAndIsNotTlab
[  RUN   ] FindToRouteDiagnostics.InvalidLookupSnapshotPrintsNa
[  PASS  ] FindToRouteDiagnostics.InvalidLookupSnapshotPrintsNa
[  RUN   ] ForwardingPublicationProduct.ExemptRejectsForwardedWithoutAnyReceipt
2026-09-02 02:43:16.620273 3192111 E [FWDTABLE][reclaim] why=gc-unit-forwarded-without-receipt freed=1 deferred=0 coverage_complete=1 retired_total=22 reclaimed_total=22
[  PASS  ] ForwardingPublicationProduct.ExemptRejectsForwardedWithoutAnyReceipt
[  RUN   ] ForwardingPublicationProduct.ForwardUpdateRawRefWritesBackMappedTo
2026-09-02 02:43:16.620353 3192111 E [FWDTABLE][reclaim] why=gc-unit-explicit-coverage freed=1 deferred=0 coverage_complete=1 retired_total=23 reclaimed_total=23
[  PASS  ] ForwardingPublicationProduct.ForwardUpdateRawRefWritesBackMappedTo
[  RUN   ] ForwardingPublicationProduct.ForwardUpdateRawRefFailClosedWhenUnresolved
2026-09-02 02:43:16.621364 3192111 E [FWDTABLE][reclaim] why=gc-unit-explicit-coverage freed=1 deferred=0 coverage_complete=1 retired_total=24 reclaimed_total=24
[  PASS  ] ForwardingPublicationProduct.ForwardUpdateRawRefFailClosedWhenUnresolved
[  RUN   ] ForwardingPublicationProduct.IdentityForwardStillWritesBackRootWord
2026-09-02 02:43:16.621412 3192111 E [FWDTABLE][reclaim] why=gc-unit-explicit-coverage freed=1 deferred=0 coverage_complete=1 retired_total=25 reclaimed_total=25
[  PASS  ] ForwardingPublicationProduct.IdentityForwardStillWritesBackRootWord
[  RUN   ] ForwardingPublicationProduct.FixRootInteriorFailClosedWhenHostUnresolved
2026-09-02 02:43:16.622031 3192111 E [FWDTABLE][reclaim] why=gc-unit-explicit-coverage freed=1 deferred=0 coverage_complete=1 retired_total=26 reclaimed_total=26
[  PASS  ] ForwardingPublicationProduct.FixRootInteriorFailClosedWhenHostUnresolved
[  RUN   ] ForwardingPublicationProduct.ResolveStoreValueFollowsForwardedDestination
2026-09-02 02:43:16.622081 3192111 E [FWDTABLE][reclaim] why=gc-unit-explicit-coverage freed=2 deferred=0 coverage_complete=1 retired_total=28 reclaimed_total=28
[  PASS  ] ForwardingPublicationProduct.ResolveStoreValueFollowsForwardedDestination
[  RUN   ] ForwardingPublicationProduct.PartialCompactFirstDestinationKeepsReceipt
2026-09-02 02:43:16.622108 3192111 E [FWDTABLE][reclaim] why=gc-unit-explicit-coverage freed=1 deferred=0 coverage_complete=1 retired_total=29 reclaimed_total=29
[  PASS  ] ForwardingPublicationProduct.PartialCompactFirstDestinationKeepsReceipt
[  RUN   ] ForwardingPublicationProduct.PartialCompactSelfFallbackKeepsReceipt
2026-09-02 02:43:16.622124 3192111 E [COLOURWHO] armed first sc=0
2026-09-02 02:43:16.622134 3192111 E [FWDTABLE][reclaim] why=gc-unit-explicit-coverage freed=1 deferred=0 coverage_complete=1 retired_total=30 reclaimed_total=30
[  PASS  ] ForwardingPublicationProduct.PartialCompactSelfFallbackKeepsReceipt
[  RUN   ] ForwardingPublicationProduct.PageWaitThenLookupReadsOriginalCompactReceipt
2026-09-02 02:43:16.622144 3192111 E [ENROLTIME] afterFlip=1 n=2 phase=14 before=29 after=2
2026-09-02 02:43:16.622364 3192111 E [FWDTABLE][reclaim] why=gc-unit-explicit-coverage freed=1 deferred=0 coverage_complete=1 retired_total=31 reclaimed_total=31
[  PASS  ] ForwardingPublicationProduct.PageWaitThenLookupReadsOriginalCompactReceipt
[  RUN   ] ForwardingPublicationProduct.CompletedReceiptResolvesWithoutForwardingTableLookup
[GCV2][holewho] sample n=4 off=32 len=32 type=3 next_plausible=1 bucket=1 prev=? filler=1
2026-09-02 02:43:16.622438 3192111 E [FWDTABLE][reclaim] why=gc-unit-explicit-coverage freed=1 deferred=0 coverage_complete=1 retired_total=32 reclaimed_total=32
[  PASS  ] ForwardingPublicationProduct.CompletedReceiptResolvesWithoutForwardingTableLookup
[  RUN   ] ForwardingPublicationProduct.CompactRequestReturnsReceiptBeforeFromClear
2026-09-02 02:43:16.622453 3192111 E [FWDTABLE][reclaim] why=gc-unit-explicit-coverage freed=2 deferred=0 coverage_complete=1 retired_total=34 reclaimed_total=34
[  PASS  ] ForwardingPublicationProduct.CompactRequestReturnsReceiptBeforeFromClear
[  RUN   ] ForwardingPublicationProduct.ClearWaitsForHeldPublicationAndKeepsReceipt
[GCV2][holewho] sample n=5 off=32 len=32 type=3 next_plausible=1 bucket=1 prev=FillerArray filler=1
2026-09-02 02:43:16.622584 3192111 E [FWDTABLE][reclaim] why=gc-unit-explicit-coverage freed=1 deferred=0 coverage_complete=1 retired_total=35 reclaimed_total=35
[  PASS  ] ForwardingPublicationProduct.ClearWaitsForHeldPublicationAndKeepsReceipt
[  RUN   ] ForwardingPublicationProduct.ClearDrainEntersClaimedWaitBeforeReturning
[GCV2][holewho] sample n=6 off=32 len=32 type=3 next_plausible=1 bucket=1 prev=FillerArray filler=1
2026-09-02 02:43:16.622595 3192111 E [ENROLTIME] afterFlip=0 n=32 phase=1 before=32 after=3
2026-09-02 02:43:16.622659 3192111 E [FWDTABLE][reclaim] why=gc-unit-explicit-coverage freed=1 deferred=0 coverage_complete=1 retired_total=36 reclaimed_total=36
[  PASS  ] ForwardingPublicationProduct.ClearDrainEntersClaimedWaitBeforeReturning
[  RUN   ] ForwardingPublicationProduct.ExclusiveCopyPublishesProductReceipt
[GCV2][holewho] sample n=7 off=32 len=32 type=3 next_plausible=1 bucket=1 prev=FillerArray filler=1
2026-09-02 02:43:16.622673 3192111 E [FWDTABLE][reclaim] why=gc-unit-explicit-coverage freed=1 deferred=0 coverage_complete=1 retired_total=37 reclaimed_total=37
[  PASS  ] ForwardingPublicationProduct.ExclusiveCopyPublishesProductReceipt
[  RUN   ] ForwardingPublicationProduct.CopyAdmissionSealWaitsRealCopierAndRejectsLateEntry
[GCV2][holewho] sample n=8 off=16 len=48 type=3 next_plausible=1 bucket=1 prev=? filler=1
2026-09-02 02:43:16.622684 3192111 E [ENROLTIME] afterFlip=1 n=4 phase=14 before=33 after=4
2026-09-02 02:43:16.627925 3192111 E [GCV2][first-visitor] PlanRoute returned null obj=0x72dd61bcc060 page=0x72dd61bc9d30 phase=14 route=3
2026-09-02 02:43:16.627958 3192111 E [FWDTABLE][reclaim] why=gc-unit-explicit-coverage freed=1 deferred=0 coverage_complete=1 retired_total=38 reclaimed_total=38
[  PASS  ] ForwardingPublicationProduct.CopyAdmissionSealWaitsRealCopierAndRejectsLateEntry
[  RUN   ] LoadHealDeliveryProduct.DualCarrierProducerCapturesOldTopAndLivemap
[GCV2][holewho] sample n=9 off=32 len=32 type=3 next_plausible=1 bucket=1 prev=FillerArray filler=1
2026-09-02 02:43:16.627978 3192111 E [FWDTABLE][reclaim] why=gc-unit-dual-carrier-producer freed=1 deferred=0 coverage_complete=1 retired_total=39 reclaimed_total=39
[  PASS  ] LoadHealDeliveryProduct.DualCarrierProducerCapturesOldTopAndLivemap
[  RUN   ] LoadHealDeliveryProduct.DualCarrierConsumerSurvivesCurrentPageResetUntilRetire
[GCV2][holewho] sample n=10 off=32 len=32 type=3 next_plausible=1 bucket=1 prev=FillerArray filler=1
2026-09-02 02:43:16.627988 3192111 E [FWDTABLE][reclaim] why=gc-unit-dual-carrier-consumer freed=1 deferred=0 coverage_complete=1 retired_total=40 reclaimed_total=40
[  PASS  ] LoadHealDeliveryProduct.DualCarrierConsumerSurvivesCurrentPageResetUntilRetire
[  RUN   ] LoadHealDeliveryProduct.PromotedSnapshotDischargesOnlyLiveHolder
DETAIL loadheal_promoted registered=1 recorded=1 live_resolve=1 dead_resolve=0 live_slot=1 dead_slot=0
[  PASS  ] LoadHealDeliveryProduct.PromotedSnapshotDischargesOnlyLiveHolder
[  RUN   ] LoadHealDeliveryProduct.InPlaceRemsetMovesBitAndFeedsConsumer
2026-09-02 02:43:16.628022 3192111 E [VALSIDE] armed first_store hdr=0x612395826790 sc=0 phase=0
2026-09-02 02:43:16.628027 3192111 E [COLOURWHO] armed first sc=0
2026-09-02 02:43:16.628034 3192111 E [ZCOLOR2][mark-mask-flip] generation=young count=1 g_cjMarkBadMask=0x9e000000000000 g_cjStoreBadMask=0x19e000000000000
DETAIL loadheal_inplace taken=1 old_cleared=1 moved=1 new_present=1 previous_new=1 consumer_consumed=1 consumer_work=1
[  PASS  ] LoadHealDeliveryProduct.InPlaceRemsetMovesBitAndFeedsConsumer
[  RUN   ] LoadHealDeliveryProduct.CrossGenRangeGateRecordsLegalAndRejectsBeyondTop
DETAIL loadheal_crossgen producer_recorded=1 legal_recorded=1 invalid_recorded=0 target_top=0x72dd61bcb010 invalid_target=0x72dd61bcb050
[  PASS  ] LoadHealDeliveryProduct.CrossGenRangeGateRecordsLegalAndRejectsBeyondTop
[  RUN   ] LoadHealDeliveryProduct.RemapYoungRootsResolvesRecoloursAndHealsSlot
2026-09-02 02:43:16.628278 3192111 E [COLOURWHO] armed first sc=0
2026-09-02 02:43:16.628289 3192111 E [FWDTABLE][cmp] why=dest-periodic total=0 agree=0 tableOnly=0 legacyOnly=0
2026-09-02 02:43:16.628292 3192111 E [FWDENT][dest] why=dest-periodic total=2 agree=0 disagree=0 pending=2
2026-09-02 02:43:16.628294 3192111 E [FWDENT][sole] why=dest-periodic armedHit=10 armedMiss=5 unarmed=0
2026-09-02 02:43:16.628301 3192111 E [A8REMAP] remset seen=1 coloured=1 remapped=1 doubleBad=1 static seen=0 coloured=0 remapped=0 doubleBad=0 stack seen=0 coloured=0 remapped=0 other seen=0 coloured=0 remapped=0 doubleBad=0 flipSeq=0
DETAIL loadheal_remap before=0x15172dd61bcf000 after=0x15872dd61bcc000 from=0x72dd61bcf000 expected_to=0x72dd61bcc000 actual_to=0x72dd61bcc000 address_resolved=1 store_good=1
2026-09-02 02:43:16.628309 3192111 E [FWDTABLE][reclaim] why=gc-unit-explicit-coverage freed=1 deferred=0 coverage_complete=1 retired_total=41 reclaimed_total=41
[GCV2][w1-store] atexit total=2 ghostFrom=0
[GCV2][w1-holder] atexit ghost=0 forwarded=0
[GCV2][fillerzero] atexit
[GCV2][fillerzero] site=slot_extra n=0 bytes=0 dense_n=0 dense_bytes=0 buckets=
[GCV2][fillerzero] site=clear_units n=0 bytes=0 dense_n=0 dense_bytes=0 buckets=
[GCV2][fillerzero] site=take_garbage n=1 bytes=4096 dense_n=1 dense_bytes=4096 buckets= 2^12=1
[GCV2][fillerzero] site=take_inactive n=0 bytes=0 dense_n=0 dense_bytes=0 buckets=
[GCV2][fillerzero] site=dirty_take n=0 bytes=0 dense_n=0 dense_bytes=0 buckets=
[GCV2][fillerzero] site=released_pre n=0 bytes=0 dense_n=0 dense_bytes=0 buckets=
[GCV2][fillerzero] site=compact n=2 bytes=80 dense_n=2 dense_bytes=80 buckets= 2^4=1 2^6=1
[GCV2][fillerzero] site=compact_partial n=2 bytes=48 dense_n=2 dense_bytes=48 buckets= 2^4=1 2^5=1
[GCV2][fillerzero] site=route_reserve n=2 bytes=32 dense_n=2 dense_bytes=32 buckets= 2^4=2
[WHODEAD][class] lookup=0 sat=0
[GCV2][mutrelo] atexit attempt=1 retain=1 alreadyFwd=0 fb_retain=0 fb_copy=0 fb_phase=0 self_mut=1 self_gc=0 self_rt=0 any_mut=6 any_gc=0 any_rt=0 waitEnter=0 waitGiveUp=0 waitReceipt=2 waitFatal=0 regionWait=0 regionGot=0 regionPubMiss=0
[GCV2][holewho] atexit n=10 bytes=400 never=0 after_neighbor=10 header_cleared=0 next_plausible=10 tl=0 rf=0
[FWDTABLE][refuse] atexit full=0 overflow=0 fallbackFull=0 fallbackOverflow=0 armedHit=10 armedMiss=5 unavailable=12 unarmed=0
[GCV2][detach-check] phase=enforce site=collect_from_garbage checks=0 evidence=0 blocked=0 active_table=0 retired_table=0 route_dest_held=0 fwd_positive=0 fwd_readers=0 fwd_claimed=0 fwd_released=0 copy_inflight=0
[GCV2][detach-check] phase=enforce site=take_garbage checks=0 evidence=0 blocked=0 active_table=0 retired_table=0 route_dest_held=0 fwd_positive=0 fwd_readers=0 fwd_claimed=0 fwd_released=0 copy_inflight=0
[GCV2][detach-check] phase=enforce site=take_after_dispel checks=0 evidence=0 blocked=0 active_table=0 retired_table=0 route_dest_held=0 fwd_positive=0 fwd_readers=0 fwd_claimed=0 fwd_released=0 copy_inflight=0
[GCV2][detach-check] phase=enforce site=reclaim_dirty checks=0 evidence=0 blocked=0 active_table=0 retired_table=0 route_dest_held=0 fwd_positive=0 fwd_readers=0 fwd_claimed=0 fwd_released=0 copy_inflight=0
[GCV2][detach-check] phase=enforce site=reclaim_mark_quarantine checks=0 evidence=0 blocked=0 active_table=0 retired_table=0 route_dest_held=0 fwd_positive=0 fwd_readers=0 fwd_claimed=0 fwd_released=0 copy_inflight=0
[GCV2][detach-check] phase=enforce site=release_region checks=0 evidence=0 blocked=0 active_table=0 retired_table=0 route_dest_held=0 fwd_positive=0 fwd_readers=0 fwd_claimed=0 fwd_released=0 copy_inflight=0
[GCV2][detach-check] phase=enforce site=release_garbage_units checks=0 evidence=0 blocked=0 active_table=0 retired_table=0 route_dest_held=0 fwd_positive=0 fwd_readers=0 fwd_claimed=0 fwd_released=0 copy_inflight=0
[GCV2][detach-check] phase=enforce site=take_garbage_reuse checks=0 evidence=0 blocked=0 active_table=0 retired_table=0 route_dest_held=0 fwd_positive=0 fwd_readers=0 fwd_claimed=0 fwd_released=0 copy_inflight=0
[GCV2][detach-check] phase=enforce site=take_dirty_reuse checks=0 evidence=0 blocked=0 active_table=0 retired_table=0 route_dest_held=0 fwd_positive=0 fwd_readers=0 fwd_claimed=0 fwd_released=0 copy_inflight=0
[GCV2][detach-check] phase=enforce site=take_released_reuse checks=0 evidence=0 blocked=0 active_table=0 retired_table=0 route_dest_held=0 fwd_positive=0 fwd_readers=0 fwd_claimed=0 fwd_released=0 copy_inflight=0
[GCV2][detach-check] phase=enforce site=clear_units checks=1 evidence=1 blocked=0 active_table=1 retired_table=0 route_dest_held=0 fwd_positive=0 fwd_readers=0 fwd_claimed=1 fwd_released=0 copy_inflight=0
[GCV2][detach-check] phase=enforce site=release_units checks=0 evidence=0 blocked=0 active_table=0 retired_table=0 route_dest_held=0 fwd_positive=0 fwd_readers=0 fwd_claimed=0 fwd_released=0 copy_inflight=0
[GCV2][detach-check] phase=enforce site=init_free_units checks=0 evidence=0 blocked=0 active_table=0 retired_table=0 route_dest_held=0 fwd_positive=0 fwd_readers=0 fwd_claimed=0 fwd_released=0 copy_inflight=0
[GCV2][detach-check] phase=enforce site=init_region_info checks=66 evidence=0 blocked=0 active_table=0 retired_table=2 route_dest_held=0 fwd_positive=4 fwd_readers=0 fwd_claimed=31 fwd_released=31 copy_inflight=0
[GCV2][detach-check] phase=enforce site=major_recheck checks=0 evidence=0 blocked=0 active_table=0 retired_table=0 route_dest_held=0 fwd_positive=0 fwd_readers=0 fwd_claimed=0 fwd_released=0 copy_inflight=0
[GCV2][detach-quarantine] gate=1 admitted=0 released=0 recheck_held=0 peak_entries=0 max_entries=65536 max_rechecks=8
[GCV2][zlife] atexit refuse_released=0 refuse_claimed=1 detach_waited=0
[ptrcolour][plain-load-heal] attempt=0 success=0 plain_skip=0
[  PASS  ] LoadHealDeliveryProduct.RemapYoungRootsResolvesRecoloursAndHealsSlot
[========] 45 tests: 45 passed, 0 failed
