# slot build0 acquired 2026-09-16T04:42:10+08:00
# kkk2_build_two lane=sym_cangjie_runtime_610_implement_r5687426297-b1 head=621527a116001cba926f563dd296c9616bc47d51 dirty_files=1 source_sha256=4ac8075a6f1c025a…
== default configure_rc=0 build_rc=2 wall=21s
-- first errors (default):
default-build.log:243:../../../../runtime/src/Heap/z/zMountPoint_linux.cpp:75:20: error: no member named 'push_back' in 'MapleRuntime::ZArray<char *>'
default-build.log:246:../../../../runtime/src/Heap/z/zMountPoint_linux.cpp:118:19: error: no member named 'size' in 'MapleRuntime::ZArray<char *>'
default-build.log:249:../../../../runtime/src/Heap/z/zMountPoint_linux.cpp:121:26: error: no member named 'size' in 'MapleRuntime::ZArray<char *>'
default-build.log:2377:../../../../runtime/src/Heap/z/zPageAllocator.cpp:84:13: error: use of undeclared identifier 'NumaTopology'
default-build.log:2383:../../../../runtime/src/Heap/z/zPageAllocator.cpp:723:55: error: call to implicitly-deleted copy constructor of 'const MapleRuntime::PageMemory'
default-build.log:2415:/usr/bin/../lib/gcc/x86_64-linux-gnu/11/../../../../include/c++/11/bits/std_function.h:439:4: error: static_assert failed due to requirement 'is_copy_constructible<(lambda at ../../../../runtime/sr
default-build.log:2424:/usr/bin/../lib/gcc/x86_64-linux-gnu/11/../../../../include/c++/11/bits/std_function.h:441:4: error: static_assert failed due to requirement 'is_constructible<(lambda at ../../../../runtime/src/Hea
default-build.log:2427:/usr/bin/../lib/gcc/x86_64-linux-gnu/11/../../../../include/c++/11/bits/std_function.h:161:14: error: call to implicitly-deleted copy constructor of '(lambda at ../../../../runtime/src/Heap/z/zPage
default-build.log:2454:/usr/bin/../lib/gcc/x86_64-linux-gnu/11/../../../../include/c++/11/bits/std_function.h:161:14: error: call to implicitly-deleted copy constructor of '(lambda at ../../../../runtime/src/Heap/z/zPage
-- SO (default):
5e25ea529f9a963956fe0c814058b4ddd5ab741bd39693b0ae73e406ffaab2b5  build/runtime-staging/lib/x86_64_Release/libcangjie-trace.so
f18a1393f84d56a455c71c0c28bf1752c1778af06c0648c1b7cffa91c585c883  build/runtime-staging/lib/x86_64_Release/libboundscheck.so
== testable configure_rc=0 build_rc=2 wall=21s
-- first errors (testable):
testable-build.log:245:../../../../runtime/src/Heap/z/zMountPoint_linux.cpp:75:20: error: no member named 'push_back' in 'MapleRuntime::ZArray<char *>'
testable-build.log:248:../../../../runtime/src/Heap/z/zMountPoint_linux.cpp:118:19: error: no member named 'size' in 'MapleRuntime::ZArray<char *>'
testable-build.log:251:../../../../runtime/src/Heap/z/zMountPoint_linux.cpp:121:26: error: no member named 'size' in 'MapleRuntime::ZArray<char *>'
testable-build.log:1477:../../../../runtime/src/Heap/z/zPageAllocator.cpp:84:13: error: use of undeclared identifier 'NumaTopology'
testable-build.log:1483:../../../../runtime/src/Heap/z/zPageAllocator.cpp:723:55: error: call to implicitly-deleted copy constructor of 'const MapleRuntime::PageMemory'
testable-build.log:1515:/usr/bin/../lib/gcc/x86_64-linux-gnu/11/../../../../include/c++/11/bits/std_function.h:439:4: error: static_assert failed due to requirement 'is_copy_constructible<(lambda at ../../../../runtime/s
testable-build.log:1524:/usr/bin/../lib/gcc/x86_64-linux-gnu/11/../../../../include/c++/11/bits/std_function.h:441:4: error: static_assert failed due to requirement 'is_constructible<(lambda at ../../../../runtime/src/He
testable-build.log:1527:/usr/bin/../lib/gcc/x86_64-linux-gnu/11/../../../../include/c++/11/bits/std_function.h:161:14: error: call to implicitly-deleted copy constructor of '(lambda at ../../../../runtime/src/Heap/z/zPag
testable-build.log:1554:/usr/bin/../lib/gcc/x86_64-linux-gnu/11/../../../../include/c++/11/bits/std_function.h:161:14: error: call to implicitly-deleted copy constructor of '(lambda at ../../../../runtime/src/Heap/z/zPag
-- SO (testable):
5e25ea529f9a963956fe0c814058b4ddd5ab741bd39693b0ae73e406ffaab2b5  build/runtime-staging/lib/x86_64_Release/libcangjie-trace.so
f18a1393f84d56a455c71c0c28bf1752c1778af06c0648c1b7cffa91c585c883  build/runtime-staging/lib/x86_64_Release/libboundscheck.so
-- logs: /root/sym_cangjie_runtime_610_implement_r5687426297-b1/{default,testable}-{configure,build}.log
