# slot test0 acquired 2026-09-16T05:27:31+08:00
JOINT arm=restored count=2 rc=0
SLOT_DOMAIN_ASSERT name=reservation.count actual=0x2 expected=0x2 pass=1
SLOT_DOMAIN_ASSERT name=heap_dyn.write actual=0x800000000a1510 expected=0x800000000a1510 pass=1
SLOT_DOMAIN_ASSERT name=heap_dyn.read actual=0x40000000050 expected=0x40000000050 pass=1
SLOT_DOMAIN_ASSERT name=heap_null.write actual=0x800000000a1510 expected=0x800000000a1510 pass=1
SLOT_DOMAIN_ASSERT name=heap_null.read actual=0x40000000050 expected=0x40000000050 pass=1
SLOT_DOMAIN_ASSERT name=hole.write actual=0x40000000050 expected=0x40000000050 pass=1
SLOT_DOMAIN_ASSERT name=hole.read actual=0x40000000050 expected=0x40000000050 pass=1
SLOT_DOMAIN_ASSERT name=global.write actual=0x800000000a1510 expected=0x800000000a1510 pass=1
SLOT_DOMAIN_ASSERT name=global.read actual=0x40000000050 expected=0x40000000050 pass=1
SLOT_DOMAIN_RESULT assertions=9 failures=0
JOINT arm=restored count=9 rc=0
SLOT_DOMAIN_ASSERT name=reservation.count actual=0x9 expected=0x9 pass=1
SLOT_DOMAIN_ASSERT name=heap_dyn.write actual=0x80000000001510 expected=0x80000000001510 pass=1
SLOT_DOMAIN_ASSERT name=heap_dyn.read actual=0x40000000000 expected=0x40000000000 pass=1
SLOT_DOMAIN_ASSERT name=heap_null.write actual=0x80000000001510 expected=0x80000000001510 pass=1
SLOT_DOMAIN_ASSERT name=heap_null.read actual=0x40000000000 expected=0x40000000000 pass=1
SLOT_DOMAIN_ASSERT name=hole.write actual=0x40000000000 expected=0x40000000000 pass=1
SLOT_DOMAIN_ASSERT name=hole.read actual=0x40000000000 expected=0x40000000000 pass=1
SLOT_DOMAIN_ASSERT name=global.write actual=0x80000000001510 expected=0x80000000001510 pass=1
SLOT_DOMAIN_ASSERT name=global.read actual=0x40000000000 expected=0x40000000000 pass=1
SLOT_DOMAIN_RESULT assertions=9 failures=0
