文件系统        大小  已用  可用 已用% 挂载点
/dev/nvme0n1p5  443G  419G  1.3G  100% /
 04:42:56 up 6 days,  4:51,  1 user,  load average: 50.72, 17.00, 8.10
drwxr-xr-x 17 root root 4096 Sep 16 00:02 /root/sym_cangjie_runtime_608_implement_r5683164869/abi-final-green/llvm-build
drwxr-xr-x 17 root root 4096 Sep 16 00:02 /root/sym_cangjie_runtime_608_implement_r5683164869/abi-final-restored/llvm-build
-rw-r--r-- 1 root root 25M Sep 16 00:03 /root/sym_cangjie_runtime_608_implement_r5683164869/abi-final-restored/llvm-build/lib/libLLVMCodeGen.a
build.rc
build.wall
launcher-interrupted.rc
llvm-build.log
llvm-configure.log
llvm.sha256
shared-completion.rc
shared-completion.wall
source-check.json
std-build.log
std-build.rc
std-build.wall
std-configure.log
std-inputs.sha256
std-install.json
std-products.txt
std-shared.log
std-shared.rc
std-targets.txt
std-uptime-after.txt
std-uptime-before.txt
std.sha256
uptime-after.txt
uptime-before.txt
