✅ evidence/730-cut-publish.diff :: runtime/src/Heap/z/zHeap.cpp
   ✅ 产品树文件 —— runtime/src/Heap/z/zHeap.cpp
   ✅ 文件在基线存在 —— 8cbac1ea8ef31dbaf5d49d3a1fe67300938ae74c:runtime/src/Heap/z/zHeap.cpp
   ✅ 被断开的行在基线逐字存在 —— 1 行全在基线
   ✅ 没有断在候选自己新增的行上 —— 无
   ⭐ 相位入口命中: alloc_page（所在函数）
✅ evidence/730-cut-consume.diff :: runtime/src/Heap/z/zPageAllocator.cpp
   ✅ 产品树文件 —— runtime/src/Heap/z/zPageAllocator.cpp
   ✅ 文件在基线存在 —— 8cbac1ea8ef31dbaf5d49d3a1fe67300938ae74c:runtime/src/Heap/z/zPageAllocator.cpp
   ✅ 被断开的行在基线逐字存在 —— 1 行全在基线
   ✅ 没有断在候选自己新增的行上 —— 无
✅ evidence/730-cut-tlab.diff :: runtime/src/Heap/z/zObjectAllocator.cpp
   ✅ 产品树文件 —— runtime/src/Heap/z/zObjectAllocator.cpp
   ✅ 文件在基线存在 —— 8cbac1ea8ef31dbaf5d49d3a1fe67300938ae74c:runtime/src/Heap/z/zObjectAllocator.cpp
   ✅ 被断开的行在基线逐字存在 —— 1 行全在基线
   ✅ 没有断在候选自己新增的行上 —— 无
✅ evidence/730-cut-fast.diff :: runtime/src/Heap/z/zPageAllocator.cpp
   ✅ 产品树文件 —— runtime/src/Heap/z/zPageAllocator.cpp
   ✅ 文件在基线存在 —— 8cbac1ea8ef31dbaf5d49d3a1fe67300938ae74c:runtime/src/Heap/z/zPageAllocator.cpp
   ✅ 被断开的行在基线逐字存在 —— 1 行全在基线
   ✅ 没有断在候选自己新增的行上 —— 无
✅ evidence/730-cut-segment.diff :: runtime/src/ObjectModel/MArray.inline.h
   ✅ 产品树文件 —— runtime/src/ObjectModel/MArray.inline.h
   ✅ 文件在基线存在 —— 8cbac1ea8ef31dbaf5d49d3a1fe67300938ae74c:runtime/src/ObjectModel/MArray.inline.h
   ✅ 被断开的行在基线逐字存在 —— 1 行全在基线
   ✅ 没有断在候选自己新增的行上 —— 无
✅ * :: *
   ✅ 至少一处断线落在真实相位入口函数 —— RunGarbageCollection, RequestGC, DoGarbageCollection, PushYoungObject, FindUselessExternObjects, Preforward, PostTrace, PublishMarkCoverage, ReclaimRetired, RehomeCompactedInPlaceRegion, TryAllocateForRelocation, SetRelocationRegion, ResolveCycleRef, ResolveCycleRefImpl, RouteOrCompactRegionImpl, PostResolveCycleTask, VerifyFaceEnabled, VerifyPhaseEnter, GCPhasePreForward, TransitionToGCPhaseExclusive, ForwardObjectImpl, ForwardObjectExclusive, RelocateObjectInner, TryMutatorRelocate, WaitForPageForwarding, RunCycle, Uncommit, VisitHeapRootSlots, WriteReference, RecordCrossGenEdge, ZeroAndFill, runtime/src/Heap/z/zStat.cpp:Sort, PublishForwardingCarrier, PrepareForwardableRegion, DoYoungGarbageCollection, DoTracing, ProcessOldNonStrongReferences, PostWriteReference, WaitForAck, ProcessDriverRequest, RequestGCAndWait, DrainStackWatermark, VisitRawObjects, NoteLargeArrayInitRootVisit, runtime/src/Heap/z/zMarkingSMR.cpp:free_node, runtime/src/Concurrency/CJThreadModel/CJThreadModel.cpp:MRT_TransitMutatorToExit, runtime/src/Loader/CjFileLoader/CjFileLoader.cpp:LibInit, runtime/src/Loader/CjFileLoader/CjFileLoader.cpp:UnloadLibrary, runtime/src/CangjieRuntimeApi.cpp:UnloadCJLibrary, runtime/src/Heap/z/workerThread.cpp:coordinator_distribute_task, runtime/src/Heap/z/zWorkers.cpp:run, runtime/src/Heap/z/zBarrier.cpp:store_barrier_on_heap_oop_field, alloc_page, concurrent_mark, select_relocation_set, GcPhaseEnum, flip_old_relocate_start, pause_relocate_start, free_page, relocate_or_remap_object, runtime/src/Heap/z/zGeneration.cpp:pause, runtime/src/Heap/z/zRootsIterator.cpp:Apply
⇒ 断线补丁合法
