sha256sum: /root/diff_56d880754889/testable/build/runtime-staging/lib/x86_64_Release/libcangjie-runtime.so: 没有那个文件或目录
cp: 对 '/root/diff_56d880754889/testable/build/runtime-staging/lib/x86_64_Release/libcangjie-runtime.so' 调用 stat 失败: 没有那个文件或目录
cp: 对 '/root/diff_56d880754889/testable/build/runtime-staging/lib/x86_64_Release/libboundscheck.so' 调用 stat 失败: 没有那个文件或目录
sha256sum: /root/sodepot//libcangjie-runtime.so: 没有那个文件或目录
sha256sum: /root/sodepot//libboundscheck.so: 没有那个文件或目录
strings: /root/sodepot//libcangjie-runtime.so：无此文件
nm: /root/sodepot//libcangjie-runtime.so：无此文件
consume	default	ObjectAllocatorPaths.FastMediumConsumesCachedActualSize	1	0
consume	default	ObjectAllocatorPaths.ManagedSizeRouting	1	0
fast	default	ObjectAllocatorPaths.FastMediumConsumesCachedActualSize	1	0
green	testable	AllocationStall.WaiterBlocksInSaferegion	127	0
green	testable	ObjectAllocatorPaths.FastMediumConsumesCachedActualSize	127	0
green	testable	ObjectAllocatorPaths.ManagedSizeRouting	127	0
green	testable	ObjectAllocatorPaths.TLABsShareSmallPage	127	0
green	testable	SegmentedArrayInit.EpochFlipRestartsAndRewritesPublishedBlock	127	0
green	testable	SegmentedArrayInit.SmallReferenceArrayKeepsFastPath	127	0
green	testable	SegmentedArrayInit.TwoGcPrimitiveInitializationDoesNotRestart	127	0
green	testable	SegmentedArrayInit.TwoGcReferenceInitializationRestartsOnlyOnce	127	0
green	testable	TLABUsage.BoundsAndDemand	127	0
publish	default	ObjectAllocatorPaths.FastMediumConsumesCachedActualSize	1	0
publish	default	ObjectAllocatorPaths.ManagedSizeRouting	1	0
segment	testable	SegmentedArrayInit.EpochFlipRestartsAndRewritesPublishedBlock	1	0
segment	testable	SegmentedArrayInit.TwoGcPrimitiveInitializationDoesNotRestart	1	0
segment	testable	SegmentedArrayInit.TwoGcReferenceInitializationRestartsOnlyOnce	1	0
tlab	default	ObjectAllocatorPaths.ManagedSizeRouting	1	0
RESULTS=/root/sym_cangjie_runtime_730_implement_r5746042754-red-evidence/results.tsv
