# kkk2_diff cand=56d880754889941f90c7f0e895b140adf97b6ea6 base=8cbac1ea8ef31dbaf5d49d3a1fe67300938ae74c 2026-09-20T07:57:02+08:00
# pinned runner sha256=4869bdf1370cd6f8f422e9274b69fb0505d69c0ece1b5f073ec3a898b2b13b08 path=kkk2:/root/diff_harness_708/4869bdf1370c/kkk2_managed.sh
# diff_8cbac1ea8ef3: 命中缓存
# diff_56d880754889: 构建两构型…
== default configure_rc=0 build_rc=0 wall=11s
== testable configure_rc=0 build_rc=0 wall=11s
# diff_56d880754889: 三臂+managed 并行…
365M
default rc=1 filler rc=1 testable rc=1 
# DIFF 56d880754889 vs 8cbac1ea8ef3

runner_sha256=4869bdf1370cd6f8f422e9274b69fb0505d69c0ece1b5f073ec3a898b2b13b08 path=kkk2:/root/diff_harness_708/4869bdf1370c/kkk2_managed.sh
cand_runner_sha256=4869bdf1370cd6f8f422e9274b69fb0505d69c0ece1b5f073ec3a898b2b13b08 base_runner_sha256=4869bdf1370cd6f8f422e9274b69fb0505d69c0ece1b5f073ec3a898b2b13b08
CANGJIE_HOME=/root/sdkdepot/90a09c15ba02-fa13e8d5c17b
H48=/root/sym_cjcj_48_implement_r5685150408/host/runtime/lib/linux_x86_64_cjnative
stained=/root/diff_56d880754889/default/build/runtime-staging/lib/x86_64_Release

## default: status=ran · cand rc=1 failed=60 · base rc=1 failed=60 · common=59 · CAND-ONLY=1 BASE-ONLY=1 · 阳性对照=sets differ
- CAND-ONLY ZPageGranule.MutatorAllocatesThreePageSizes
- base-only RegionRetirement.CompactInPlaceLeavesRegionOnAListACollectorWalks
## filler: status=ran · cand rc=1 failed=60 · base rc=1 failed=60 · common=59 · CAND-ONLY=1 BASE-ONLY=1 · 阳性对照=sets differ
- CAND-ONLY ZPageGranule.MutatorAllocatesThreePageSizes
- base-only RegionRetirement.CompactInPlaceLeavesRegionOnAListACollectorWalks
## testable: status=ran · cand rc=1 failed=94 · base rc=1 failed=101 · common=93 · CAND-ONLY=1 BASE-ONLY=8 · 阳性对照=sets differ
- CAND-ONLY ZPageGranule.MutatorAllocatesThreePageSizes
- base-only MarkAllocation.LargeHolderAndNewTargetAreImplicitlyLive
- base-only MarkAllocation.LargeHolderKeepsRootedExistingTargetLive
- base-only RegionRetirement.CompactInPlaceLeavesRegionOnAListACollectorWalks
- base-only SegmentedArrayInit.EpochFlipRestartsAndRewritesPublishedBlock
- base-only SegmentedArrayInit.EpochFlipRestartsAndRewritesPublishedBlockParallel
- base-only SegmentedArrayInit.YoungGcRepairsIncompleteArrayRoot
- base-only SegmentedArrayInit.YoungGcRepairsIncompleteArrayRootParallel
- base-only SegmentedArrayInit.YoungGcWatermarkResidualFallbackIsUnreachable
## managed: status=ran · cand rc=0 failed=1 · base rc=0 failed=0 · common=0 · CAND-ONLY=1 BASE-ONLY=0 · 阳性对照=sets differ
- CAND-ONLY stained/segmented
# 产物: /root/cj_build/reports/DIFF-56d880754889-vs-8cbac1ea8ef3.{json,md}  原始名单: /root/cj_build/agent_scratch/diffout/56d880754889-vs-8cbac1ea8ef3/{cand,base}.txt  kkk2: /root/diff_56d880754889 /root/diff_8cbac1ea8ef3
