# kkk2_diff cand=30ca42f85bcf5f6ae34a702c0f1b06c890ee17f3 base=ed74b464efc257cc884efd94d5ee923a970b6eab 2026-09-23T07:43:19+08:00
# pinned runner sha256=3146928c762478be16ec3082cb756752e4eb0a858edcb7e432b17e000c44a1ad path=kkk2:/root/diff_harness_708/3146928c7624/kkk2_managed.sh
# diff_ed74b464efc2: 命中缓存
# diff_30ca42f85bcf: 构建两构型…
== default configure_rc=0 build_rc=0 wall=27s
== testable configure_rc=0 build_rc=0 wall=26s
# diff_30ca42f85bcf: 三臂+managed 并行…
348M
default rc=0 filler rc=0 testable rc=1 
# DIFF 30ca42f85bcf vs ed74b464efc2

runner_sha256=3146928c762478be16ec3082cb756752e4eb0a858edcb7e432b17e000c44a1ad path=kkk2:/root/diff_harness_708/3146928c7624/kkk2_managed.sh
cand_runner_sha256=3146928c762478be16ec3082cb756752e4eb0a858edcb7e432b17e000c44a1ad base_runner_sha256=3146928c762478be16ec3082cb756752e4eb0a858edcb7e432b17e000c44a1ad
CANGJIE_HOME=/root/sdkdepot/b99430a618af-1ecb811801ca
H48=/root/sym_cjcj_48_implement_r5685150408/host/runtime/lib/linux_x86_64_cjnative
stained=/root/diff_30ca42f85bcf/default/build/runtime-staging/lib/x86_64_Release

## default: status=ran · cand rc=0 failed=0 · base rc=0 failed=0 · common=0 · CAND-ONLY=0 BASE-ONLY=0 · 阳性对照=both empty
## filler: status=ran · cand rc=0 failed=0 · base rc=0 failed=0 · common=0 · CAND-ONLY=0 BASE-ONLY=0 · 阳性对照=both empty
## testable: status=ran · cand rc=1 failed=2 · base rc=1 failed=2 · common=2 · CAND-ONLY=0 BASE-ONLY=0 · 阳性对照=identical sets
## managed: status=ran · cand rc=0 failed=0 · base rc=0 failed=0 · common=0 · CAND-ONLY=0 BASE-ONLY=0 · 阳性对照=both empty
# 产物: /root/cj_build/reports/DIFF-30ca42f85bcf-vs-ed74b464efc2.{json,md}  原始名单: /root/cj_build/agent_scratch/diffout/30ca42f85bcf-vs-ed74b464efc2/{cand,base}.txt  kkk2: /root/diff_30ca42f85bcf /root/diff_ed74b464efc2
