[  RUN   ] SegmentedArrayInit.EpochFlipRestartsAndRewritesPublishedBlock
[  RUN   ] SegmentedArrayInit.EpochFlipRestartsAndRewritesPublishedBlock
2026-09-01 21:00:30.902302 2444552 E [FWDTABLE] armed base=0x7c0418000000 size=33554432 unit=4096 entries=8192
2026-09-01 21:00:30.904418 2444555 E [ZCOLOR2][mark-mask-flip] generation=young count=1 g_cjMarkBadMask=0x9e000000000000 g_cjStoreBadMask=0x19e000000000000
2026-09-01 21:00:30.904742 2444555 E [WHODEAD][oldseed] youngHolders=1 oldSeeded=0 painted=0 stack=0 collect=0
2026-09-01 21:00:30.904817 2444555 E [ZCOLOR2][mark-mask-flip] generation=old count=1 g_cjMarkBadMask=0x5e000000000000
2026-09-01 21:00:30.904961 2444555 E [GCV2][epoch-handshake] source=pre-major-stack epoch=1 requested=1 acked=1 acked_twice=0 self=0 gc_assisted=1 starting=0 running=1 parked=0 exiting=0 deferred_create=0 born_clean=0 exit_transition=0 destroy_deferred=0 stw_calls=0 stack_scanned=1 stack_fallback=0 stack_frames=0 wlock_us=0 timeout_ms=30000 epoch_handshake=required stack_scan=required
2026-09-01 21:00:30.905170 2444555 E [WHODEAD][oldseed] post-assemble pushed=0 stack=0 from=0
2026-09-01 21:00:30.905334 2444555 E [GCV2][garbregion] armed first n=1 census=0
[GCV2][garbregion][collect] n=1 region=0x7c0417ffff10 start=0x7c0418000000 alloc=0x7c0418020018 type=12 route=0 routeGen=1 young=0 large=1 live=0 auth=1 knownEmpty=1 neverExamined=1 liveinfo=(nil) faceEp=0 snapEp=2 bitmap=(nil) cls=large_unmarked slots=0 markedH=0 unmarkedH=0 youngH=0 oldH=0 join=0 gc=1 where=none
2026-09-01 21:00:30.905442 2444555 E [GhostRetention] retained_regions=0 retained_bytes=0
2026-09-01 21:00:30.905537 2444555 E [A8REMAP] remset seen=0 coloured=0 remapped=0 doubleBad=0 static seen=0 coloured=0 remapped=0 doubleBad=0 stack seen=1 coloured=0 remapped=0 other seen=2 coloured=0 remapped=0 doubleBad=0 flipSeq=2
2026-09-01 21:00:30.907601 2444555 E [WHODEAD][oldseed] youngHolders=1 oldSeeded=0 painted=0 stack=0 collect=0
2026-09-01 21:00:30.907747 2444555 E [GCV2][epoch-handshake] source=pre-major-stack epoch=2 requested=2 acked=2 acked_twice=0 self=0 gc_assisted=2 starting=0 running=2 parked=0 exiting=0 deferred_create=0 born_clean=0 exit_transition=0 destroy_deferred=0 stw_calls=0 stack_scanned=1 stack_fallback=1 stack_frames=0 wlock_us=0 timeout_ms=30000 epoch_handshake=required stack_scan=required
2026-09-01 21:00:30.907926 2444555 E [WHODEAD][oldseed] post-assemble pushed=0 stack=1 from=0
2026-09-01 21:00:30.908097 2444555 E [GhostRetention] retained_regions=0 retained_bytes=0
2026-09-01 21:00:30.908180 2444555 E [A8REMAP] remset seen=0 coloured=0 remapped=0 doubleBad=0 static seen=0 coloured=0 remapped=0 doubleBad=0 stack seen=3 coloured=0 remapped=0 other seen=2 coloured=0 remapped=0 doubleBad=0 flipSeq=6
[SEGMENTED_ARRAY_CASE] mode=2 status=1 failures=0 dirty=1 dirty_addr=0x7c0418000000 array=0x7c0418000000 publish=1 yield=4 first=2 withdraw=1 requested_gc=1 gc_before=2 gc_after=4 moved=0 root_sites=0x84 null=1
[  FAIL  ] SegmentedArrayInit.EpochFlipRestartsAndRewritesPublishedBlock
  /root/impl_gcunit3-aa48-run/runtime/tests/gc_unit/test_segmented_array_init.cpp:572: EXPECT_EQ failed: RunRuntimeCase(RunSegmentedCase, static_cast<uintptr_t>(YieldGc::FULL)) (==1) vs 0 (==0)
[GCV2][detach-check] phase=enforce site=collect_from_garbage checks=0 evidence=0 blocked=0 active_table=0 retired_table=0 route_dest_held=0 fwd_positive=0 fwd_readers=0 fwd_claimed=0 fwd_released=0 copy_inflight=0
[GCV2][detach-check] phase=enforce site=take_garbage checks=0 evidence=0 blocked=0 active_table=0 retired_table=0 route_dest_held=0 fwd_positive=0 fwd_readers=0 fwd_claimed=0 fwd_released=0 copy_inflight=0
[GCV2][detach-check] phase=enforce site=take_after_dispel checks=0 evidence=0 blocked=0 active_table=0 retired_table=0 route_dest_held=0 fwd_positive=0 fwd_readers=0 fwd_claimed=0 fwd_released=0 copy_inflight=0
[GCV2][detach-check] phase=enforce site=reclaim_dirty checks=0 evidence=0 blocked=0 active_table=0 retired_table=0 route_dest_held=0 fwd_positive=0 fwd_readers=0 fwd_claimed=0 fwd_released=0 copy_inflight=0
[GCV2][detach-check] phase=enforce site=reclaim_mark_quarantine checks=0 evidence=0 blocked=0 active_table=0 retired_table=0 route_dest_held=0 fwd_positive=0 fwd_readers=0 fwd_claimed=0 fwd_released=0 copy_inflight=0
[GCV2][detach-check] phase=enforce site=release_region checks=0 evidence=0 blocked=0 active_table=0 retired_table=0 route_dest_held=0 fwd_positive=0 fwd_readers=0 fwd_claimed=0 fwd_released=0 copy_inflight=0
[GCV2][detach-check] phase=enforce site=release_garbage_units checks=0 evidence=0 blocked=0 active_table=0 retired_table=0 route_dest_held=0 fwd_positive=0 fwd_readers=0 fwd_claimed=0 fwd_released=0 copy_inflight=0
[GCV2][detach-check] phase=enforce site=take_garbage_reuse checks=0 evidence=0 blocked=0 active_table=0 retired_table=0 route_dest_held=0 fwd_positive=0 fwd_readers=0 fwd_claimed=0 fwd_released=0 copy_inflight=0
[GCV2][detach-check] phase=enforce site=take_dirty_reuse checks=0 evidence=0 blocked=0 active_table=0 retired_table=0 route_dest_held=0 fwd_positive=0 fwd_readers=0 fwd_claimed=0 fwd_released=0 copy_inflight=0
[GCV2][detach-check] phase=enforce site=take_released_reuse checks=0 evidence=0 blocked=0 active_table=0 retired_table=0 route_dest_held=0 fwd_positive=0 fwd_readers=0 fwd_claimed=0 fwd_released=0 copy_inflight=0
[GCV2][detach-check] phase=enforce site=clear_units checks=0 evidence=0 blocked=0 active_table=0 retired_table=0 route_dest_held=0 fwd_positive=0 fwd_readers=0 fwd_claimed=0 fwd_released=0 copy_inflight=0
[GCV2][detach-check] phase=enforce site=release_units checks=0 evidence=0 blocked=0 active_table=0 retired_table=0 route_dest_held=0 fwd_positive=0 fwd_readers=0 fwd_claimed=0 fwd_released=0 copy_inflight=0
[GCV2][detach-check] phase=enforce site=init_free_units checks=0 evidence=0 blocked=0 active_table=0 retired_table=0 route_dest_held=0 fwd_positive=0 fwd_readers=0 fwd_claimed=0 fwd_released=0 copy_inflight=0
[GCV2][detach-check] phase=enforce site=init_region_info checks=0 evidence=0 blocked=0 active_table=0 retired_table=0 route_dest_held=0 fwd_positive=0 fwd_readers=0 fwd_claimed=0 fwd_released=0 copy_inflight=0
[GCV2][detach-check] phase=enforce site=major_recheck checks=0 evidence=0 blocked=0 active_table=0 retired_table=0 route_dest_held=0 fwd_positive=0 fwd_readers=0 fwd_claimed=0 fwd_released=0 copy_inflight=0
[GCV2][detach-quarantine] gate=1 admitted=0 released=0 recheck_held=0 peak_entries=0 max_entries=65536 max_rechecks=8
[GCV2][zlife] atexit refuse_released=0 refuse_claimed=0 detach_waited=0
[ptrcolour][plain-load-heal] attempt=0 success=0 plain_skip=0
[GCV2][detach-check] phase=enforce site=collect_from_garbage checks=0 evidence=0 blocked=0 active_table=0 retired_table=0 route_dest_held=0 fwd_positive=0 fwd_readers=0 fwd_claimed=0 fwd_released=0 copy_inflight=0
[GCV2][detach-check] phase=enforce site=take_garbage checks=0 evidence=0 blocked=0 active_table=0 retired_table=0 route_dest_held=0 fwd_positive=0 fwd_readers=0 fwd_claimed=0 fwd_released=0 copy_inflight=0
[GCV2][detach-check] phase=enforce site=take_after_dispel checks=0 evidence=0 blocked=0 active_table=0 retired_table=0 route_dest_held=0 fwd_positive=0 fwd_readers=0 fwd_claimed=0 fwd_released=0 copy_inflight=0
[GCV2][detach-check] phase=enforce site=reclaim_dirty checks=0 evidence=0 blocked=0 active_table=0 retired_table=0 route_dest_held=0 fwd_positive=0 fwd_readers=0 fwd_claimed=0 fwd_released=0 copy_inflight=0
[GCV2][detach-check] phase=enforce site=reclaim_mark_quarantine checks=0 evidence=0 blocked=0 active_table=0 retired_table=0 route_dest_held=0 fwd_positive=0 fwd_readers=0 fwd_claimed=0 fwd_released=0 copy_inflight=0
[GCV2][detach-check] phase=enforce site=release_region checks=0 evidence=0 blocked=0 active_table=0 retired_table=0 route_dest_held=0 fwd_positive=0 fwd_readers=0 fwd_claimed=0 fwd_released=0 copy_inflight=0
[GCV2][detach-check] phase=enforce site=release_garbage_units checks=0 evidence=0 blocked=0 active_table=0 retired_table=0 route_dest_held=0 fwd_positive=0 fwd_readers=0 fwd_claimed=0 fwd_released=0 copy_inflight=0
[GCV2][detach-check] phase=enforce site=take_garbage_reuse checks=0 evidence=0 blocked=0 active_table=0 retired_table=0 route_dest_held=0 fwd_positive=0 fwd_readers=0 fwd_claimed=0 fwd_released=0 copy_inflight=0
[GCV2][detach-check] phase=enforce site=take_dirty_reuse checks=0 evidence=0 blocked=0 active_table=0 retired_table=0 route_dest_held=0 fwd_positive=0 fwd_readers=0 fwd_claimed=0 fwd_released=0 copy_inflight=0
[GCV2][detach-check] phase=enforce site=take_released_reuse checks=0 evidence=0 blocked=0 active_table=0 retired_table=0 route_dest_held=0 fwd_positive=0 fwd_readers=0 fwd_claimed=0 fwd_released=0 copy_inflight=0
[GCV2][detach-check] phase=enforce site=clear_units checks=0 evidence=0 blocked=0 active_table=0 retired_table=0 route_dest_held=0 fwd_positive=0 fwd_readers=0 fwd_claimed=0 fwd_released=0 copy_inflight=0
[GCV2][detach-check] phase=enforce site=release_units checks=0 evidence=0 blocked=0 active_table=0 retired_table=0 route_dest_held=0 fwd_positive=0 fwd_readers=0 fwd_claimed=0 fwd_released=0 copy_inflight=0
[GCV2][detach-check] phase=enforce site=init_free_units checks=0 evidence=0 blocked=0 active_table=0 retired_table=0 route_dest_held=0 fwd_positive=0 fwd_readers=0 fwd_claimed=0 fwd_released=0 copy_inflight=0
[GCV2][detach-check] phase=enforce site=init_region_info checks=0 evidence=0 blocked=0 active_table=0 retired_table=0 route_dest_held=0 fwd_positive=0 fwd_readers=0 fwd_claimed=0 fwd_released=0 copy_inflight=0
[GCV2][detach-check] phase=enforce site=major_recheck checks=0 evidence=0 blocked=0 active_table=0 retired_table=0 route_dest_held=0 fwd_positive=0 fwd_readers=0 fwd_claimed=0 fwd_released=0 copy_inflight=0
[GCV2][detach-quarantine] gate=1 admitted=0 released=0 recheck_held=0 peak_entries=0 max_entries=65536 max_rechecks=8
[GCV2][zlife] atexit refuse_released=0 refuse_claimed=0 detach_waited=0
[ptrcolour][plain-load-heal] attempt=0 success=0 plain_skip=0
[  FAIL  ] SegmentedArrayInit.EpochFlipRestartsAndRewritesPublishedBlock
  other-vm child did not exit cleanly with sentinel for SegmentedArrayInit.EpochFlipRestartsAndRewritesPublishedBlock
[========] 1 tests: 0 passed, 1 failed
