/root/impl_gcunit3-aa48-run/runtime/tests/gc_unit/run_segmented_array_managed.sh: 第 74 行： 3327770 已中止               LD_LIBRARY_PATH="$RUNTIME_LIB_DIR:$SDK_RUNTIME${LD_LIBRARY_PATH:+:$LD_LIBRARY_PATH}" MRT_GC_UNIT_MANAGED_SEGMENTED=young MRT_LOG_LEVEL=e cjGCInterval=3600s cjHeapSize=64MB timeout 60s "$BIN" > "$YOUNG_LOG" 2>&1
SEGMENTED_ARRAY_MANAGED_FAIL mode=young rc=134 branch=0 done=0
2026-09-02 03:00:49.581523 3327771 E [FWDTABLE] armed base=0x79740d200000 size=67108864 unit=4096 entries=16384
2026-09-02 03:00:49.584065 3327773 E [ZCOLOR2][mark-mask-flip] generation=young count=1 g_cjMarkBadMask=0x9e000000000000 g_cjStoreBadMask=0x19e000000000000
2026-09-02 03:00:49.584186 3327773 E [GCV2][epoch-handshake] source=pre-minor-stack epoch=1 requested=1 acked=1 acked_twice=0 self=0 gc_assisted=1 starting=0 running=1 parked=0 exiting=0 deferred_create=0 born_clean=0 exit_transition=0 destroy_deferred=0 stw_calls=0 stack_scanned=1 stack_fallback=0 stack_frames=6 wlock_us=1 timeout_ms=30000 epoch_handshake=required stack_scan=required
2026-09-02 03:00:49.584231 3327773 E [GCV2][stack-scan-fallback] epoch=1 concurrent_done=1 stw_fallback=0 stack_scan=required
2026-09-02 03:00:49.584424 3327773 E [GhostRetention] retained_regions=0 retained_bytes=0
2026-09-02 03:00:49.584431 3327773 E [ENROLTIME] afterFlip=0 n=1 phase=12 before=1 after=0
2026-09-02 03:00:49.584440 3327773 E [FLIPORDER] young flip arm=after-fromspace
2026-09-02 03:00:49.584492 3327773 E [GCV2][mutrelo] attempt n=1 retain=0
2026-09-02 03:00:49.584496 3327773 E [GCV2][mutrelo] attempt n=2 retain=1
2026-09-02 03:00:49.584499 3327773 E [GCV2][mutrelo] attempt n=3 retain=2
2026-09-02 03:00:49.584503 3327773 E [GCV2][mutrelo] attempt n=4 retain=3
2026-09-02 03:00:49.584506 3327773 E [GCV2][mutrelo] attempt n=5 retain=4
2026-09-02 03:00:49.584509 3327773 E [GCV2][mutrelo] attempt n=6 retain=5
2026-09-02 03:00:49.584512 3327773 E [GCV2][mutrelo] attempt n=7 retain=6
2026-09-02 03:00:49.584516 3327773 E [GCV2][mutrelo] attempt n=8 retain=7
2026-09-02 03:00:49.584578 3327773 E [COLOURWHO] armed first sc=0
2026-09-02 03:00:49.584596 3327773 E [GCV2][expire-kept] n=1 bytes=65536
2026-09-02 03:00:49.584612 3327773 E [GhostRetention] retained_regions=0 retained_bytes=0
2026-09-02 03:00:49.584705 3327771 F Check failed: (sites & required) == required
2026-09-02 03:00:49.584714 3327771 F language-level segmented-array GC missed managed root consumer: required=0xaa actual=0xa8
3327771 E CJNative Handle signal: 6.
3327771 E signal SIGABRT (6) pc=0x7974156969bc fa=0x32c71b si_addr=0x32c71b
[GCLOG] v=3 rec=crash seq=0 signo=6 signame=SIGABRT si_code=-6 si_codename=SI_TKILL si_addr=0x32c71b pc=0x7974156969bc pc_mod=libc.so.6 pc_off=0x969bc sym=pthread_kill rbp=0x32c71b gc_phase=reclaim_satb_phase gc_kind=active in_par_fix=0 regs=rax=0x0,rbx=0x797421b08980,rcx=0x7974156969bc,rdx=0x6,rsi=0x32c71b,rdi=0x32c71b,rbp=0x32c71b,rsp=0x797415488800,r8=0x7974154888d0,r9=0x7f,r10=0x8,r11=0x246,r12=0x6,r13=0x16,r14=0x797415488ae0,r15=0x797415d20598,rip=0x7974156969bc insn=4189c541f7dd3d00f0ffffb800000000 assert=language-level_segmented-array_GC_missed_managed_root_consumer:_required=0xaa_actual=0xa8
[GCV2][whozero] CRASH-SCAN hits=0 ring=0 n=0 r13=0x16 rcx=0x7974156969bc rsi=0x32c71b rbx=0x797421b08980 r12=0x6
