# kkk2_build_two lane=sym_cangjie_runtime_606_implement_r5673376405-mark head=c3973505c171aa7e72095c3357ffd57f56156707 dirty_files=23 source_sha256=2e3443658e3d0499…
mux_client_request_session: session request failed: Session open refused by peer
ControlSocket /tmp/audit/cm/root@121.43.126.198:7001 already exists, disabling multiplexing
== default configure_rc=0 build_rc=2 wall=65s
-- first errors (default):
default-build.log:2113:../../../../runtime/src/Heap/z/zPage.inline.hpp:1909:34: error: redefinition of 'generation_id'
default-build.log:2122:../../../../runtime/src/Heap/z/zPage.inline.hpp:1920:31: error: redefinition of 'GetOwnerGeneration'
default-build.log:2131:../../../../runtime/src/Heap/z/zPage.inline.hpp:1927:25: error: redefinition of 'IsYoungRegion'
default-build.log:2140:../../../../runtime/src/Heap/z/zPage.inline.hpp:1934:29: error: redefinition of 'GetRegionStart'
default-build.log:2149:../../../../runtime/src/Heap/z/zPage.inline.hpp:1938:29: error: redefinition of 'GetRegionEnd'
default-build.log:2158:../../../../runtime/src/Heap/z/zPage.inline.hpp:1942:29: error: redefinition of 'GetRegionAllocPtr'
default-build.log:2167:../../../../runtime/src/Heap/z/zPage.inline.hpp:1946:25: error: redefinition of 'IsSmallRegion'
default-build.log:2176:../../../../runtime/src/Heap/z/zPage.inline.hpp:1950:25: error: redefinition of 'IsLargeRegion'
-- SO (default):
5e25ea529f9a963956fe0c814058b4ddd5ab741bd39693b0ae73e406ffaab2b5  build/runtime-staging/lib/x86_64_Release/libcangjie-trace.so
f18a1393f84d56a455c71c0c28bf1752c1778af06c0648c1b7cffa91c585c883  build/runtime-staging/lib/x86_64_Release/libboundscheck.so
== testable configure_rc=0 build_rc=2 wall=66s
-- first errors (testable):
testable-build.log:2350:../../../../runtime/src/Heap/z/zPage.inline.hpp:1909:34: error: redefinition of 'generation_id'
testable-build.log:2359:../../../../runtime/src/Heap/z/zPage.inline.hpp:1920:31: error: redefinition of 'GetOwnerGeneration'
testable-build.log:2368:../../../../runtime/src/Heap/z/zPage.inline.hpp:1927:25: error: redefinition of 'IsYoungRegion'
testable-build.log:2377:../../../../runtime/src/Heap/z/zPage.inline.hpp:1934:29: error: redefinition of 'GetRegionStart'
testable-build.log:2386:../../../../runtime/src/Heap/z/zPage.inline.hpp:1938:29: error: redefinition of 'GetRegionEnd'
testable-build.log:2395:../../../../runtime/src/Heap/z/zPage.inline.hpp:1942:29: error: redefinition of 'GetRegionAllocPtr'
testable-build.log:2404:../../../../runtime/src/Heap/z/zPage.inline.hpp:1946:25: error: redefinition of 'IsSmallRegion'
testable-build.log:2413:../../../../runtime/src/Heap/z/zPage.inline.hpp:1950:25: error: redefinition of 'IsLargeRegion'
-- SO (testable):
5e25ea529f9a963956fe0c814058b4ddd5ab741bd39693b0ae73e406ffaab2b5  build/runtime-staging/lib/x86_64_Release/libcangjie-trace.so
f18a1393f84d56a455c71c0c28bf1752c1778af06c0648c1b7cffa91c585c883  build/runtime-staging/lib/x86_64_Release/libboundscheck.so
-- logs: /root/sym_cangjie_runtime_606_implement_r5673376405-mark/{default,testable}-{configure,build}.log
