-- The C compiler identification is Clang 14.0.0
-- The CXX compiler identification is Clang 14.0.0
-- The ASM compiler identification is Clang with GNU-like command-line
-- Found assembler: /usr/lib/ccache/clang
-- Detecting C compiler ABI info
-- Detecting C compiler ABI info - done
-- Check for working C compiler: /usr/lib/ccache/clang - skipped
-- Detecting C compile features
-- Detecting C compile features - done
-- Detecting CXX compiler ABI info
-- Detecting CXX compiler ABI info - done
-- Check for working CXX compiler: /usr/lib/ccache/clang++ - skipped
-- Detecting CXX compile features
-- Detecting CXX compile features - done
-- Using compiler cache: /usr/bin/ccache
-- install path: /root/sym_cangjie_runtime_1305_implement_r5892797534/ohos/install
-- DOPRA_FLAG : 1
-- COV : 0
-- ASAN_FLAG : 0
-- HWASAN_FLAG : 0
-- OHOS_FLAG : 0
-- WINDOWS_FLAG : 0
-- ANDROID_FLAG : 0
-- MACOS_FLAG : 0
-- IOS_FLAG : 0
-- IOS_SIMULATOR_FLAG : 0
-- GLOBAL_EXPORT_FLAG : 1
-- ASAN_SUPPORT_FLAG : 0
-- TSAN_SUPPORT_FLAG : 0
-- HWASAN_SUPPORT_FLAG : 0
-- GWPASAN_SUPPORT_FLAG : 1
-- SANITIZER_SUPPORT_FLAG : 0
-- CMAKE_HOST_SYSTEM_PROCESSOR : x86_64
-- cmake_host_system_processor : x86_64
-- HOST_SYSTEM_NAME is not set. Use pre-installed clang.
-- Found LLVM 
-- System: Linux
-- Host processor:x86_64
-- CMAKE_AR : ar
CMake Error at build/cmake/CheckOHOSHostLibraries.cmake:36 (message):
  OHOS-host loader self-check failed (rc=1):

  OHOS_HOST_LIBRARY_MISSING libc.so: /lib/x86_64-linux-gnu/libc.so: invalid
  ELF header

  

  Provide the host runtime shims in LD_LIBRARY_PATH before configuring.
Call Stack (most recent call first):
  config.cmake:501 (cj_check_ohos_host_libraries)
  CMakeLists.txt:107 (include)


-- Configuring incomplete, errors occurred!
See also "/root/sym_cangjie_runtime_1305_implement_r5892797534/ohos/build/CMakeFiles/CMakeOutput.log".
See also "/root/sym_cangjie_runtime_1305_implement_r5892797534/ohos/build/CMakeFiles/CMakeError.log".
